<?xml version="1.0" encoding="ISO-8859-1" ?>
<link_info>
   <banner>MSP430 Linker PC v21.6.1.LTS</banner>
   <copyright>Copyright (c) 2003-2018 Texas Instruments Incorporated</copyright>
   <link_time>0x6792ef88</link_time>
   <link_errors>0x0</link_errors>
   <output_file>lukitesting_V06.out</output_file>
   <entry_point>
      <name>_c_int00_noargs</name>
      <address>0xd334</address>
   </entry_point>
   <input_file_list>
      <input_file id="fl-2">
         <path>.\</path>
         <kind>object</kind>
         <file>drv_adc10.obj</file>
         <name>drv_adc10.obj</name>
      </input_file>
      <input_file id="fl-3">
         <path>.\</path>
         <kind>object</kind>
         <file>drv_eeprom.obj</file>
         <name>drv_eeprom.obj</name>
      </input_file>
      <input_file id="fl-4">
         <path>.\</path>
         <kind>object</kind>
         <file>drv_i2c.obj</file>
         <name>drv_i2c.obj</name>
      </input_file>
      <input_file id="fl-5">
         <path>.\</path>
         <kind>object</kind>
         <file>drv_pwm.obj</file>
         <name>drv_pwm.obj</name>
      </input_file>
      <input_file id="fl-6">
         <path>.\</path>
         <kind>object</kind>
         <file>drv_serial_comm.obj</file>
         <name>drv_serial_comm.obj</name>
      </input_file>
      <input_file id="fl-7">
         <path>.\</path>
         <kind>object</kind>
         <file>drv_sw.obj</file>
         <name>drv_sw.obj</name>
      </input_file>
      <input_file id="fl-8">
         <path>.\</path>
         <kind>object</kind>
         <file>drv_uart.obj</file>
         <name>drv_uart.obj</name>
      </input_file>
      <input_file id="fl-9">
         <path>.\</path>
         <kind>object</kind>
         <file>gpio.obj</file>
         <name>gpio.obj</name>
      </input_file>
      <input_file id="fl-a">
         <path>.\</path>
         <kind>object</kind>
         <file>main.obj</file>
         <name>main.obj</name>
      </input_file>
      <input_file id="fl-b">
         <path>.\</path>
         <kind>object</kind>
         <file>protocols.obj</file>
         <name>protocols.obj</name>
      </input_file>
      <input_file id="fl-c">
         <path>.\</path>
         <kind>object</kind>
         <file>system.obj</file>
         <name>system.obj</name>
      </input_file>
      <input_file id="fl-d">
         <path>.\</path>
         <kind>object</kind>
         <file>timer.obj</file>
         <name>timer.obj</name>
      </input_file>
      <input_file id="fl-e">
         <path>.\</path>
         <kind>object</kind>
         <file>utils.obj</file>
         <name>utils.obj</name>
      </input_file>
      <input_file id="fl-13">
         <kind>object</kind>
         <file>&lt;internal&gt;</file>
         <name>&lt;internal&gt;</name>
      </input_file>
      <input_file id="fl-29">
         <path>C:\ti\ccs2001\ccs\tools\compiler\ti-cgt-msp430_21.6.1.LTS\lib\</path>
         <kind>archive</kind>
         <file>rts430_eabi.lib</file>
         <name>asr16.asm.obj</name>
      </input_file>
      <input_file id="fl-2a">
         <path>C:\ti\ccs2001\ccs\tools\compiler\ti-cgt-msp430_21.6.1.LTS\lib\</path>
         <kind>archive</kind>
         <file>rts430_eabi.lib</file>
         <name>div16s.asm.obj</name>
      </input_file>
      <input_file id="fl-2b">
         <path>C:\ti\ccs2001\ccs\tools\compiler\ti-cgt-msp430_21.6.1.LTS\lib\</path>
         <kind>archive</kind>
         <file>rts430_eabi.lib</file>
         <name>div16u.asm.obj</name>
      </input_file>
      <input_file id="fl-2c">
         <path>C:\ti\ccs2001\ccs\tools\compiler\ti-cgt-msp430_21.6.1.LTS\lib\</path>
         <kind>archive</kind>
         <file>rts430_eabi.lib</file>
         <name>epilog.asm.obj</name>
      </input_file>
      <input_file id="fl-2d">
         <path>C:\ti\ccs2001\ccs\tools\compiler\ti-cgt-msp430_21.6.1.LTS\lib\</path>
         <kind>archive</kind>
         <file>rts430_eabi.lib</file>
         <name>fs_add.asm.obj</name>
      </input_file>
      <input_file id="fl-2e">
         <path>C:\ti\ccs2001\ccs\tools\compiler\ti-cgt-msp430_21.6.1.LTS\lib\</path>
         <kind>archive</kind>
         <file>rts430_eabi.lib</file>
         <name>fs_cmp.asm.obj</name>
      </input_file>
      <input_file id="fl-2f">
         <path>C:\ti\ccs2001\ccs\tools\compiler\ti-cgt-msp430_21.6.1.LTS\lib\</path>
         <kind>archive</kind>
         <file>rts430_eabi.lib</file>
         <name>fs_div.asm.obj</name>
      </input_file>
      <input_file id="fl-30">
         <path>C:\ti\ccs2001\ccs\tools\compiler\ti-cgt-msp430_21.6.1.LTS\lib\</path>
         <kind>archive</kind>
         <file>rts430_eabi.lib</file>
         <name>fs_itof.asm.obj</name>
      </input_file>
      <input_file id="fl-31">
         <path>C:\ti\ccs2001\ccs\tools\compiler\ti-cgt-msp430_21.6.1.LTS\lib\</path>
         <kind>archive</kind>
         <file>rts430_eabi.lib</file>
         <name>fs_mpy.asm.obj</name>
      </input_file>
      <input_file id="fl-32">
         <path>C:\ti\ccs2001\ccs\tools\compiler\ti-cgt-msp430_21.6.1.LTS\lib\</path>
         <kind>archive</kind>
         <file>rts430_eabi.lib</file>
         <name>fs_neg.asm.obj</name>
      </input_file>
      <input_file id="fl-33">
         <path>C:\ti\ccs2001\ccs\tools\compiler\ti-cgt-msp430_21.6.1.LTS\lib\</path>
         <kind>archive</kind>
         <file>rts430_eabi.lib</file>
         <name>fs_toi.asm.obj</name>
      </input_file>
      <input_file id="fl-34">
         <path>C:\ti\ccs2001\ccs\tools\compiler\ti-cgt-msp430_21.6.1.LTS\lib\</path>
         <kind>archive</kind>
         <file>rts430_eabi.lib</file>
         <name>fs_tou.asm.obj</name>
      </input_file>
      <input_file id="fl-35">
         <path>C:\ti\ccs2001\ccs\tools\compiler\ti-cgt-msp430_21.6.1.LTS\lib\</path>
         <kind>archive</kind>
         <file>rts430_eabi.lib</file>
         <name>fs_utof.asm.obj</name>
      </input_file>
      <input_file id="fl-36">
         <path>C:\ti\ccs2001\ccs\tools\compiler\ti-cgt-msp430_21.6.1.LTS\lib\</path>
         <kind>archive</kind>
         <file>rts430_eabi.lib</file>
         <name>int00.asm.obj</name>
      </input_file>
      <input_file id="fl-37">
         <path>C:\ti\ccs2001\ccs\tools\compiler\ti-cgt-msp430_21.6.1.LTS\lib\</path>
         <kind>archive</kind>
         <file>rts430_eabi.lib</file>
         <name>int02.asm.obj</name>
      </input_file>
      <input_file id="fl-38">
         <path>C:\ti\ccs2001\ccs\tools\compiler\ti-cgt-msp430_21.6.1.LTS\lib\</path>
         <kind>archive</kind>
         <file>rts430_eabi.lib</file>
         <name>int03.asm.obj</name>
      </input_file>
      <input_file id="fl-39">
         <path>C:\ti\ccs2001\ccs\tools\compiler\ti-cgt-msp430_21.6.1.LTS\lib\</path>
         <kind>archive</kind>
         <file>rts430_eabi.lib</file>
         <name>int05.asm.obj</name>
      </input_file>
      <input_file id="fl-3a">
         <path>C:\ti\ccs2001\ccs\tools\compiler\ti-cgt-msp430_21.6.1.LTS\lib\</path>
         <kind>archive</kind>
         <file>rts430_eabi.lib</file>
         <name>int06.asm.obj</name>
      </input_file>
      <input_file id="fl-3b">
         <path>C:\ti\ccs2001\ccs\tools\compiler\ti-cgt-msp430_21.6.1.LTS\lib\</path>
         <kind>archive</kind>
         <file>rts430_eabi.lib</file>
         <name>int11.asm.obj</name>
      </input_file>
      <input_file id="fl-3c">
         <path>C:\ti\ccs2001\ccs\tools\compiler\ti-cgt-msp430_21.6.1.LTS\lib\</path>
         <kind>archive</kind>
         <file>rts430_eabi.lib</file>
         <name>int12.asm.obj</name>
      </input_file>
      <input_file id="fl-3d">
         <path>C:\ti\ccs2001\ccs\tools\compiler\ti-cgt-msp430_21.6.1.LTS\lib\</path>
         <kind>archive</kind>
         <file>rts430_eabi.lib</file>
         <name>int13.asm.obj</name>
      </input_file>
      <input_file id="fl-3e">
         <path>C:\ti\ccs2001\ccs\tools\compiler\ti-cgt-msp430_21.6.1.LTS\lib\</path>
         <kind>archive</kind>
         <file>rts430_eabi.lib</file>
         <name>int14.asm.obj</name>
      </input_file>
      <input_file id="fl-3f">
         <path>C:\ti\ccs2001\ccs\tools\compiler\ti-cgt-msp430_21.6.1.LTS\lib\</path>
         <kind>archive</kind>
         <file>rts430_eabi.lib</file>
         <name>isr_trap.asm.obj</name>
      </input_file>
      <input_file id="fl-40">
         <path>C:\ti\ccs2001\ccs\tools\compiler\ti-cgt-msp430_21.6.1.LTS\lib\</path>
         <kind>archive</kind>
         <file>rts430_eabi.lib</file>
         <name>lsl16.asm.obj</name>
      </input_file>
      <input_file id="fl-41">
         <path>C:\ti\ccs2001\ccs\tools\compiler\ti-cgt-msp430_21.6.1.LTS\lib\</path>
         <kind>archive</kind>
         <file>rts430_eabi.lib</file>
         <name>lsr16.asm.obj</name>
      </input_file>
      <input_file id="fl-42">
         <path>C:\ti\ccs2001\ccs\tools\compiler\ti-cgt-msp430_21.6.1.LTS\lib\</path>
         <kind>archive</kind>
         <file>rts430_eabi.lib</file>
         <name>boot.c.obj</name>
      </input_file>
      <input_file id="fl-43">
         <path>C:\ti\ccs2001\ccs\tools\compiler\ti-cgt-msp430_21.6.1.LTS\lib\</path>
         <kind>archive</kind>
         <file>rts430_eabi.lib</file>
         <name>autoinit.c.obj</name>
      </input_file>
      <input_file id="fl-44">
         <path>C:\ti\ccs2001\ccs\tools\compiler\ti-cgt-msp430_21.6.1.LTS\lib\</path>
         <kind>archive</kind>
         <file>rts430_eabi.lib</file>
         <name>copy_zero_init.c.obj</name>
      </input_file>
      <input_file id="fl-45">
         <path>C:\ti\ccs2001\ccs\tools\compiler\ti-cgt-msp430_21.6.1.LTS\lib\</path>
         <kind>archive</kind>
         <file>rts430_eabi.lib</file>
         <name>cpy_tbl.c.obj</name>
      </input_file>
      <input_file id="fl-46">
         <path>C:\ti\ccs2001\ccs\tools\compiler\ti-cgt-msp430_21.6.1.LTS\lib\</path>
         <kind>archive</kind>
         <file>rts430_eabi.lib</file>
         <name>mpu_init.c.obj</name>
      </input_file>
      <input_file id="fl-47">
         <path>C:\ti\ccs2001\ccs\tools\compiler\ti-cgt-msp430_21.6.1.LTS\lib\</path>
         <kind>archive</kind>
         <file>rts430_eabi.lib</file>
         <name>pre_init.c.obj</name>
      </input_file>
      <input_file id="fl-48">
         <path>C:\ti\ccs2001\ccs\tools\compiler\ti-cgt-msp430_21.6.1.LTS\lib\</path>
         <kind>archive</kind>
         <file>rts430_eabi.lib</file>
         <name>startup.c.obj</name>
      </input_file>
      <input_file id="fl-49">
         <path>C:\ti\ccs2001\ccs\tools\compiler\ti-cgt-msp430_21.6.1.LTS\lib\</path>
         <kind>archive</kind>
         <file>rts430_eabi.lib</file>
         <name>copy_decompress_none.c.obj</name>
      </input_file>
      <input_file id="fl-4a">
         <path>C:\ti\ccs2001\ccs\tools\compiler\ti-cgt-msp430_21.6.1.LTS\lib\</path>
         <kind>archive</kind>
         <file>rts430_eabi.lib</file>
         <name>copy_decompress_lzss.c.obj</name>
      </input_file>
      <input_file id="fl-4b">
         <path>C:\ti\ccs2001\ccs\tools\compiler\ti-cgt-msp430_21.6.1.LTS\lib\</path>
         <kind>archive</kind>
         <file>rts430_eabi.lib</file>
         <name>exit.c.obj</name>
      </input_file>
      <input_file id="fl-4c">
         <path>C:\ti\ccs2001\ccs\tools\compiler\ti-cgt-msp430_21.6.1.LTS\lib\</path>
         <kind>archive</kind>
         <file>rts430_eabi.lib</file>
         <name>_lock.c.obj</name>
      </input_file>
      <input_file id="fl-4d">
         <path>C:\ti\ccs2001\ccs\tools\compiler\ti-cgt-msp430_21.6.1.LTS\lib\</path>
         <kind>archive</kind>
         <file>rts430_eabi.lib</file>
         <name>args_main.c.obj</name>
      </input_file>
      <input_file id="fl-4e">
         <path>C:\ti\ccs2001\ccs\tools\compiler\ti-cgt-msp430_21.6.1.LTS\lib\</path>
         <kind>archive</kind>
         <file>rts430_eabi.lib</file>
         <name>atoi.c.obj</name>
      </input_file>
      <input_file id="fl-4f">
         <path>C:\ti\ccs2001\ccs\tools\compiler\ti-cgt-msp430_21.6.1.LTS\lib\</path>
         <kind>archive</kind>
         <file>rts430_eabi.lib</file>
         <name>ctype.c.obj</name>
      </input_file>
      <input_file id="fl-50">
         <path>C:\ti\ccs2001\ccs\tools\compiler\ti-cgt-msp430_21.6.1.LTS\lib\</path>
         <kind>archive</kind>
         <file>rts430_eabi.lib</file>
         <name>memcpy.c.obj</name>
      </input_file>
      <input_file id="fl-51">
         <path>C:\ti\ccs2001\ccs\tools\compiler\ti-cgt-msp430_21.6.1.LTS\lib\</path>
         <kind>archive</kind>
         <file>rts430_eabi.lib</file>
         <name>mult16.asm.obj</name>
      </input_file>
      <input_file id="fl-52">
         <path>C:\ti\ccs2001\ccs\tools\compiler\ti-cgt-msp430_21.6.1.LTS\lib\</path>
         <kind>archive</kind>
         <file>rts430_eabi.lib</file>
         <name>exit_gvars.c.obj</name>
      </input_file>
   </input_file_list>
   <object_component_list>
      <object_component id="oc-2f3">
         <name>.bss</name>
         <uninitialized>true</uninitialized>
         <run_address>0x26a</run_address>
         <size>0x4</size>
         <input_file_ref idref="fl-2"/>
      </object_component>
      <object_component id="oc-319">
         <name>.bss:tx_data</name>
         <uninitialized>true</uninitialized>
         <run_address>0x259</run_address>
         <size>0x10</size>
         <input_file_ref idref="fl-3"/>
      </object_component>
      <object_component id="oc-31c">
         <name>.bss:rx_data</name>
         <uninitialized>true</uninitialized>
         <run_address>0x249</run_address>
         <size>0x10</size>
         <input_file_ref idref="fl-3"/>
      </object_component>
      <object_component id="oc-3b5">
         <name>.bss</name>
         <uninitialized>true</uninitialized>
         <run_address>0x235</run_address>
         <size>0x1</size>
         <input_file_ref idref="fl-4"/>
      </object_component>
      <object_component id="oc-156">
         <name>.bss</name>
         <uninitialized>true</uninitialized>
         <run_address>0x27e</run_address>
         <size>0x2</size>
         <input_file_ref idref="fl-5"/>
      </object_component>
      <object_component id="oc-2fd">
         <name>.bss:tx_data</name>
         <uninitialized>true</uninitialized>
         <run_address>0x21b</run_address>
         <size>0x1a</size>
         <input_file_ref idref="fl-6"/>
      </object_component>
      <object_component id="oc-300">
         <name>.bss:rx_data</name>
         <uninitialized>true</uninitialized>
         <run_address>0x200</run_address>
         <size>0x1b</size>
         <input_file_ref idref="fl-6"/>
      </object_component>
      <object_component id="oc-303">
         <name>.bss</name>
         <uninitialized>true</uninitialized>
         <run_address>0x280</run_address>
         <size>0x2</size>
         <input_file_ref idref="fl-6"/>
      </object_component>
      <object_component id="oc-2e3">
         <name>.bss</name>
         <uninitialized>true</uninitialized>
         <run_address>0x26e</run_address>
         <size>0x4</size>
         <input_file_ref idref="fl-7"/>
      </object_component>
      <object_component id="oc-14f">
         <name>.bss:rx_single_data</name>
         <uninitialized>true</uninitialized>
         <run_address>0x282</run_address>
         <size>0x2</size>
         <input_file_ref idref="fl-8"/>
      </object_component>
      <object_component id="oc-152">
         <name>.bss:func_for_interrupt</name>
         <uninitialized>true</uninitialized>
         <run_address>0x272</run_address>
         <size>0x4</size>
         <input_file_ref idref="fl-8"/>
      </object_component>
      <object_component id="oc-24f">
         <name>.bss</name>
         <uninitialized>true</uninitialized>
         <run_address>0x236</run_address>
         <size>0x13</size>
         <input_file_ref idref="fl-a"/>
      </object_component>
      <object_component id="oc-15c">
         <name>.bss</name>
         <uninitialized>true</uninitialized>
         <run_address>0x284</run_address>
         <size>0x2</size>
         <input_file_ref idref="fl-d"/>
      </object_component>
      <object_component id="oc-252">
         <name>.common:pwm_value</name>
         <uninitialized>true</uninitialized>
         <run_address>0x27a</run_address>
         <size>0x4</size>
      </object_component>
      <object_component id="oc-26f">
         <name>.common:eeprom_float_test</name>
         <uninitialized>true</uninitialized>
         <run_address>0x276</run_address>
         <size>0x4</size>
      </object_component>
      <object_component id="oc-2e1">
         <name>.data</name>
         <load_address>0x286</load_address>
         <run_address>0x286</run_address>
         <size>0x1</size>
         <input_file_ref idref="fl-d"/>
      </object_component>
      <object_component id="oc-b1">
         <name>.stack</name>
         <uninitialized>true</uninitialized>
         <run_address>0x3b0</run_address>
         <size>0x2</size>
         <input_file_ref idref="fl-42"/>
      </object_component>
      <object_component id="oc-4df">
         <name>.stack</name>
         <uninitialized>true</uninitialized>
         <run_address>0x3b0</run_address>
         <size>0x0</size>
      </object_component>
      <object_component id="oc-1c3">
         <name>.text:AppRun</name>
         <load_address>0xc000</load_address>
         <run_address>0xc000</run_address>
         <size>0x192</size>
         <input_file_ref idref="fl-a"/>
      </object_component>
      <object_component id="oc-42c">
         <name>.text</name>
         <load_address>0xc192</load_address>
         <run_address>0xc192</run_address>
         <size>0x132</size>
         <input_file_ref idref="fl-2d"/>
      </object_component>
      <object_component id="oc-3c4">
         <name>.text:stringToFloat</name>
         <load_address>0xc2c4</load_address>
         <run_address>0xc2c4</run_address>
         <size>0xfc</size>
         <input_file_ref idref="fl-e"/>
      </object_component>
      <object_component id="oc-21e">
         <name>.text:gpioMode</name>
         <load_address>0xc3c0</load_address>
         <run_address>0xc3c0</run_address>
         <size>0xdc</size>
         <input_file_ref idref="fl-9"/>
      </object_component>
      <object_component id="oc-367">
         <name>.text</name>
         <load_address>0xc49c</load_address>
         <run_address>0xc49c</run_address>
         <size>0xc4</size>
         <input_file_ref idref="fl-31"/>
      </object_component>
      <object_component id="oc-3d4">
         <name>.text:floatToString</name>
         <load_address>0xc560</load_address>
         <run_address>0xc560</run_address>
         <size>0xc0</size>
         <input_file_ref idref="fl-e"/>
      </object_component>
      <object_component id="oc-287">
         <name>.text</name>
         <load_address>0xc620</load_address>
         <run_address>0xc620</run_address>
         <size>0x9c</size>
         <input_file_ref idref="fl-2f"/>
      </object_component>
      <object_component id="oc-3da">
         <name>.text:intToString</name>
         <load_address>0xc6bc</load_address>
         <run_address>0xc6bc</run_address>
         <size>0x8e</size>
         <input_file_ref idref="fl-e"/>
      </object_component>
      <object_component id="oc-34">
         <name>.text:decompress:lzss:__TI_decompress_lzss</name>
         <load_address>0xc74a</load_address>
         <run_address>0xc74a</run_address>
         <size>0x7c</size>
         <input_file_ref idref="fl-4a"/>
      </object_component>
      <object_component id="oc-243">
         <name>.text:drvPWMInit</name>
         <load_address>0xc7c6</load_address>
         <run_address>0xc7c6</run_address>
         <size>0x70</size>
         <input_file_ref idref="fl-5"/>
      </object_component>
      <object_component id="oc-306">
         <name>.text:reception</name>
         <load_address>0xc836</load_address>
         <run_address>0xc836</run_address>
         <size>0x70</size>
         <input_file_ref idref="fl-6"/>
      </object_component>
      <object_component id="oc-2e7">
         <name>.text:pinSelect2Conv</name>
         <load_address>0xc8a6</load_address>
         <run_address>0xc8a6</run_address>
         <size>0x6c</size>
         <input_file_ref idref="fl-2"/>
      </object_component>
      <object_component id="oc-32c">
         <name>.text:conversionStringToDataType</name>
         <load_address>0xc912</load_address>
         <run_address>0xc912</run_address>
         <size>0x6a</size>
         <input_file_ref idref="fl-e"/>
      </object_component>
      <object_component id="oc-439">
         <name>.text</name>
         <load_address>0xc97c</load_address>
         <run_address>0xc97c</run_address>
         <size>0x68</size>
         <input_file_ref idref="fl-33"/>
      </object_component>
      <object_component id="oc-1b1">
         <name>.text:boardInit</name>
         <load_address>0xc9e4</load_address>
         <run_address>0xc9e4</run_address>
         <size>0x66</size>
         <input_file_ref idref="fl-c"/>
      </object_component>
      <object_component id="oc-336">
         <name>.text:conversionDataTypeToString</name>
         <load_address>0xca4a</load_address>
         <run_address>0xca4a</run_address>
         <size>0x62</size>
         <input_file_ref idref="fl-e"/>
      </object_component>
      <object_component id="oc-3fb">
         <name>.text:writeStringIntoMemAddress</name>
         <load_address>0xcaac</load_address>
         <run_address>0xcaac</run_address>
         <size>0x62</size>
         <input_file_ref idref="fl-3"/>
      </object_component>
      <object_component id="oc-218">
         <name>.text:gpioWrite</name>
         <load_address>0xcb0e</load_address>
         <run_address>0xcb0e</run_address>
         <size>0x60</size>
         <input_file_ref idref="fl-9"/>
      </object_component>
      <object_component id="oc-403">
         <name>.text:readStringFromMemAddress</name>
         <load_address>0xcb6e</load_address>
         <run_address>0xcb6e</run_address>
         <size>0x60</size>
         <input_file_ref idref="fl-3"/>
      </object_component>
      <object_component id="oc-1b7">
         <name>.text:AppInit</name>
         <load_address>0xcbce</load_address>
         <run_address>0xcbce</run_address>
         <size>0x5e</size>
         <input_file_ref idref="fl-a"/>
      </object_component>
      <object_component id="oc-48c">
         <name>.text:commStatusChecker</name>
         <load_address>0xcc2c</load_address>
         <run_address>0xcc2c</run_address>
         <size>0x5c</size>
         <input_file_ref idref="fl-4"/>
      </object_component>
      <object_component id="oc-3ca">
         <name>.text:atoi</name>
         <load_address>0xcc88</load_address>
         <run_address>0xcc88</run_address>
         <size>0x52</size>
         <input_file_ref idref="fl-4e"/>
      </object_component>
      <object_component id="oc-33c">
         <name>.text:dataFrameTAPacking</name>
         <load_address>0xccda</load_address>
         <run_address>0xccda</run_address>
         <size>0x52</size>
         <input_file_ref idref="fl-b"/>
      </object_component>
      <object_component id="oc-313">
         <name>.text:drvI2CInit</name>
         <load_address>0xcd2c</load_address>
         <run_address>0xcd2c</run_address>
         <size>0x50</size>
         <input_file_ref idref="fl-4"/>
      </object_component>
      <object_component id="oc-257">
         <name>.text:recieveDataSerialComm</name>
         <load_address>0xcd7c</load_address>
         <run_address>0xcd7c</run_address>
         <size>0x4c</size>
         <input_file_ref idref="fl-6"/>
      </object_component>
      <object_component id="oc-ba">
         <name>.text</name>
         <load_address>0xcdc8</load_address>
         <run_address>0xcdc8</run_address>
         <size>0x4c</size>
         <input_file_ref idref="fl-41"/>
      </object_component>
      <object_component id="oc-43e">
         <name>.text</name>
         <load_address>0xce14</load_address>
         <run_address>0xce14</run_address>
         <size>0x4a</size>
         <input_file_ref idref="fl-2e"/>
      </object_component>
      <object_component id="oc-36c">
         <name>.text</name>
         <load_address>0xce5e</load_address>
         <run_address>0xce5e</run_address>
         <size>0x46</size>
         <input_file_ref idref="fl-34"/>
      </object_component>
      <object_component id="oc-1d6">
         <name>.text:__TI_auto_init_nobinit_nopinit:__TI_auto_init_nobinit_nopinit</name>
         <load_address>0xcea4</load_address>
         <run_address>0xcea4</run_address>
         <size>0x42</size>
         <input_file_ref idref="fl-43"/>
      </object_component>
      <object_component id="oc-40a">
         <name>.text:gpioRead</name>
         <load_address>0xcee6</load_address>
         <run_address>0xcee6</run_address>
         <size>0x42</size>
         <input_file_ref idref="fl-9"/>
      </object_component>
      <object_component id="oc-276">
         <name>.text:executeOnSwitchChange</name>
         <load_address>0xcf28</load_address>
         <run_address>0xcf28</run_address>
         <size>0x3e</size>
         <input_file_ref idref="fl-7"/>
      </object_component>
      <object_component id="oc-2f7">
         <name>.text:drvUARTInit</name>
         <load_address>0xcf66</load_address>
         <run_address>0xcf66</run_address>
         <size>0x3c</size>
         <input_file_ref idref="fl-8"/>
      </object_component>
      <object_component id="oc-3ef">
         <name>.text:getLSBValueAddress</name>
         <load_address>0xcfa2</load_address>
         <run_address>0xcfa2</run_address>
         <size>0x3c</size>
         <input_file_ref idref="fl-3"/>
      </object_component>
      <object_component id="oc-263">
         <name>.text:gpioToggle</name>
         <load_address>0xcfde</load_address>
         <run_address>0xcfde</run_address>
         <size>0x3a</size>
         <input_file_ref idref="fl-9"/>
      </object_component>
      <object_component id="oc-34f">
         <name>.text:readDataFromEEPROM</name>
         <load_address>0xd018</load_address>
         <run_address>0xd018</run_address>
         <size>0x3a</size>
         <input_file_ref idref="fl-3"/>
      </object_component>
      <object_component id="oc-349">
         <name>.text:writeDataIntoEEPROM</name>
         <load_address>0xd052</load_address>
         <run_address>0xd052</run_address>
         <size>0x3a</size>
         <input_file_ref idref="fl-3"/>
      </object_component>
      <object_component id="oc-269">
         <name>.text:transmitDataSerialComm</name>
         <load_address>0xd08c</load_address>
         <run_address>0xd08c</run_address>
         <size>0x38</size>
         <input_file_ref idref="fl-6"/>
      </object_component>
      <object_component id="oc-427">
         <name>.text</name>
         <load_address>0xd0c4</load_address>
         <run_address>0xd0c4</run_address>
         <size>0x36</size>
         <input_file_ref idref="fl-30"/>
      </object_component>
      <object_component id="oc-e1">
         <name>.text:USCI0RX_ISR</name>
         <load_address>0xd0fa</load_address>
         <run_address>0xd0fa</run_address>
         <size>0x32</size>
         <input_file_ref idref="fl-8"/>
      </object_component>
      <object_component id="oc-270">
         <name>.text:changeOnSwitch</name>
         <load_address>0xd12c</load_address>
         <run_address>0xd12c</run_address>
         <size>0x2e</size>
         <input_file_ref idref="fl-a"/>
      </object_component>
      <object_component id="oc-3f5">
         <name>.text:getDataFrameLen</name>
         <load_address>0xd15a</load_address>
         <run_address>0xd15a</run_address>
         <size>0x2c</size>
         <input_file_ref idref="fl-3"/>
      </object_component>
      <object_component id="oc-2d5">
         <name>.text</name>
         <load_address>0xd186</load_address>
         <run_address>0xd186</run_address>
         <size>0x2c</size>
         <input_file_ref idref="fl-29"/>
      </object_component>
      <object_component id="oc-449">
         <name>.text</name>
         <load_address>0xd1b2</load_address>
         <run_address>0xd1b2</run_address>
         <size>0x2c</size>
         <input_file_ref idref="fl-2a"/>
      </object_component>
      <object_component id="oc-b5">
         <name>.text</name>
         <load_address>0xd1de</load_address>
         <run_address>0xd1de</run_address>
         <size>0x2c</size>
         <input_file_ref idref="fl-40"/>
      </object_component>
      <object_component id="oc-326">
         <name>.text:dataFrameTAUnpacking</name>
         <load_address>0xd20a</load_address>
         <run_address>0xd20a</run_address>
         <size>0x2a</size>
         <input_file_ref idref="fl-b"/>
      </object_component>
      <object_component id="oc-237">
         <name>.text:drvSerialCommInit</name>
         <load_address>0xd234</load_address>
         <run_address>0xd234</run_address>
         <size>0x2a</size>
         <input_file_ref idref="fl-6"/>
      </object_component>
      <object_component id="oc-3e9">
         <name>.text:getMSBValueAddress</name>
         <load_address>0xd25e</load_address>
         <run_address>0xd25e</run_address>
         <size>0x2a</size>
         <input_file_ref idref="fl-3"/>
      </object_component>
      <object_component id="oc-342">
         <name>.text:transmission</name>
         <load_address>0xd288</load_address>
         <run_address>0xd288</run_address>
         <size>0x28</size>
         <input_file_ref idref="fl-6"/>
      </object_component>
      <object_component id="oc-282">
         <name>.text</name>
         <load_address>0xd2b0</load_address>
         <run_address>0xd2b0</run_address>
         <size>0x24</size>
         <input_file_ref idref="fl-35"/>
      </object_component>
      <object_component id="oc-27c">
         <name>.text:readADCvalue</name>
         <load_address>0xd2d4</load_address>
         <run_address>0xd2d4</run_address>
         <size>0x22</size>
         <input_file_ref idref="fl-2"/>
      </object_component>
      <object_component id="oc-231">
         <name>.text:drvADC10Init</name>
         <load_address>0xd2f6</load_address>
         <run_address>0xd2f6</run_address>
         <size>0x20</size>
         <input_file_ref idref="fl-2"/>
      </object_component>
      <object_component id="oc-46e">
         <name>.text:beginReceptionI2C</name>
         <load_address>0xd316</load_address>
         <run_address>0xd316</run_address>
         <size>0x1e</size>
         <input_file_ref idref="fl-4"/>
      </object_component>
      <object_component id="oc-10b">
         <name>.text:_c_int00_noargs</name>
         <load_address>0xd334</load_address>
         <run_address>0xd334</run_address>
         <size>0x1c</size>
         <input_file_ref idref="fl-42"/>
      </object_component>
      <object_component id="oc-28c">
         <name>.text:modifyDC</name>
         <load_address>0xd350</load_address>
         <run_address>0xd350</run_address>
         <size>0x1c</size>
         <input_file_ref idref="fl-5"/>
      </object_component>
      <object_component id="oc-1ab">
         <name>.text:systemInitFirst</name>
         <load_address>0xd36c</load_address>
         <run_address>0xd36c</run_address>
         <size>0x1c</size>
         <input_file_ref idref="fl-c"/>
      </object_component>
      <object_component id="oc-2ed">
         <name>.text:ADCsetup</name>
         <load_address>0xd388</load_address>
         <run_address>0xd388</run_address>
         <size>0x1a</size>
         <input_file_ref idref="fl-2"/>
      </object_component>
      <object_component id="oc-459">
         <name>.text:beginTransmissionI2C</name>
         <load_address>0xd3a2</load_address>
         <run_address>0xd3a2</run_address>
         <size>0x18</size>
         <input_file_ref idref="fl-4"/>
      </object_component>
      <object_component id="oc-465">
         <name>.text:endTransactionI2C</name>
         <load_address>0xd3ba</load_address>
         <run_address>0xd3ba</run_address>
         <size>0x18</size>
         <input_file_ref idref="fl-4"/>
      </object_component>
      <object_component id="oc-e7">
         <name>.text:isr_myPWM</name>
         <load_address>0xd3d2</load_address>
         <run_address>0xd3d2</run_address>
         <size>0x18</size>
         <input_file_ref idref="fl-5"/>
      </object_component>
      <object_component id="oc-474">
         <name>.text:recieveCharacterI2C</name>
         <load_address>0xd3ea</load_address>
         <run_address>0xd3ea</run_address>
         <size>0x18</size>
         <input_file_ref idref="fl-4"/>
      </object_component>
      <object_component id="oc-16e">
         <name>.text:main</name>
         <load_address>0xd402</load_address>
         <run_address>0xd402</run_address>
         <size>0x16</size>
         <input_file_ref idref="fl-a"/>
      </object_component>
      <object_component id="oc-356">
         <name>.text:readSwitchState</name>
         <load_address>0xd418</load_address>
         <run_address>0xd418</run_address>
         <size>0x16</size>
         <input_file_ref idref="fl-7"/>
      </object_component>
      <object_component id="oc-486">
         <name>.text</name>
         <load_address>0xd42e</load_address>
         <run_address>0xd42e</run_address>
         <size>0x16</size>
         <input_file_ref idref="fl-2b"/>
      </object_component>
      <object_component id="oc-225">
         <name>.text:timerInit</name>
         <load_address>0xd444</load_address>
         <run_address>0xd444</run_address>
         <size>0x16</size>
         <input_file_ref idref="fl-d"/>
      </object_component>
      <object_component id="oc-f9">
         <name>.text:decompress:ZI:__TI_zero_init_nomemset:__TI_zero_init_nomemset</name>
         <load_address>0xd45a</load_address>
         <run_address>0xd45a</run_address>
         <size>0x14</size>
         <input_file_ref idref="fl-44"/>
      </object_component>
      <object_component id="oc-394">
         <name>.text</name>
         <load_address>0xd46e</load_address>
         <run_address>0xd46e</run_address>
         <size>0x14</size>
         <input_file_ref idref="fl-51"/>
      </object_component>
      <object_component id="oc-25d">
         <name>.text:timerExpired</name>
         <load_address>0xd482</load_address>
         <run_address>0xd482</run_address>
         <size>0x14</size>
         <input_file_ref idref="fl-d"/>
      </object_component>
      <object_component id="oc-249">
         <name>.text:timerStart</name>
         <load_address>0xd496</load_address>
         <run_address>0xd496</run_address>
         <size>0x14</size>
         <input_file_ref idref="fl-d"/>
      </object_component>
      <object_component id="oc-3a">
         <name>.text:decompress:none:__TI_decompress_none</name>
         <load_address>0xd4aa</load_address>
         <run_address>0xd4aa</run_address>
         <size>0x12</size>
         <input_file_ref idref="fl-49"/>
      </object_component>
      <object_component id="oc-23d">
         <name>.text:drvEEPROMInit</name>
         <load_address>0xd4bc</load_address>
         <run_address>0xd4bc</run_address>
         <size>0x12</size>
         <input_file_ref idref="fl-3"/>
      </object_component>
      <object_component id="oc-cf">
         <name>.text:memcpy</name>
         <load_address>0xd4ce</load_address>
         <run_address>0xd4ce</run_address>
         <size>0x12</size>
         <input_file_ref idref="fl-50"/>
      </object_component>
      <object_component id="oc-292">
         <name>.text:timerDelay</name>
         <load_address>0xd4e0</load_address>
         <run_address>0xd4e0</run_address>
         <size>0x12</size>
         <input_file_ref idref="fl-d"/>
      </object_component>
      <object_component id="oc-45f">
         <name>.text:transmitCharacterI2C</name>
         <load_address>0xd4f2</load_address>
         <run_address>0xd4f2</run_address>
         <size>0x12</size>
         <input_file_ref idref="fl-4"/>
      </object_component>
      <object_component id="oc-3e2">
         <name>.text:transmitCharacterUART</name>
         <load_address>0xd504</load_address>
         <run_address>0xd504</run_address>
         <size>0x12</size>
         <input_file_ref idref="fl-8"/>
      </object_component>
      <object_component id="oc-22b">
         <name>.text:initDrvSw</name>
         <load_address>0xd516</load_address>
         <run_address>0xd516</run_address>
         <size>0x10</size>
         <input_file_ref idref="fl-7"/>
      </object_component>
      <object_component id="oc-bf">
         <name>.text</name>
         <load_address>0xd526</load_address>
         <run_address>0xd526</run_address>
         <size>0x10</size>
         <input_file_ref idref="fl-2c"/>
      </object_component>
      <object_component id="oc-35e">
         <name>.text:pisrADC</name>
         <load_address>0xd536</load_address>
         <run_address>0xd536</run_address>
         <size>0xe</size>
         <input_file_ref idref="fl-2"/>
      </object_component>
      <object_component id="oc-30c">
         <name>.text:RXInterruptUART</name>
         <load_address>0xd544</load_address>
         <run_address>0xd544</run_address>
         <size>0xa</size>
         <input_file_ref idref="fl-8"/>
      </object_component>
      <object_component id="oc-453">
         <name>.text:readCommStatus</name>
         <load_address>0xd54e</load_address>
         <run_address>0xd54e</run_address>
         <size>0xa</size>
         <input_file_ref idref="fl-4"/>
      </object_component>
      <object_component id="oc-443">
         <name>.text</name>
         <load_address>0xd558</load_address>
         <run_address>0xd558</run_address>
         <size>0xa</size>
         <input_file_ref idref="fl-32"/>
      </object_component>
      <object_component id="oc-dc">
         <name>.text:_isr:__TI_ISR_TRAP</name>
         <load_address>0xd562</load_address>
         <run_address>0xd562</run_address>
         <size>0x8</size>
         <input_file_ref idref="fl-3f"/>
      </object_component>
      <object_component id="oc-1ca">
         <name>.text:abort</name>
         <load_address>0xd56a</load_address>
         <run_address>0xd56a</run_address>
         <size>0x6</size>
         <input_file_ref idref="fl-4b"/>
      </object_component>
      <object_component id="oc-f3">
         <name>.text:timer_isr</name>
         <load_address>0xd570</load_address>
         <run_address>0xd570</run_address>
         <size>0x6</size>
         <input_file_ref idref="fl-d"/>
      </object_component>
      <object_component id="oc-168">
         <name>.text:_system_pre_init</name>
         <load_address>0xd576</load_address>
         <run_address>0xd576</run_address>
         <size>0x4</size>
         <input_file_ref idref="fl-47"/>
      </object_component>
      <object_component id="oc-1bd">
         <name>.text:systemInitLast</name>
         <load_address>0xd57a</load_address>
         <run_address>0xd57a</run_address>
         <size>0x4</size>
         <input_file_ref idref="fl-c"/>
      </object_component>
      <object_component id="oc-2ab">
         <name>.text:_system_post_cinit</name>
         <load_address>0xd57e</load_address>
         <run_address>0xd57e</run_address>
         <size>0x2</size>
         <input_file_ref idref="fl-48"/>
      </object_component>
      <object_component id="oc-ed">
         <name>.text:isr_myccr</name>
         <load_address>0xd580</load_address>
         <run_address>0xd580</run_address>
         <size>0x2</size>
         <input_file_ref idref="fl-5"/>
      </object_component>
      <object_component id="oc-4db">
         <name>__TI_handler_table</name>
         <load_address>0xd684</load_address>
         <run_address>0xd684</run_address>
         <size>0x6</size>
      </object_component>
      <object_component id="oc-4de">
         <name>.cinit..data.load</name>
         <load_address>0xd68a</load_address>
         <run_address>0xd68a</run_address>
         <size>0x5</size>
      </object_component>
      <object_component id="oc-4dd">
         <name>.cinit..bss.load</name>
         <load_address>0xd690</load_address>
         <run_address>0xd690</run_address>
         <size>0x4</size>
      </object_component>
      <object_component id="oc-4dc">
         <name>__TI_cinit_table</name>
         <load_address>0xd694</load_address>
         <run_address>0xd694</run_address>
         <size>0x8</size>
      </object_component>
      <object_component id="oc-432">
         <name>.const:.string:_ctypes_</name>
         <load_address>0xd582</load_address>
         <run_address>0xd582</run_address>
         <size>0x101</size>
         <input_file_ref idref="fl-4f"/>
      </object_component>
      <object_component id="oc-49d">
         <name>.binit</name>
         <load_address>0xc000</load_address>
         <run_address>0xc000</run_address>
         <size>0x0</size>
      </object_component>
      <object_component id="oc-40">
         <name>.int00</name>
         <load_address>0xffe0</load_address>
         <run_address>0xffe0</run_address>
         <size>0x2</size>
         <input_file_ref idref="fl-36"/>
      </object_component>
      <object_component id="oc-41">
         <name>.int02</name>
         <load_address>0xffe4</load_address>
         <run_address>0xffe4</run_address>
         <size>0x2</size>
         <input_file_ref idref="fl-37"/>
      </object_component>
      <object_component id="oc-42">
         <name>.int03</name>
         <load_address>0xffe6</load_address>
         <run_address>0xffe6</run_address>
         <size>0x2</size>
         <input_file_ref idref="fl-38"/>
      </object_component>
      <object_component id="oc-43">
         <name>.int05</name>
         <load_address>0xffea</load_address>
         <run_address>0xffea</run_address>
         <size>0x2</size>
         <input_file_ref idref="fl-39"/>
      </object_component>
      <object_component id="oc-44">
         <name>.int06</name>
         <load_address>0xffec</load_address>
         <run_address>0xffec</run_address>
         <size>0x2</size>
         <input_file_ref idref="fl-3a"/>
      </object_component>
      <object_component id="oc-45">
         <name>.int07</name>
         <load_address>0xffee</load_address>
         <run_address>0xffee</run_address>
         <size>0x2</size>
         <input_file_ref idref="fl-8"/>
      </object_component>
      <object_component id="oc-46">
         <name>.int08</name>
         <load_address>0xfff0</load_address>
         <run_address>0xfff0</run_address>
         <size>0x2</size>
         <input_file_ref idref="fl-5"/>
      </object_component>
      <object_component id="oc-47">
         <name>.int09</name>
         <load_address>0xfff2</load_address>
         <run_address>0xfff2</run_address>
         <size>0x2</size>
         <input_file_ref idref="fl-5"/>
      </object_component>
      <object_component id="oc-48">
         <name>.int10</name>
         <load_address>0xfff4</load_address>
         <run_address>0xfff4</run_address>
         <size>0x2</size>
         <input_file_ref idref="fl-d"/>
      </object_component>
      <object_component id="oc-49">
         <name>.int11</name>
         <load_address>0xfff6</load_address>
         <run_address>0xfff6</run_address>
         <size>0x2</size>
         <input_file_ref idref="fl-3b"/>
      </object_component>
      <object_component id="oc-4a">
         <name>.int12</name>
         <load_address>0xfff8</load_address>
         <run_address>0xfff8</run_address>
         <size>0x2</size>
         <input_file_ref idref="fl-3c"/>
      </object_component>
      <object_component id="oc-4b">
         <name>.int13</name>
         <load_address>0xfffa</load_address>
         <run_address>0xfffa</run_address>
         <size>0x2</size>
         <input_file_ref idref="fl-3d"/>
      </object_component>
      <object_component id="oc-4c">
         <name>.int14</name>
         <load_address>0xfffc</load_address>
         <run_address>0xfffc</run_address>
         <size>0x2</size>
         <input_file_ref idref="fl-3e"/>
      </object_component>
      <object_component id="oc-b4">
         <name>.reset</name>
         <load_address>0xfffe</load_address>
         <run_address>0xfffe</run_address>
         <size>0x2</size>
         <input_file_ref idref="fl-42"/>
      </object_component>
      <object_component id="oc-20f">
         <name>.debug_info</name>
         <load_address>0x0</load_address>
         <run_address>0x0</run_address>
         <size>0x243</size>
         <input_file_ref idref="fl-2"/>
      </object_component>
      <object_component id="oc-2f4">
         <name>.debug_info</name>
         <load_address>0x243</load_address>
         <run_address>0x243</run_address>
         <size>0xf5</size>
         <input_file_ref idref="fl-2"/>
      </object_component>
      <object_component id="oc-360">
         <name>.debug_info</name>
         <load_address>0x338</load_address>
         <run_address>0x338</run_address>
         <size>0x10e</size>
         <input_file_ref idref="fl-2"/>
      </object_component>
      <object_component id="oc-27e">
         <name>.debug_info</name>
         <load_address>0x446</load_address>
         <run_address>0x446</run_address>
         <size>0x14e</size>
         <input_file_ref idref="fl-2"/>
      </object_component>
      <object_component id="oc-2e9">
         <name>.debug_info</name>
         <load_address>0x594</load_address>
         <run_address>0x594</run_address>
         <size>0x15c</size>
         <input_file_ref idref="fl-2"/>
      </object_component>
      <object_component id="oc-2ee">
         <name>.debug_info</name>
         <load_address>0x6f0</load_address>
         <run_address>0x6f0</run_address>
         <size>0x131</size>
         <input_file_ref idref="fl-2"/>
      </object_component>
      <object_component id="oc-233">
         <name>.debug_info</name>
         <load_address>0x821</load_address>
         <run_address>0x821</run_address>
         <size>0x14d</size>
         <input_file_ref idref="fl-2"/>
      </object_component>
      <object_component id="oc-1a0">
         <name>.debug_info</name>
         <load_address>0x96e</load_address>
         <run_address>0x96e</run_address>
         <size>0x26b</size>
         <input_file_ref idref="fl-2"/>
      </object_component>
      <object_component id="oc-ca">
         <name>.debug_info</name>
         <load_address>0xbd9</load_address>
         <run_address>0xbd9</run_address>
         <size>0x84</size>
         <input_file_ref idref="fl-2"/>
      </object_component>
      <object_component id="oc-20a">
         <name>.debug_info</name>
         <load_address>0xc5d</load_address>
         <run_address>0xc5d</run_address>
         <size>0x282</size>
         <input_file_ref idref="fl-2"/>
      </object_component>
      <object_component id="oc-2d0">
         <name>.debug_info</name>
         <load_address>0xedf</load_address>
         <run_address>0xedf</run_address>
         <size>0xbb</size>
         <input_file_ref idref="fl-2"/>
      </object_component>
      <object_component id="oc-2db">
         <name>.debug_info</name>
         <load_address>0xf9a</load_address>
         <run_address>0xf9a</run_address>
         <size>0x2c</size>
         <input_file_ref idref="fl-2"/>
      </object_component>
      <object_component id="oc-212">
         <name>.debug_info</name>
         <load_address>0xfc6</load_address>
         <run_address>0xfc6</run_address>
         <size>0x2c</size>
         <input_file_ref idref="fl-2"/>
      </object_component>
      <object_component id="oc-402">
         <name>.debug_info</name>
         <load_address>0xff2</load_address>
         <run_address>0xff2</run_address>
         <size>0x366</size>
         <input_file_ref idref="fl-3"/>
      </object_component>
      <object_component id="oc-31a">
         <name>.debug_info</name>
         <load_address>0x1358</load_address>
         <run_address>0x1358</run_address>
         <size>0xda</size>
         <input_file_ref idref="fl-3"/>
      </object_component>
      <object_component id="oc-31d">
         <name>.debug_info</name>
         <load_address>0x1432</load_address>
         <run_address>0x1432</run_address>
         <size>0xda</size>
         <input_file_ref idref="fl-3"/>
      </object_component>
      <object_component id="oc-3fe">
         <name>.debug_info</name>
         <load_address>0x150c</load_address>
         <run_address>0x150c</run_address>
         <size>0x2e9</size>
         <input_file_ref idref="fl-3"/>
      </object_component>
      <object_component id="oc-3eb">
         <name>.debug_info</name>
         <load_address>0x17f5</load_address>
         <run_address>0x17f5</run_address>
         <size>0x17e</size>
         <input_file_ref idref="fl-3"/>
      </object_component>
      <object_component id="oc-3f1">
         <name>.debug_info</name>
         <load_address>0x1973</load_address>
         <run_address>0x1973</run_address>
         <size>0x1f0</size>
         <input_file_ref idref="fl-3"/>
      </object_component>
      <object_component id="oc-3f7">
         <name>.debug_info</name>
         <load_address>0x1b63</load_address>
         <run_address>0x1b63</run_address>
         <size>0x178</size>
         <input_file_ref idref="fl-3"/>
      </object_component>
      <object_component id="oc-34b">
         <name>.debug_info</name>
         <load_address>0x1cdb</load_address>
         <run_address>0x1cdb</run_address>
         <size>0x2a1</size>
         <input_file_ref idref="fl-3"/>
      </object_component>
      <object_component id="oc-405">
         <name>.debug_info</name>
         <load_address>0x1f7c</load_address>
         <run_address>0x1f7c</run_address>
         <size>0x2ce</size>
         <input_file_ref idref="fl-3"/>
      </object_component>
      <object_component id="oc-351">
         <name>.debug_info</name>
         <load_address>0x224a</load_address>
         <run_address>0x224a</run_address>
         <size>0x2ae</size>
         <input_file_ref idref="fl-3"/>
      </object_component>
      <object_component id="oc-23f">
         <name>.debug_info</name>
         <load_address>0x24f8</load_address>
         <run_address>0x24f8</run_address>
         <size>0x12e</size>
         <input_file_ref idref="fl-3"/>
      </object_component>
      <object_component id="oc-3bb">
         <name>.debug_info</name>
         <load_address>0x2626</load_address>
         <run_address>0x2626</run_address>
         <size>0x75</size>
         <input_file_ref idref="fl-3"/>
      </object_component>
      <object_component id="oc-3b6">
         <name>.debug_info</name>
         <load_address>0x269b</load_address>
         <run_address>0x269b</run_address>
         <size>0xdf</size>
         <input_file_ref idref="fl-4"/>
      </object_component>
      <object_component id="oc-462">
         <name>.debug_info</name>
         <load_address>0x277a</load_address>
         <run_address>0x277a</run_address>
         <size>0x158</size>
         <input_file_ref idref="fl-4"/>
      </object_component>
      <object_component id="oc-476">
         <name>.debug_info</name>
         <load_address>0x28d2</load_address>
         <run_address>0x28d2</run_address>
         <size>0x13f</size>
         <input_file_ref idref="fl-4"/>
      </object_component>
      <object_component id="oc-48d">
         <name>.debug_info</name>
         <load_address>0x2a11</load_address>
         <run_address>0x2a11</run_address>
         <size>0x158</size>
         <input_file_ref idref="fl-4"/>
      </object_component>
      <object_component id="oc-454">
         <name>.debug_info</name>
         <load_address>0x2b69</load_address>
         <run_address>0x2b69</run_address>
         <size>0x132</size>
         <input_file_ref idref="fl-4"/>
      </object_component>
      <object_component id="oc-467">
         <name>.debug_info</name>
         <load_address>0x2c9b</load_address>
         <run_address>0x2c9b</run_address>
         <size>0x11c</size>
         <input_file_ref idref="fl-4"/>
      </object_component>
      <object_component id="oc-315">
         <name>.debug_info</name>
         <load_address>0x2db7</load_address>
         <run_address>0x2db7</run_address>
         <size>0x154</size>
         <input_file_ref idref="fl-4"/>
      </object_component>
      <object_component id="oc-45a">
         <name>.debug_info</name>
         <load_address>0x2f0b</load_address>
         <run_address>0x2f0b</run_address>
         <size>0x13a</size>
         <input_file_ref idref="fl-4"/>
      </object_component>
      <object_component id="oc-46f">
         <name>.debug_info</name>
         <load_address>0x3045</load_address>
         <run_address>0x3045</run_address>
         <size>0x11c</size>
         <input_file_ref idref="fl-4"/>
      </object_component>
      <object_component id="oc-15a">
         <name>.debug_info</name>
         <load_address>0x3161</load_address>
         <run_address>0x3161</run_address>
         <size>0x291</size>
         <input_file_ref idref="fl-5"/>
      </object_component>
      <object_component id="oc-157">
         <name>.debug_info</name>
         <load_address>0x33f2</load_address>
         <run_address>0x33f2</run_address>
         <size>0xdb</size>
         <input_file_ref idref="fl-5"/>
      </object_component>
      <object_component id="oc-28f">
         <name>.debug_info</name>
         <load_address>0x34cd</load_address>
         <run_address>0x34cd</run_address>
         <size>0x165</size>
         <input_file_ref idref="fl-5"/>
      </object_component>
      <object_component id="oc-f0">
         <name>.debug_info</name>
         <load_address>0x3632</load_address>
         <run_address>0x3632</run_address>
         <size>0x10d</size>
         <input_file_ref idref="fl-5"/>
      </object_component>
      <object_component id="oc-e9">
         <name>.debug_info</name>
         <load_address>0x373f</load_address>
         <run_address>0x373f</run_address>
         <size>0x121</size>
         <input_file_ref idref="fl-5"/>
      </object_component>
      <object_component id="oc-247">
         <name>.debug_info</name>
         <load_address>0x3860</load_address>
         <run_address>0x3860</run_address>
         <size>0x12e</size>
         <input_file_ref idref="fl-5"/>
      </object_component>
      <object_component id="oc-333">
         <name>.debug_info</name>
         <load_address>0x398e</load_address>
         <run_address>0x398e</run_address>
         <size>0x35f</size>
         <input_file_ref idref="fl-6"/>
      </object_component>
      <object_component id="oc-2fe">
         <name>.debug_info</name>
         <load_address>0x3ced</load_address>
         <run_address>0x3ced</run_address>
         <size>0xdf</size>
         <input_file_ref idref="fl-6"/>
      </object_component>
      <object_component id="oc-301">
         <name>.debug_info</name>
         <load_address>0x3dcc</load_address>
         <run_address>0x3dcc</run_address>
         <size>0xdf</size>
         <input_file_ref idref="fl-6"/>
      </object_component>
      <object_component id="oc-304">
         <name>.debug_info</name>
         <load_address>0x3eab</load_address>
         <run_address>0x3eab</run_address>
         <size>0x12d</size>
         <input_file_ref idref="fl-6"/>
      </object_component>
      <object_component id="oc-343">
         <name>.debug_info</name>
         <load_address>0x3fd8</load_address>
         <run_address>0x3fd8</run_address>
         <size>0x154</size>
         <input_file_ref idref="fl-6"/>
      </object_component>
      <object_component id="oc-26b">
         <name>.debug_info</name>
         <load_address>0x412c</load_address>
         <run_address>0x412c</run_address>
         <size>0x21f</size>
         <input_file_ref idref="fl-6"/>
      </object_component>
      <object_component id="oc-259">
         <name>.debug_info</name>
         <load_address>0x434b</load_address>
         <run_address>0x434b</run_address>
         <size>0x214</size>
         <input_file_ref idref="fl-6"/>
      </object_component>
      <object_component id="oc-308">
         <name>.debug_info</name>
         <load_address>0x455f</load_address>
         <run_address>0x455f</run_address>
         <size>0x151</size>
         <input_file_ref idref="fl-6"/>
      </object_component>
      <object_component id="oc-239">
         <name>.debug_info</name>
         <load_address>0x46b0</load_address>
         <run_address>0x46b0</run_address>
         <size>0x15c</size>
         <input_file_ref idref="fl-6"/>
      </object_component>
      <object_component id="oc-3aa">
         <name>.debug_info</name>
         <load_address>0x480c</load_address>
         <run_address>0x480c</run_address>
         <size>0xb1</size>
         <input_file_ref idref="fl-6"/>
      </object_component>
      <object_component id="oc-35d">
         <name>.debug_info</name>
         <load_address>0x48bd</load_address>
         <run_address>0x48bd</run_address>
         <size>0x1e8</size>
         <input_file_ref idref="fl-7"/>
      </object_component>
      <object_component id="oc-2e4">
         <name>.debug_info</name>
         <load_address>0x4aa5</load_address>
         <run_address>0x4aa5</run_address>
         <size>0x116</size>
         <input_file_ref idref="fl-7"/>
      </object_component>
      <object_component id="oc-358">
         <name>.debug_info</name>
         <load_address>0x4bbb</load_address>
         <run_address>0x4bbb</run_address>
         <size>0x15f</size>
         <input_file_ref idref="fl-7"/>
      </object_component>
      <object_component id="oc-22c">
         <name>.debug_info</name>
         <load_address>0x4d1a</load_address>
         <run_address>0x4d1a</run_address>
         <size>0x109</size>
         <input_file_ref idref="fl-7"/>
      </object_component>
      <object_component id="oc-277">
         <name>.debug_info</name>
         <load_address>0x4e23</load_address>
         <run_address>0x4e23</run_address>
         <size>0x18f</size>
         <input_file_ref idref="fl-7"/>
      </object_component>
      <object_component id="oc-209">
         <name>.debug_info</name>
         <load_address>0x4fb2</load_address>
         <run_address>0x4fb2</run_address>
         <size>0x28d</size>
         <input_file_ref idref="fl-8"/>
      </object_component>
      <object_component id="oc-150">
         <name>.debug_info</name>
         <load_address>0x523f</load_address>
         <run_address>0x523f</run_address>
         <size>0xe6</size>
         <input_file_ref idref="fl-8"/>
      </object_component>
      <object_component id="oc-153">
         <name>.debug_info</name>
         <load_address>0x5325</load_address>
         <run_address>0x5325</run_address>
         <size>0xee</size>
         <input_file_ref idref="fl-8"/>
      </object_component>
      <object_component id="oc-3e3">
         <name>.debug_info</name>
         <load_address>0x5413</load_address>
         <run_address>0x5413</run_address>
         <size>0x161</size>
         <input_file_ref idref="fl-8"/>
      </object_component>
      <object_component id="oc-2f9">
         <name>.debug_info</name>
         <load_address>0x5574</load_address>
         <run_address>0x5574</run_address>
         <size>0x113</size>
         <input_file_ref idref="fl-8"/>
      </object_component>
      <object_component id="oc-e3">
         <name>.debug_info</name>
         <load_address>0x5687</load_address>
         <run_address>0x5687</run_address>
         <size>0x132</size>
         <input_file_ref idref="fl-8"/>
      </object_component>
      <object_component id="oc-30e">
         <name>.debug_info</name>
         <load_address>0x57b9</load_address>
         <run_address>0x57b9</run_address>
         <size>0x139</size>
         <input_file_ref idref="fl-8"/>
      </object_component>
      <object_component id="oc-195">
         <name>.debug_info</name>
         <load_address>0x58f2</load_address>
         <run_address>0x58f2</run_address>
         <size>0x9d</size>
         <input_file_ref idref="fl-8"/>
      </object_component>
      <object_component id="oc-21c">
         <name>.debug_info</name>
         <load_address>0x598f</load_address>
         <run_address>0x598f</run_address>
         <size>0x1cd</size>
         <input_file_ref idref="fl-9"/>
      </object_component>
      <object_component id="oc-266">
         <name>.debug_info</name>
         <load_address>0x5b5c</load_address>
         <run_address>0x5b5c</run_address>
         <size>0x181</size>
         <input_file_ref idref="fl-9"/>
      </object_component>
      <object_component id="oc-40e">
         <name>.debug_info</name>
         <load_address>0x5cdd</load_address>
         <run_address>0x5cdd</run_address>
         <size>0x194</size>
         <input_file_ref idref="fl-9"/>
      </object_component>
      <object_component id="oc-220">
         <name>.debug_info</name>
         <load_address>0x5e71</load_address>
         <run_address>0x5e71</run_address>
         <size>0x267</size>
         <input_file_ref idref="fl-9"/>
      </object_component>
      <object_component id="oc-253">
         <name>.debug_info</name>
         <load_address>0x60d8</load_address>
         <run_address>0x60d8</run_address>
         <size>0x54e</size>
         <input_file_ref idref="fl-a"/>
      </object_component>
      <object_component id="oc-250">
         <name>.debug_info</name>
         <load_address>0x6626</load_address>
         <run_address>0x6626</run_address>
         <size>0x1e8</size>
         <input_file_ref idref="fl-a"/>
      </object_component>
      <object_component id="oc-1bb">
         <name>.debug_info</name>
         <load_address>0x680e</load_address>
         <run_address>0x680e</run_address>
         <size>0x190</size>
         <input_file_ref idref="fl-a"/>
      </object_component>
      <object_component id="oc-1c7">
         <name>.debug_info</name>
         <load_address>0x699e</load_address>
         <run_address>0x699e</run_address>
         <size>0x34f</size>
         <input_file_ref idref="fl-a"/>
      </object_component>
      <object_component id="oc-172">
         <name>.debug_info</name>
         <load_address>0x6ced</load_address>
         <run_address>0x6ced</run_address>
         <size>0x149</size>
         <input_file_ref idref="fl-a"/>
      </object_component>
      <object_component id="oc-274">
         <name>.debug_info</name>
         <load_address>0x6e36</load_address>
         <run_address>0x6e36</run_address>
         <size>0x13f</size>
         <input_file_ref idref="fl-a"/>
      </object_component>
      <object_component id="oc-3c3">
         <name>.debug_info</name>
         <load_address>0x6f75</load_address>
         <run_address>0x6f75</run_address>
         <size>0x133</size>
         <input_file_ref idref="fl-b"/>
      </object_component>
      <object_component id="oc-327">
         <name>.debug_info</name>
         <load_address>0x70a8</load_address>
         <run_address>0x70a8</run_address>
         <size>0x1ab</size>
         <input_file_ref idref="fl-b"/>
      </object_component>
      <object_component id="oc-33d">
         <name>.debug_info</name>
         <load_address>0x7253</load_address>
         <run_address>0x7253</run_address>
         <size>0x1eb</size>
         <input_file_ref idref="fl-b"/>
      </object_component>
      <object_component id="oc-1be">
         <name>.debug_info</name>
         <load_address>0x743e</load_address>
         <run_address>0x743e</run_address>
         <size>0x113</size>
         <input_file_ref idref="fl-c"/>
      </object_component>
      <object_component id="oc-1ad">
         <name>.debug_info</name>
         <load_address>0x7551</load_address>
         <run_address>0x7551</run_address>
         <size>0x115</size>
         <input_file_ref idref="fl-c"/>
      </object_component>
      <object_component id="oc-1b3">
         <name>.debug_info</name>
         <load_address>0x7666</load_address>
         <run_address>0x7666</run_address>
         <size>0x1a3</size>
         <input_file_ref idref="fl-c"/>
      </object_component>
      <object_component id="oc-1a7">
         <name>.debug_info</name>
         <load_address>0x7809</load_address>
         <run_address>0x7809</run_address>
         <size>0x20d</size>
         <input_file_ref idref="fl-d"/>
      </object_component>
      <object_component id="oc-15d">
         <name>.debug_info</name>
         <load_address>0x7a16</load_address>
         <run_address>0x7a16</run_address>
         <size>0xeb</size>
         <input_file_ref idref="fl-d"/>
      </object_component>
      <object_component id="oc-f6">
         <name>.debug_info</name>
         <load_address>0x7b01</load_address>
         <run_address>0x7b01</run_address>
         <size>0x107</size>
         <input_file_ref idref="fl-d"/>
      </object_component>
      <object_component id="oc-24c">
         <name>.debug_info</name>
         <load_address>0x7c08</load_address>
         <run_address>0x7c08</run_address>
         <size>0x14b</size>
         <input_file_ref idref="fl-d"/>
      </object_component>
      <object_component id="oc-227">
         <name>.debug_info</name>
         <load_address>0x7d53</load_address>
         <run_address>0x7d53</run_address>
         <size>0x121</size>
         <input_file_ref idref="fl-d"/>
      </object_component>
      <object_component id="oc-25e">
         <name>.debug_info</name>
         <load_address>0x7e74</load_address>
         <run_address>0x7e74</run_address>
         <size>0x157</size>
         <input_file_ref idref="fl-d"/>
      </object_component>
      <object_component id="oc-294">
         <name>.debug_info</name>
         <load_address>0x7fcb</load_address>
         <run_address>0x7fcb</run_address>
         <size>0x14e</size>
         <input_file_ref idref="fl-d"/>
      </object_component>
      <object_component id="oc-3d1">
         <name>.debug_info</name>
         <load_address>0x8119</load_address>
         <run_address>0x8119</run_address>
         <size>0x19e</size>
         <input_file_ref idref="fl-e"/>
      </object_component>
      <object_component id="oc-3c6">
         <name>.debug_info</name>
         <load_address>0x82b7</load_address>
         <run_address>0x82b7</run_address>
         <size>0x21d</size>
         <input_file_ref idref="fl-e"/>
      </object_component>
      <object_component id="oc-3dc">
         <name>.debug_info</name>
         <load_address>0x84d4</load_address>
         <run_address>0x84d4</run_address>
         <size>0x1bd</size>
         <input_file_ref idref="fl-e"/>
      </object_component>
      <object_component id="oc-3d6">
         <name>.debug_info</name>
         <load_address>0x8691</load_address>
         <run_address>0x8691</run_address>
         <size>0x2b7</size>
         <input_file_ref idref="fl-e"/>
      </object_component>
      <object_component id="oc-32e">
         <name>.debug_info</name>
         <load_address>0x8948</load_address>
         <run_address>0x8948</run_address>
         <size>0x246</size>
         <input_file_ref idref="fl-e"/>
      </object_component>
      <object_component id="oc-337">
         <name>.debug_info</name>
         <load_address>0x8b8e</load_address>
         <run_address>0x8b8e</run_address>
         <size>0x24d</size>
         <input_file_ref idref="fl-e"/>
      </object_component>
      <object_component id="oc-2d6">
         <name>.debug_info</name>
         <load_address>0x8ddb</load_address>
         <run_address>0x8ddb</run_address>
         <size>0x120</size>
         <input_file_ref idref="fl-29"/>
      </object_component>
      <object_component id="oc-44b">
         <name>.debug_info</name>
         <load_address>0x8efb</load_address>
         <run_address>0x8efb</run_address>
         <size>0x135</size>
         <input_file_ref idref="fl-2a"/>
      </object_component>
      <object_component id="oc-488">
         <name>.debug_info</name>
         <load_address>0x9030</load_address>
         <run_address>0x9030</run_address>
         <size>0x121</size>
         <input_file_ref idref="fl-2b"/>
      </object_component>
      <object_component id="oc-c0">
         <name>.debug_info</name>
         <load_address>0x9151</load_address>
         <run_address>0x9151</run_address>
         <size>0x12e</size>
         <input_file_ref idref="fl-2c"/>
      </object_component>
      <object_component id="oc-42f">
         <name>.debug_info</name>
         <load_address>0x927f</load_address>
         <run_address>0x927f</run_address>
         <size>0x121</size>
         <input_file_ref idref="fl-2d"/>
      </object_component>
      <object_component id="oc-441">
         <name>.debug_info</name>
         <load_address>0x93a0</load_address>
         <run_address>0x93a0</run_address>
         <size>0x12d</size>
         <input_file_ref idref="fl-2e"/>
      </object_component>
      <object_component id="oc-289">
         <name>.debug_info</name>
         <load_address>0x94cd</load_address>
         <run_address>0x94cd</run_address>
         <size>0x121</size>
         <input_file_ref idref="fl-2f"/>
      </object_component>
      <object_component id="oc-428">
         <name>.debug_info</name>
         <load_address>0x95ee</load_address>
         <run_address>0x95ee</run_address>
         <size>0x12a</size>
         <input_file_ref idref="fl-30"/>
      </object_component>
      <object_component id="oc-368">
         <name>.debug_info</name>
         <load_address>0x9718</load_address>
         <run_address>0x9718</run_address>
         <size>0x121</size>
         <input_file_ref idref="fl-31"/>
      </object_component>
      <object_component id="oc-444">
         <name>.debug_info</name>
         <load_address>0x9839</load_address>
         <run_address>0x9839</run_address>
         <size>0x121</size>
         <input_file_ref idref="fl-32"/>
      </object_component>
      <object_component id="oc-43b">
         <name>.debug_info</name>
         <load_address>0x995a</load_address>
         <run_address>0x995a</run_address>
         <size>0x135</size>
         <input_file_ref idref="fl-33"/>
      </object_component>
      <object_component id="oc-36e">
         <name>.debug_info</name>
         <load_address>0x9a8f</load_address>
         <run_address>0x9a8f</run_address>
         <size>0x12f</size>
         <input_file_ref idref="fl-34"/>
      </object_component>
      <object_component id="oc-284">
         <name>.debug_info</name>
         <load_address>0x9bbe</load_address>
         <run_address>0x9bbe</run_address>
         <size>0x124</size>
         <input_file_ref idref="fl-35"/>
      </object_component>
      <object_component id="oc-dd">
         <name>.debug_info</name>
         <load_address>0x9ce2</load_address>
         <run_address>0x9ce2</run_address>
         <size>0x10f</size>
         <input_file_ref idref="fl-3f"/>
      </object_component>
      <object_component id="oc-b8">
         <name>.debug_info</name>
         <load_address>0x9df1</load_address>
         <run_address>0x9df1</run_address>
         <size>0x120</size>
         <input_file_ref idref="fl-40"/>
      </object_component>
      <object_component id="oc-bd">
         <name>.debug_info</name>
         <load_address>0x9f11</load_address>
         <run_address>0x9f11</run_address>
         <size>0x120</size>
         <input_file_ref idref="fl-41"/>
      </object_component>
      <object_component id="oc-b2">
         <name>.debug_info</name>
         <load_address>0xa031</load_address>
         <run_address>0xa031</run_address>
         <size>0x100</size>
         <input_file_ref idref="fl-42"/>
      </object_component>
      <object_component id="oc-10f">
         <name>.debug_info</name>
         <load_address>0xa131</load_address>
         <run_address>0xa131</run_address>
         <size>0x17a</size>
         <input_file_ref idref="fl-42"/>
      </object_component>
      <object_component id="oc-2b2">
         <name>.debug_info</name>
         <load_address>0xa2ab</load_address>
         <run_address>0xa2ab</run_address>
         <size>0x3de</size>
         <input_file_ref idref="fl-43"/>
      </object_component>
      <object_component id="oc-1d8">
         <name>.debug_info</name>
         <load_address>0xa689</load_address>
         <run_address>0xa689</run_address>
         <size>0x1e0</size>
         <input_file_ref idref="fl-43"/>
      </object_component>
      <object_component id="oc-38a">
         <name>.debug_info</name>
         <load_address>0xa869</load_address>
         <run_address>0xa869</run_address>
         <size>0x39</size>
         <input_file_ref idref="fl-43"/>
      </object_component>
      <object_component id="oc-39b">
         <name>.debug_info</name>
         <load_address>0xa8a2</load_address>
         <run_address>0xa8a2</run_address>
         <size>0x2c</size>
         <input_file_ref idref="fl-43"/>
      </object_component>
      <object_component id="oc-2bd">
         <name>.debug_info</name>
         <load_address>0xa8ce</load_address>
         <run_address>0xa8ce</run_address>
         <size>0x2c</size>
         <input_file_ref idref="fl-43"/>
      </object_component>
      <object_component id="oc-38f">
         <name>.debug_info</name>
         <load_address>0xa8fa</load_address>
         <run_address>0xa8fa</run_address>
         <size>0xcd</size>
         <input_file_ref idref="fl-43"/>
      </object_component>
      <object_component id="oc-166">
         <name>.debug_info</name>
         <load_address>0xa9c7</load_address>
         <run_address>0xa9c7</run_address>
         <size>0x175</size>
         <input_file_ref idref="fl-44"/>
      </object_component>
      <object_component id="oc-fa">
         <name>.debug_info</name>
         <load_address>0xab3c</load_address>
         <run_address>0xab3c</run_address>
         <size>0x1d2</size>
         <input_file_ref idref="fl-44"/>
      </object_component>
      <object_component id="oc-161">
         <name>.debug_info</name>
         <load_address>0xad0e</load_address>
         <run_address>0xad0e</run_address>
         <size>0x46</size>
         <input_file_ref idref="fl-44"/>
      </object_component>
      <object_component id="oc-142">
         <name>.debug_info</name>
         <load_address>0xad54</load_address>
         <run_address>0xad54</run_address>
         <size>0x2c</size>
         <input_file_ref idref="fl-44"/>
      </object_component>
      <object_component id="oc-16a">
         <name>.debug_info</name>
         <load_address>0xad80</load_address>
         <run_address>0xad80</run_address>
         <size>0x153</size>
         <input_file_ref idref="fl-47"/>
      </object_component>
      <object_component id="oc-2ad">
         <name>.debug_info</name>
         <load_address>0xaed3</load_address>
         <run_address>0xaed3</run_address>
         <size>0x150</size>
         <input_file_ref idref="fl-48"/>
      </object_component>
      <object_component id="oc-db">
         <name>.debug_info</name>
         <load_address>0xb023</load_address>
         <run_address>0xb023</run_address>
         <size>0x180</size>
         <input_file_ref idref="fl-49"/>
      </object_component>
      <object_component id="oc-3c">
         <name>.debug_info</name>
         <load_address>0xb1a3</load_address>
         <run_address>0xb1a3</run_address>
         <size>0x1ea</size>
         <input_file_ref idref="fl-49"/>
      </object_component>
      <object_component id="oc-d6">
         <name>.debug_info</name>
         <load_address>0xb38d</load_address>
         <run_address>0xb38d</run_address>
         <size>0x46</size>
         <input_file_ref idref="fl-49"/>
      </object_component>
      <object_component id="oc-147">
         <name>.debug_info</name>
         <load_address>0xb3d3</load_address>
         <run_address>0xb3d3</run_address>
         <size>0x2c</size>
         <input_file_ref idref="fl-49"/>
      </object_component>
      <object_component id="oc-13f">
         <name>.debug_info</name>
         <load_address>0xb3ff</load_address>
         <run_address>0xb3ff</run_address>
         <size>0x176</size>
         <input_file_ref idref="fl-4a"/>
      </object_component>
      <object_component id="oc-38">
         <name>.debug_info</name>
         <load_address>0xb575</load_address>
         <run_address>0xb575</run_address>
         <size>0x292</size>
         <input_file_ref idref="fl-4a"/>
      </object_component>
      <object_component id="oc-c5">
         <name>.debug_info</name>
         <load_address>0xb807</load_address>
         <run_address>0xb807</run_address>
         <size>0x60</size>
         <input_file_ref idref="fl-4a"/>
      </object_component>
      <object_component id="oc-18a">
         <name>.debug_info</name>
         <load_address>0xb867</load_address>
         <run_address>0xb867</run_address>
         <size>0x46</size>
         <input_file_ref idref="fl-4a"/>
      </object_component>
      <object_component id="oc-13a">
         <name>.debug_info</name>
         <load_address>0xb8ad</load_address>
         <run_address>0xb8ad</run_address>
         <size>0x39</size>
         <input_file_ref idref="fl-4a"/>
      </object_component>
      <object_component id="oc-1cb">
         <name>.debug_info</name>
         <load_address>0xb8e6</load_address>
         <run_address>0xb8e6</run_address>
         <size>0x122</size>
         <input_file_ref idref="fl-4b"/>
      </object_component>
      <object_component id="oc-436">
         <name>.debug_info</name>
         <load_address>0xba08</load_address>
         <run_address>0xba08</run_address>
         <size>0x191</size>
         <input_file_ref idref="fl-4e"/>
      </object_component>
      <object_component id="oc-3cc">
         <name>.debug_info</name>
         <load_address>0xbb99</load_address>
         <run_address>0xbb99</run_address>
         <size>0x190</size>
         <input_file_ref idref="fl-4e"/>
      </object_component>
      <object_component id="oc-480">
         <name>.debug_info</name>
         <load_address>0xbd29</load_address>
         <run_address>0xbd29</run_address>
         <size>0xf9</size>
         <input_file_ref idref="fl-4f"/>
      </object_component>
      <object_component id="oc-433">
         <name>.debug_info</name>
         <load_address>0xbe22</load_address>
         <run_address>0xbe22</run_address>
         <size>0x105</size>
         <input_file_ref idref="fl-4f"/>
      </object_component>
      <object_component id="oc-141">
         <name>.debug_info</name>
         <load_address>0xbf27</load_address>
         <run_address>0xbf27</run_address>
         <size>0x181</size>
         <input_file_ref idref="fl-50"/>
      </object_component>
      <object_component id="oc-d0">
         <name>.debug_info</name>
         <load_address>0xc0a8</load_address>
         <run_address>0xc0a8</run_address>
         <size>0x17a</size>
         <input_file_ref idref="fl-50"/>
      </object_component>
      <object_component id="oc-397">
         <name>.debug_info</name>
         <load_address>0xc222</load_address>
         <run_address>0xc222</run_address>
         <size>0x121</size>
         <input_file_ref idref="fl-51"/>
      </object_component>
      <object_component id="oc-4e0">
         <name>.debug_info</name>
         <load_address>0xc343</load_address>
         <run_address>0xc343</run_address>
[...]
      </symbol>
      <symbol id="sm-25f">
         <name>readSwitchState</name>
         <value>0xd418</value>
         <object_component_ref idref="oc-356"/>
      </symbol>
      <symbol id="sm-296">
         <name>USCI0RX_ISR</name>
         <value>0xd0fa</value>
         <object_component_ref idref="oc-e1"/>
      </symbol>
      <symbol id="sm-297">
         <name>drvUARTInit</name>
         <value>0xcf66</value>
         <object_component_ref idref="oc-2f7"/>
      </symbol>
      <symbol id="sm-298">
         <name>__TI_int07</name>
         <value>0xffee</value>
         <object_component_ref idref="oc-45"/>
      </symbol>
      <symbol id="sm-299">
         <name>transmitCharacterUART</name>
         <value>0xd504</value>
         <object_component_ref idref="oc-3e2"/>
      </symbol>
      <symbol id="sm-29a">
         <name>RXInterruptUART</name>
         <value>0xd544</value>
         <object_component_ref idref="oc-30c"/>
      </symbol>
      <symbol id="sm-2c9">
         <name>gpioToggle</name>
         <value>0xcfde</value>
         <object_component_ref idref="oc-263"/>
      </symbol>
      <symbol id="sm-2ca">
         <name>gpioRead</name>
         <value>0xcee6</value>
         <object_component_ref idref="oc-40a"/>
      </symbol>
      <symbol id="sm-2cb">
         <name>gpioWrite</name>
         <value>0xcb0e</value>
         <object_component_ref idref="oc-218"/>
      </symbol>
      <symbol id="sm-2cc">
         <name>gpioMode</name>
         <value>0xc3c0</value>
         <object_component_ref idref="oc-21e"/>
      </symbol>
      <symbol id="sm-306">
         <name>pwm_value</name>
         <value>0x27a</value>
      </symbol>
      <symbol id="sm-307">
         <name>eeprom_float_test</name>
         <value>0x276</value>
      </symbol>
      <symbol id="sm-308">
         <name>main</name>
         <value>0xd402</value>
         <object_component_ref idref="oc-16e"/>
      </symbol>
      <symbol id="sm-309">
         <name>AppInit</name>
         <value>0xcbce</value>
         <object_component_ref idref="oc-1b7"/>
      </symbol>
      <symbol id="sm-30a">
         <name>AppRun</name>
         <value>0xc000</value>
         <object_component_ref idref="oc-1c3"/>
      </symbol>
      <symbol id="sm-321">
         <name>dataFrameTAPacking</name>
         <value>0xccda</value>
         <object_component_ref idref="oc-33c"/>
      </symbol>
      <symbol id="sm-322">
         <name>dataFrameTAUnpacking</name>
         <value>0xd20a</value>
         <object_component_ref idref="oc-326"/>
      </symbol>
      <symbol id="sm-339">
         <name>systemInitFirst</name>
         <value>0xd36c</value>
         <object_component_ref idref="oc-1ab"/>
      </symbol>
      <symbol id="sm-33a">
         <name>systemInitLast</name>
         <value>0xd57a</value>
         <object_component_ref idref="oc-1bd"/>
      </symbol>
      <symbol id="sm-33b">
         <name>boardInit</name>
         <value>0xc9e4</value>
         <object_component_ref idref="oc-1b1"/>
      </symbol>
      <symbol id="sm-370">
         <name>timerInit</name>
         <value>0xd444</value>
         <object_component_ref idref="oc-225"/>
      </symbol>
      <symbol id="sm-371">
         <name>__TI_int10</name>
         <value>0xfff4</value>
         <object_component_ref idref="oc-48"/>
      </symbol>
      <symbol id="sm-372">
         <name>timerDelay</name>
         <value>0xd4e0</value>
         <object_component_ref idref="oc-292"/>
      </symbol>
      <symbol id="sm-373">
         <name>timerExpired</name>
         <value>0xd482</value>
         <object_component_ref idref="oc-25d"/>
      </symbol>
      <symbol id="sm-374">
         <name>timer_isr</name>
         <value>0xd570</value>
         <object_component_ref idref="oc-f3"/>
      </symbol>
      <symbol id="sm-375">
         <name>timerStart</name>
         <value>0xd496</value>
         <object_component_ref idref="oc-249"/>
      </symbol>
      <symbol id="sm-3bd">
         <name>conversionDataTypeToString</name>
         <value>0xca4a</value>
         <object_component_ref idref="oc-336"/>
      </symbol>
      <symbol id="sm-3be">
         <name>intToString</name>
         <value>0xc6bc</value>
         <object_component_ref idref="oc-3da"/>
      </symbol>
      <symbol id="sm-3bf">
         <name>floatToString</name>
         <value>0xc560</value>
         <object_component_ref idref="oc-3d4"/>
      </symbol>
      <symbol id="sm-3c0">
         <name>stringToFloat</name>
         <value>0xc2c4</value>
         <object_component_ref idref="oc-3c4"/>
      </symbol>
      <symbol id="sm-3c1">
         <name>conversionStringToDataType</name>
         <value>0xc912</value>
         <object_component_ref idref="oc-32c"/>
      </symbol>
      <symbol id="sm-3c9">
         <name>__mspabi_srai</name>
         <value>0xd186</value>
         <object_component_ref idref="oc-2d5"/>
      </symbol>
      <symbol id="sm-3ca">
         <name>__mspabi_srai_8</name>
         <value>0xd1a0</value>
         <object_component_ref idref="oc-2d5"/>
      </symbol>
      <symbol id="sm-3cb">
         <name>__mspabi_srai_9</name>
         <value>0xd19e</value>
         <object_component_ref idref="oc-2d5"/>
      </symbol>
      <symbol id="sm-3cc">
         <name>__mspabi_srai_6</name>
         <value>0xd1a4</value>
         <object_component_ref idref="oc-2d5"/>
      </symbol>
      <symbol id="sm-3cd">
         <name>__mspabi_srai_7</name>
         <value>0xd1a2</value>
         <object_component_ref idref="oc-2d5"/>
      </symbol>
      <symbol id="sm-3ce">
         <name>__mspabi_srai_4</name>
         <value>0xd1a8</value>
         <object_component_ref idref="oc-2d5"/>
      </symbol>
      <symbol id="sm-3cf">
         <name>__mspabi_srai_5</name>
         <value>0xd1a6</value>
         <object_component_ref idref="oc-2d5"/>
      </symbol>
      <symbol id="sm-3d0">
         <name>__mspabi_srai_2</name>
         <value>0xd1ac</value>
         <object_component_ref idref="oc-2d5"/>
      </symbol>
      <symbol id="sm-3d1">
         <name>__mspabi_srai_3</name>
         <value>0xd1aa</value>
         <object_component_ref idref="oc-2d5"/>
      </symbol>
      <symbol id="sm-3d2">
         <name>__mspabi_srai_1</name>
         <value>0xd1ae</value>
         <object_component_ref idref="oc-2d5"/>
      </symbol>
      <symbol id="sm-3d3">
         <name>__mspabi_srai_15</name>
         <value>0xd192</value>
         <object_component_ref idref="oc-2d5"/>
      </symbol>
      <symbol id="sm-3d4">
         <name>__mspabi_srai_14</name>
         <value>0xd194</value>
         <object_component_ref idref="oc-2d5"/>
      </symbol>
      <symbol id="sm-3d5">
         <name>__mspabi_srai_13</name>
         <value>0xd196</value>
         <object_component_ref idref="oc-2d5"/>
      </symbol>
      <symbol id="sm-3d6">
         <name>__mspabi_srai_12</name>
         <value>0xd198</value>
         <object_component_ref idref="oc-2d5"/>
      </symbol>
      <symbol id="sm-3d7">
         <name>__mspabi_srai_11</name>
         <value>0xd19a</value>
         <object_component_ref idref="oc-2d5"/>
      </symbol>
      <symbol id="sm-3d8">
         <name>__mspabi_srai_10</name>
         <value>0xd19c</value>
         <object_component_ref idref="oc-2d5"/>
      </symbol>
      <symbol id="sm-3e4">
         <name>__mspabi_remi</name>
         <value>0xd1b2</value>
         <object_component_ref idref="oc-449"/>
      </symbol>
      <symbol id="sm-3e5">
         <name>__mspabi_divi</name>
         <value>0xd1b2</value>
         <object_component_ref idref="oc-449"/>
      </symbol>
      <symbol id="sm-3ef">
         <name>__mspabi_remu</name>
         <value>0xd42e</value>
         <object_component_ref idref="oc-486"/>
      </symbol>
      <symbol id="sm-3f0">
         <name>__mspabi_divu</name>
         <value>0xd42e</value>
         <object_component_ref idref="oc-486"/>
      </symbol>
      <symbol id="sm-3f9">
         <name>__mspabi_func_epilog_2</name>
         <value>0xd530</value>
         <object_component_ref idref="oc-bf"/>
      </symbol>
      <symbol id="sm-3fa">
         <name>__mspabi_func_epilog_3</name>
         <value>0xd52e</value>
         <object_component_ref idref="oc-bf"/>
      </symbol>
      <symbol id="sm-3fb">
         <name>__mspabi_func_epilog_1</name>
         <value>0xd532</value>
         <object_component_ref idref="oc-bf"/>
      </symbol>
      <symbol id="sm-3fc">
         <name>__mspabi_func_epilog_6</name>
         <value>0xd528</value>
         <object_component_ref idref="oc-bf"/>
      </symbol>
      <symbol id="sm-3fd">
         <name>__mspabi_func_epilog_7</name>
         <value>0xd526</value>
         <object_component_ref idref="oc-bf"/>
      </symbol>
      <symbol id="sm-3fe">
         <name>__mspabi_func_epilog_4</name>
         <value>0xd52c</value>
         <object_component_ref idref="oc-bf"/>
      </symbol>
      <symbol id="sm-3ff">
         <name>__mspabi_func_epilog_5</name>
         <value>0xd52a</value>
         <object_component_ref idref="oc-bf"/>
      </symbol>
      <symbol id="sm-41a">
         <name>__mspabi_subf</name>
         <value>0xc192</value>
         <object_component_ref idref="oc-42c"/>
      </symbol>
      <symbol id="sm-41b">
         <name>__mspabi_addf</name>
         <value>0xc198</value>
         <object_component_ref idref="oc-42c"/>
      </symbol>
      <symbol id="sm-42b">
         <name>__mspabi_cmpf</name>
         <value>0xce14</value>
         <object_component_ref idref="oc-43e"/>
      </symbol>
      <symbol id="sm-43d">
         <name>__mspabi_divf</name>
         <value>0xc620</value>
         <object_component_ref idref="oc-287"/>
      </symbol>
      <symbol id="sm-44a">
         <name>__mspabi_fltif</name>
         <value>0xd0c4</value>
         <object_component_ref idref="oc-427"/>
      </symbol>
      <symbol id="sm-461">
         <name>__mspabi_mpyf</name>
         <value>0xc49c</value>
         <object_component_ref idref="oc-367"/>
      </symbol>
      <symbol id="sm-46a">
         <name>__mspabi_negf</name>
         <value>0xd558</value>
         <object_component_ref idref="oc-443"/>
      </symbol>
      <symbol id="sm-47c">
         <name>__mspabi_fixfi</name>
         <value>0xc97c</value>
         <object_component_ref idref="oc-439"/>
      </symbol>
      <symbol id="sm-48b">
         <name>__mspabi_fixfu</name>
         <value>0xce5e</value>
         <object_component_ref idref="oc-36c"/>
      </symbol>
      <symbol id="sm-496">
         <name>__mspabi_fltuf</name>
         <value>0xd2b0</value>
         <object_component_ref idref="oc-282"/>
      </symbol>
      <symbol id="sm-499">
         <name>__TI_int00</name>
         <value>0xffe0</value>
         <object_component_ref idref="oc-40"/>
      </symbol>
      <symbol id="sm-49c">
         <name>__TI_int02</name>
         <value>0xffe4</value>
         <object_component_ref idref="oc-41"/>
      </symbol>
      <symbol id="sm-49f">
         <name>__TI_int03</name>
         <value>0xffe6</value>
         <object_component_ref idref="oc-42"/>
      </symbol>
      <symbol id="sm-4a2">
         <name>__TI_int05</name>
         <value>0xffea</value>
         <object_component_ref idref="oc-43"/>
      </symbol>
      <symbol id="sm-4a5">
         <name>__TI_int06</name>
         <value>0xffec</value>
         <object_component_ref idref="oc-44"/>
      </symbol>
      <symbol id="sm-4a8">
         <name>__TI_int11</name>
         <value>0xfff6</value>
         <object_component_ref idref="oc-49"/>
      </symbol>
      <symbol id="sm-4ab">
         <name>__TI_int12</name>
         <value>0xfff8</value>
         <object_component_ref idref="oc-4a"/>
      </symbol>
      <symbol id="sm-4ae">
         <name>__TI_int13</name>
         <value>0xfffa</value>
         <object_component_ref idref="oc-4b"/>
      </symbol>
      <symbol id="sm-4b1">
         <name>__TI_int14</name>
         <value>0xfffc</value>
         <object_component_ref idref="oc-4c"/>
      </symbol>
      <symbol id="sm-4b9">
         <name>__TI_ISR_TRAP</name>
         <value>0xd562</value>
         <object_component_ref idref="oc-dc"/>
      </symbol>
      <symbol id="sm-4c1">
         <name>__mspabi_slli</name>
         <value>0xd1de</value>
         <object_component_ref idref="oc-b5"/>
      </symbol>
      <symbol id="sm-4c2">
         <name>__mspabi_slli_9</name>
         <value>0xd1f6</value>
         <object_component_ref idref="oc-b5"/>
      </symbol>
      <symbol id="sm-4c3">
         <name>__mspabi_slli_8</name>
         <value>0xd1f8</value>
         <object_component_ref idref="oc-b5"/>
      </symbol>
      <symbol id="sm-4c4">
         <name>__mspabi_slli_7</name>
         <value>0xd1fa</value>
         <object_component_ref idref="oc-b5"/>
      </symbol>
      <symbol id="sm-4c5">
         <name>__mspabi_slli_6</name>
         <value>0xd1fc</value>
         <object_component_ref idref="oc-b5"/>
      </symbol>
      <symbol id="sm-4c6">
         <name>__mspabi_slli_5</name>
         <value>0xd1fe</value>
         <object_component_ref idref="oc-b5"/>
      </symbol>
      <symbol id="sm-4c7">
         <name>__mspabi_slli_4</name>
         <value>0xd200</value>
         <object_component_ref idref="oc-b5"/>
      </symbol>
      <symbol id="sm-4c8">
         <name>__mspabi_slli_3</name>
         <value>0xd202</value>
         <object_component_ref idref="oc-b5"/>
      </symbol>
      <symbol id="sm-4c9">
         <name>__mspabi_slli_2</name>
         <value>0xd204</value>
         <object_component_ref idref="oc-b5"/>
      </symbol>
      <symbol id="sm-4ca">
         <name>__mspabi_slli_1</name>
         <value>0xd206</value>
         <object_component_ref idref="oc-b5"/>
      </symbol>
      <symbol id="sm-4cb">
         <name>__mspabi_slli_15</name>
         <value>0xd1ea</value>
         <object_component_ref idref="oc-b5"/>
      </symbol>
      <symbol id="sm-4cc">
         <name>__mspabi_slli_14</name>
         <value>0xd1ec</value>
         <object_component_ref idref="oc-b5"/>
      </symbol>
      <symbol id="sm-4cd">
         <name>__mspabi_slli_13</name>
         <value>0xd1ee</value>
         <object_component_ref idref="oc-b5"/>
      </symbol>
      <symbol id="sm-4ce">
         <name>__mspabi_slli_12</name>
         <value>0xd1f0</value>
         <object_component_ref idref="oc-b5"/>
      </symbol>
      <symbol id="sm-4cf">
         <name>__mspabi_slli_11</name>
         <value>0xd1f2</value>
         <object_component_ref idref="oc-b5"/>
      </symbol>
      <symbol id="sm-4d0">
         <name>__mspabi_slli_10</name>
         <value>0xd1f4</value>
         <object_component_ref idref="oc-b5"/>
      </symbol>
      <symbol id="sm-4d8">
         <name>__mspabi_srli_8</name>
         <value>0xcdf2</value>
         <object_component_ref idref="oc-ba"/>
      </symbol>
      <symbol id="sm-4d9">
         <name>__mspabi_srli_9</name>
         <value>0xcdee</value>
         <object_component_ref idref="oc-ba"/>
      </symbol>
      <symbol id="sm-4da">
         <name>__mspabi_srli_6</name>
         <value>0xcdfa</value>
         <object_component_ref idref="oc-ba"/>
      </symbol>
      <symbol id="sm-4db">
         <name>__mspabi_srli_7</name>
         <value>0xcdf6</value>
         <object_component_ref idref="oc-ba"/>
      </symbol>
      <symbol id="sm-4dc">
         <name>__mspabi_srli_4</name>
         <value>0xce02</value>
         <object_component_ref idref="oc-ba"/>
      </symbol>
      <symbol id="sm-4dd">
         <name>__mspabi_srli_5</name>
         <value>0xcdfe</value>
         <object_component_ref idref="oc-ba"/>
      </symbol>
      <symbol id="sm-4de">
         <name>__mspabi_srli_2</name>
         <value>0xce0a</value>
         <object_component_ref idref="oc-ba"/>
      </symbol>
      <symbol id="sm-4df">
         <name>__mspabi_srli_3</name>
         <value>0xce06</value>
         <object_component_ref idref="oc-ba"/>
      </symbol>
      <symbol id="sm-4e0">
         <name>__mspabi_srli_1</name>
         <value>0xce0e</value>
         <object_component_ref idref="oc-ba"/>
      </symbol>
      <symbol id="sm-4e1">
         <name>__mspabi_srli</name>
         <value>0xcdc8</value>
         <object_component_ref idref="oc-ba"/>
      </symbol>
      <symbol id="sm-4e2">
         <name>__mspabi_srli_15</name>
         <value>0xcdd6</value>
         <object_component_ref idref="oc-ba"/>
      </symbol>
      <symbol id="sm-4e3">
         <name>__mspabi_srli_14</name>
         <value>0xcdda</value>
         <object_component_ref idref="oc-ba"/>
      </symbol>
      <symbol id="sm-4e4">
         <name>__mspabi_srli_13</name>
         <value>0xcdde</value>
         <object_component_ref idref="oc-ba"/>
      </symbol>
      <symbol id="sm-4e5">
         <name>__mspabi_srli_12</name>
         <value>0xcde2</value>
         <object_component_ref idref="oc-ba"/>
      </symbol>
      <symbol id="sm-4e6">
         <name>__mspabi_srli_11</name>
         <value>0xcde6</value>
         <object_component_ref idref="oc-ba"/>
      </symbol>
      <symbol id="sm-4e7">
         <name>__mspabi_srli_10</name>
         <value>0xcdea</value>
         <object_component_ref idref="oc-ba"/>
      </symbol>
      <symbol id="sm-4f7">
         <name>_stack</name>
         <value>0x3b0</value>
         <object_component_ref idref="oc-b1"/>
      </symbol>
      <symbol id="sm-4f8">
         <name>_c_int00_noargs</name>
         <value>0xd334</value>
         <object_component_ref idref="oc-10b"/>
      </symbol>
      <symbol id="sm-4f9">
         <name>_reset_vector</name>
         <value>0xfffe</value>
         <object_component_ref idref="oc-b4"/>
      </symbol>
      <symbol id="sm-51b">
         <name>__TI_auto_init_nobinit_nopinit</name>
         <value>0xcea4</value>
         <object_component_ref idref="oc-1d6"/>
      </symbol>
      <symbol id="sm-533">
         <name>__TI_zero_init_nomemset</name>
         <value>0xd45a</value>
         <object_component_ref idref="oc-f9"/>
      </symbol>
      <symbol id="sm-53e">
         <name>_system_pre_init</name>
         <value>0xd576</value>
         <object_component_ref idref="oc-168"/>
      </symbol>
      <symbol id="sm-547">
         <name>_system_post_cinit</name>
         <value>0xd57e</value>
         <object_component_ref idref="oc-2ab"/>
      </symbol>
      <symbol id="sm-55d">
         <name>__TI_decompress_none</name>
         <value>0xd4aa</value>
         <object_component_ref idref="oc-3a"/>
      </symbol>
      <symbol id="sm-580">
         <name>__TI_decompress_lzss</name>
         <value>0xc74a</value>
         <object_component_ref idref="oc-34"/>
      </symbol>
      <symbol id="sm-58a">
         <name>C$$EXIT</name>
         <value>0xd56a</value>
         <object_component_ref idref="oc-1ca"/>
      </symbol>
      <symbol id="sm-58b">
         <name>abort</name>
         <value>0xd56a</value>
         <object_component_ref idref="oc-1ca"/>
      </symbol>
      <symbol id="sm-5a0">
         <name>atoi</name>
         <value>0xcc88</value>
         <object_component_ref idref="oc-3ca"/>
      </symbol>
      <symbol id="sm-5aa">
         <name>_ctypes_</name>
         <value>0xd582</value>
         <object_component_ref idref="oc-432"/>
      </symbol>
      <symbol id="sm-5b8">
         <name>memcpy</name>
         <value>0xd4ce</value>
         <object_component_ref idref="oc-cf"/>
      </symbol>
      <symbol id="sm-5c2">
         <name>__mspabi_mpyi_sw</name>
         <value>0xd46e</value>
         <object_component_ref idref="oc-394"/>
      </symbol>
      <symbol id="sm-5c3">
         <name>__mspabi_mpyi</name>
         <value>0xd46e</value>
         <object_component_ref idref="oc-394"/>
      </symbol>
   </symbol_table>
   <title>Link successful</title>
</link_info>
