******************************************************************************
                  MSP430 Linker PC v21.6.1                     
******************************************************************************
>> Linked Thu Jan 23 22:40:24 2025

OUTPUT FILE NAME:   <lukitesting_V06.out>
ENTRY POINT SYMBOL: "_c_int00_noargs"  address: 0000d334


MEMORY CONFIGURATION

         name            origin    length      used     unused   attr    fill
----------------------  --------  ---------  --------  --------  ----  --------
  SFR                   00000000   00000010  00000000  00000010  RWIX
  PERIPHERALS_8BIT      00000010   000000f0  00000000  000000f0  RWIX
  PERIPHERALS_16BIT     00000100   00000100  00000000  00000100  RWIX
  RAM                   00000200   00000200  000000d7  00000129  RWIX
  INFOD                 00001000   00000040  00000000  00000040  RWIX
  INFOC                 00001040   00000040  00000000  00000040  RWIX
  INFOB                 00001080   00000040  00000000  00000040  RWIX
  INFOA                 000010c0   00000040  00000000  00000040  RWIX
  FLASH                 0000c000   00003fde  0000169b  00002943  RWIX
  BSLSIGNATURE          0000ffde   00000002  00000002  00000000  RWIX  ffff 
  INT00                 0000ffe0   00000002  00000002  00000000  RWIX
  INT01                 0000ffe2   00000002  00000000  00000002  RWIX
  INT02                 0000ffe4   00000002  00000002  00000000  RWIX
  INT03                 0000ffe6   00000002  00000002  00000000  RWIX
  INT04                 0000ffe8   00000002  00000000  00000002  RWIX
  INT05                 0000ffea   00000002  00000002  00000000  RWIX
  INT06                 0000ffec   00000002  00000002  00000000  RWIX
  INT07                 0000ffee   00000002  00000002  00000000  RWIX
  INT08                 0000fff0   00000002  00000002  00000000  RWIX
  INT09                 0000fff2   00000002  00000002  00000000  RWIX
  INT10                 0000fff4   00000002  00000002  00000000  RWIX
  INT11                 0000fff6   00000002  00000002  00000000  RWIX
  INT12                 0000fff8   00000002  00000002  00000000  RWIX
  INT13                 0000fffa   00000002  00000002  00000000  RWIX
  INT14                 0000fffc   00000002  00000002  00000000  RWIX
  RESET                 0000fffe   00000002  00000002  00000000  RWIX


SECTION ALLOCATION MAP

 output                                  attributes/
section   page    origin      length       input sections
--------  ----  ----------  ----------   ----------------
.bss       0    00000200    00000086     UNINITIALIZED
                  00000200    0000001b     drv_serial_comm.obj (.bss:rx_data)
                  0000021b    0000001a     drv_serial_comm.obj (.bss:tx_data)
                  00000235    00000001     drv_i2c.obj (.bss)
                  00000236    00000013     main.obj (.bss)
                  00000249    00000010     drv_eeprom.obj (.bss:rx_data)
                  00000259    00000010     drv_eeprom.obj (.bss:tx_data)
                  00000269    00000001     --HOLE--
                  0000026a    00000004     drv_adc10.obj (.bss)
                  0000026e    00000004     drv_sw.obj (.bss)
                  00000272    00000004     drv_uart.obj (.bss:func_for_interrupt)
                  00000276    00000004     (.common:eeprom_float_test)
                  0000027a    00000004     (.common:pwm_value)
                  0000027e    00000002     drv_pwm.obj (.bss)
                  00000280    00000002     drv_serial_comm.obj (.bss)
                  00000282    00000002     drv_uart.obj (.bss:rx_single_data)
                  00000284    00000002     timer.obj (.bss)

.data      0    00000286    00000001     UNINITIALIZED
                  00000286    00000001     timer.obj (.data)

.stack     0    000003b0    00000050     UNINITIALIZED
                  000003b0    00000002     rts430_eabi.lib : boot.c.obj (.stack)
                  000003b2    0000004e     --HOLE--

.text      0    0000c000    00001582     
                  0000c000    00000192     main.obj (.text:AppRun)
                  0000c192    00000132     rts430_eabi.lib : fs_add.asm.obj (.text)
                  0000c2c4    000000fc     utils.obj (.text:stringToFloat)
                  0000c3c0    000000dc     gpio.obj (.text:gpioMode)
                  0000c49c    000000c4     rts430_eabi.lib : fs_mpy.asm.obj (.text)
                  0000c560    000000c0     utils.obj (.text:floatToString)
                  0000c620    0000009c     rts430_eabi.lib : fs_div.asm.obj (.text)
                  0000c6bc    0000008e     utils.obj (.text:intToString)
                  0000c74a    0000007c     rts430_eabi.lib : copy_decompress_lzss.c.obj (.text:decompress:lzss:__TI_decompress_lzss)
                  0000c7c6    00000070     drv_pwm.obj (.text:drvPWMInit)
                  0000c836    00000070     drv_serial_comm.obj (.text:reception)
                  0000c8a6    0000006c     drv_adc10.obj (.text:pinSelect2Conv)
                  0000c912    0000006a     utils.obj (.text:conversionStringToDataType)
                  0000c97c    00000068     rts430_eabi.lib : fs_toi.asm.obj (.text)
                  0000c9e4    00000066     system.obj (.text:boardInit)
                  0000ca4a    00000062     utils.obj (.text:conversionDataTypeToString)
                  0000caac    00000062     drv_eeprom.obj (.text:writeStringIntoMemAddress)
                  0000cb0e    00000060     gpio.obj (.text:gpioWrite)
                  0000cb6e    00000060     drv_eeprom.obj (.text:readStringFromMemAddress)
                  0000cbce    0000005e     main.obj (.text:AppInit)
                  0000cc2c    0000005c     drv_i2c.obj (.text:commStatusChecker)
                  0000cc88    00000052     rts430_eabi.lib : atoi.c.obj (.text:atoi)
                  0000ccda    00000052     protocols.obj (.text:dataFrameTAPacking)
                  0000cd2c    00000050     drv_i2c.obj (.text:drvI2CInit)
                  0000cd7c    0000004c     drv_serial_comm.obj (.text:recieveDataSerialComm)
                  0000cdc8    0000004c     rts430_eabi.lib : lsr16.asm.obj (.text)
                  0000ce14    0000004a                     : fs_cmp.asm.obj (.text)
                  0000ce5e    00000046                     : fs_tou.asm.obj (.text)
                  0000cea4    00000042                     : autoinit.c.obj (.text:__TI_auto_init_nobinit_nopinit:__TI_auto_init_nobinit_nopinit)
                  0000cee6    00000042     gpio.obj (.text:gpioRead)
                  0000cf28    0000003e     drv_sw.obj (.text:executeOnSwitchChange)
                  0000cf66    0000003c     drv_uart.obj (.text:drvUARTInit)
                  0000cfa2    0000003c     drv_eeprom.obj (.text:getLSBValueAddress)
                  0000cfde    0000003a     gpio.obj (.text:gpioToggle)
                  0000d018    0000003a     drv_eeprom.obj (.text:readDataFromEEPROM)
                  0000d052    0000003a     drv_eeprom.obj (.text:writeDataIntoEEPROM)
                  0000d08c    00000038     drv_serial_comm.obj (.text:transmitDataSerialComm)
                  0000d0c4    00000036     rts430_eabi.lib : fs_itof.asm.obj (.text)
                  0000d0fa    00000032     drv_uart.obj (.text:USCI0RX_ISR)
                  0000d12c    0000002e     main.obj (.text:changeOnSwitch)
                  0000d15a    0000002c     drv_eeprom.obj (.text:getDataFrameLen)
                  0000d186    0000002c     rts430_eabi.lib : asr16.asm.obj (.text)
                  0000d1b2    0000002c                     : div16s.asm.obj (.text)
                  0000d1de    0000002c                     : lsl16.asm.obj (.text)
                  0000d20a    0000002a     protocols.obj (.text:dataFrameTAUnpacking)
                  0000d234    0000002a     drv_serial_comm.obj (.text:drvSerialCommInit)
                  0000d25e    0000002a     drv_eeprom.obj (.text:getMSBValueAddress)
                  0000d288    00000028     drv_serial_comm.obj (.text:transmission)
                  0000d2b0    00000024     rts430_eabi.lib : fs_utof.asm.obj (.text)
                  0000d2d4    00000022     drv_adc10.obj (.text:readADCvalue)
                  0000d2f6    00000020     drv_adc10.obj (.text:drvADC10Init)
                  0000d316    0000001e     drv_i2c.obj (.text:beginReceptionI2C)
                  0000d334    0000001c     rts430_eabi.lib : boot.c.obj (.text:_c_int00_noargs)
                  0000d350    0000001c     drv_pwm.obj (.text:modifyDC)
                  0000d36c    0000001c     system.obj (.text:systemInitFirst)
                  0000d388    0000001a     drv_adc10.obj (.text:ADCsetup)
                  0000d3a2    00000018     drv_i2c.obj (.text:beginTransmissionI2C)
                  0000d3ba    00000018     drv_i2c.obj (.text:endTransactionI2C)
                  0000d3d2    00000018     drv_pwm.obj (.text:isr_myPWM)
                  0000d3ea    00000018     drv_i2c.obj (.text:recieveCharacterI2C)
                  0000d402    00000016     main.obj (.text:main)
                  0000d418    00000016     drv_sw.obj (.text:readSwitchState)
                  0000d42e    00000016     rts430_eabi.lib : div16u.asm.obj (.text)
                  0000d444    00000016     timer.obj (.text:timerInit)
                  0000d45a    00000014     rts430_eabi.lib : copy_zero_init.c.obj (.text:decompress:ZI:__TI_zero_init_nomemset:__TI_zero_init_nomemset)
                  0000d46e    00000014                     : mult16.asm.obj (.text)
                  0000d482    00000014     timer.obj (.text:timerExpired)
                  0000d496    00000014     timer.obj (.text:timerStart)
                  0000d4aa    00000012     rts430_eabi.lib : copy_decompress_none.c.obj (.text:decompress:none:__TI_decompress_none)
                  0000d4bc    00000012     drv_eeprom.obj (.text:drvEEPROMInit)
                  0000d4ce    00000012     rts430_eabi.lib : memcpy.c.obj (.text:memcpy)
                  0000d4e0    00000012     timer.obj (.text:timerDelay)
                  0000d4f2    00000012     drv_i2c.obj (.text:transmitCharacterI2C)
                  0000d504    00000012     drv_uart.obj (.text:transmitCharacterUART)
                  0000d516    00000010     drv_sw.obj (.text:initDrvSw)
                  0000d526    00000010     rts430_eabi.lib : epilog.asm.obj (.text)
                  0000d536    0000000e     drv_adc10.obj (.text:pisrADC)
                  0000d544    0000000a     drv_uart.obj (.text:RXInterruptUART)
                  0000d54e    0000000a     drv_i2c.obj (.text:readCommStatus)
                  0000d558    0000000a     rts430_eabi.lib : fs_neg.asm.obj (.text)
                  0000d562    00000008                     : isr_trap.asm.obj (.text:_isr:__TI_ISR_TRAP)
                  0000d56a    00000006                     : exit.c.obj (.text:abort)
                  0000d570    00000006     timer.obj (.text:timer_isr)
                  0000d576    00000004     rts430_eabi.lib : pre_init.c.obj (.text:_system_pre_init)
                  0000d57a    00000004     system.obj (.text:systemInitLast)
                  0000d57e    00000002     rts430_eabi.lib : startup.c.obj (.text:_system_post_cinit)
                  0000d580    00000002     drv_pwm.obj (.text:isr_myccr)

.const     0    0000d582    00000101     
                  0000d582    00000101     rts430_eabi.lib : ctype.c.obj (.const:.string:_ctypes_)

.cinit     0    0000d684    00000018     
                  0000d684    00000006     (__TI_handler_table)
                  0000d68a    00000005     (.cinit..data.load) [load image]
                  0000d68f    00000001     --HOLE-- [fill = 0]
                  0000d690    00000004     (.cinit..bss.load) [load image, compression = zero_init]
                  0000d694    00000008     (__TI_cinit_table)

.binit     0    0000c000    00000000     

.init_array 
*          0    0000c000    00000000     UNINITIALIZED

TRAPINT    0    0000ffe0    00000002     
                  0000ffe0    00000002     rts430_eabi.lib : int00.asm.obj (.int00)

PORT1      0    0000ffe4    00000002     
                  0000ffe4    00000002     rts430_eabi.lib : int02.asm.obj (.int02)

PORT2      0    0000ffe6    00000002     
                  0000ffe6    00000002     rts430_eabi.lib : int03.asm.obj (.int03)

ADC10      0    0000ffea    00000002     
                  0000ffea    00000002     rts430_eabi.lib : int05.asm.obj (.int05)

USCIAB0TX 
*          0    0000ffec    00000002     
                  0000ffec    00000002     rts430_eabi.lib : int06.asm.obj (.int06)

USCIAB0RX 
*          0    0000ffee    00000002     
                  0000ffee    00000002     drv_uart.obj (.int07)

TIMER0_A1 
*          0    0000fff0    00000002     
                  0000fff0    00000002     drv_pwm.obj (.int08)

TIMER0_A0 
*          0    0000fff2    00000002     
                  0000fff2    00000002     drv_pwm.obj (.int09)

WDT        0    0000fff4    00000002     
                  0000fff4    00000002     timer.obj (.int10)

COMPARATORA 
*          0    0000fff6    00000002     
                  0000fff6    00000002     rts430_eabi.lib : int11.asm.obj (.int11)

TIMER1_A1 
*          0    0000fff8    00000002     
                  0000fff8    00000002     rts430_eabi.lib : int12.asm.obj (.int12)

TIMER1_A0 
*          0    0000fffa    00000002     
                  0000fffa    00000002     rts430_eabi.lib : int13.asm.obj (.int13)

NMI        0    0000fffc    00000002     
                  0000fffc    00000002     rts430_eabi.lib : int14.asm.obj (.int14)

.reset     0    0000fffe    00000002     
                  0000fffe    00000002     rts430_eabi.lib : boot.c.obj (.reset)

$fill000   0    0000ffde    00000002     
                  0000ffde    00000002     --HOLE-- [fill = ffff]

MODULE SUMMARY

       Module                       code   ro data   rw data
       ------                       ----   -------   -------
    .\
       utils.obj                    790    0         0      
       main.obj                     564    0         27     
       drv_eeprom.obj               474    0         32     
       gpio.obj                     440    0         0      
       drv_serial_comm.obj          326    0         55     
       drv_i2c.obj                  302    0         1      
       drv_adc10.obj                214    0         4      
       drv_pwm.obj                  166    4         2      
       drv_uart.obj                 138    2         6      
       system.obj                   134    0         0      
       protocols.obj                124    0         0      
       drv_sw.obj                   100    0         4      
       timer.obj                    86     2         3      
    +--+----------------------------+------+---------+---------+
       Total:                       3858   8         134    
                                                            
    C:\ti\ccs2001\ccs\tools\compiler\ti-cgt-msp430_21.6.1.LTS\lib\rts430_eabi.lib
       fs_add.asm.obj               306    0         0      
       ctype.c.obj                  0      257       0      
       fs_mpy.asm.obj               196    0         0      
       fs_div.asm.obj               156    0         0      
       copy_decompress_lzss.c.obj   124    0         0      
       fs_toi.asm.obj               104    0         0      
       atoi.c.obj                   82     0         0      
       lsr16.asm.obj                76     0         0      
       fs_cmp.asm.obj               74     0         0      
       fs_tou.asm.obj               70     0         0      
       autoinit.c.obj               66     0         0      
       fs_itof.asm.obj              54     0         0      
       asr16.asm.obj                44     0         0      
       div16s.asm.obj               44     0         0      
       lsl16.asm.obj                44     0         0      
       fs_utof.asm.obj              36     0         0      
       boot.c.obj                   28     2         0      
       div16u.asm.obj               22     0         0      
       copy_zero_init.c.obj         20     0         0      
       mult16.asm.obj               20     0         0      
       copy_decompress_none.c.obj   18     0         0      
       memcpy.c.obj                 18     0         0      
       epilog.asm.obj               16     0         0      
       fs_neg.asm.obj               10     0         0      
       isr_trap.asm.obj             8      0         0      
       exit.c.obj                   6      0         0      
       pre_init.c.obj               4      0         0      
       int00.asm.obj                0      2         0      
       int02.asm.obj                0      2         0      
       int03.asm.obj                0      2         0      
       int05.asm.obj                0      2         0      
       int06.asm.obj                0      2         0      
       int11.asm.obj                0      2         0      
       int12.asm.obj                0      2         0      
       int13.asm.obj                0      2         0      
       int14.asm.obj                0      2         0      
       startup.c.obj                2      0         0      
    +--+----------------------------+------+---------+---------+
       Total:                       1648   277       0      
                                                            
       Stack:                       0      0         80     
       Linker Generated:            0      23        0      
    +--+----------------------------+------+---------+---------+
       Grand Total:                 5506   308       214    


LINKER GENERATED COPY TABLES

__TI_cinit_table @ 0000d694 records: 2, size/record: 4, table size: 8
	.data: load addr=0000d68a, load size=00000005 bytes, run addr=00000286, run size=00000001 bytes, compression=copy
	.bss: load addr=0000d690, load size=00000004 bytes, run addr=00000200, run size=00000086 bytes, compression=zero_init


LINKER GENERATED HANDLER TABLE

__TI_handler_table @ 0000d684 records: 3, size/record: 2, table size: 6
	index: 0, handler: __TI_zero_init
	index: 1, handler: __TI_decompress_lzss
	index: 2, handler: __TI_decompress_none


GLOBAL SYMBOLS: SORTED ALPHABETICALLY BY Name 

address   name                          
-------   ----                          
0000004a  ADC10AE0                      
000001b0  ADC10CTL0                     
000001b2  ADC10CTL1                     
00000048  ADC10DTC0                     
00000049  ADC10DTC1                     
000001b4  ADC10MEM                      
000001bc  ADC10SA                       
0000cbce  AppInit                       
0000c000  AppRun                        
00000057  BCSCTL1                       
00000058  BCSCTL2                       
00000053  BCSCTL3                       
0000d56a  C$$EXIT                       
00000059  CACTL1                        
0000005a  CACTL2                        
000010fb  CALBC1_12MHZ                  
000010f9  CALBC1_16MHZ                  
000010ff  CALBC1_1MHZ                   
000010fd  CALBC1_8MHZ                   
000010fa  CALDCO_12MHZ                  
000010f8  CALDCO_16MHZ                  
000010fe  CALDCO_1MHZ                   
000010fc  CALDCO_8MHZ                   
0000005b  CAPD                          
00000056  DCOCTL                        
00000128  FCTL1                         
0000012a  FCTL2                         
0000012c  FCTL3                         
00000000  IE1                           
00000001  IE2                           
00000002  IFG1                          
00000003  IFG2                          
00000022  P1DIR                         
00000025  P1IE                          
00000024  P1IES                         
00000023  P1IFG                         
00000020  P1IN                          
00000021  P1OUT                         
00000027  P1REN                         
00000026  P1SEL                         
00000041  P1SEL2                        
0000002a  P2DIR                         
0000002d  P2IE                          
0000002c  P2IES                         
0000002b  P2IFG                         
00000028  P2IN                          
00000029  P2OUT                         
0000002f  P2REN                         
0000002e  P2SEL                         
00000042  P2SEL2                        
0000001a  P3DIR                         
00000018  P3IN                          
00000019  P3OUT                         
00000010  P3REN                         
0000001b  P3SEL                         
00000043  P3SEL2                        
0000d544  RXInterruptUART               
00000172  TA0CCR0                       
00000174  TA0CCR1                       
00000176  TA0CCR2                       
00000162  TA0CCTL0                      
00000164  TA0CCTL1                      
00000166  TA0CCTL2                      
00000160  TA0CTL                        
0000012e  TA0IV                         
00000170  TA0R                          
00000192  TA1CCR0                       
00000194  TA1CCR1                       
00000196  TA1CCR2                       
00000182  TA1CCTL0                      
00000184  TA1CCTL1                      
00000186  TA1CCTL2                      
00000180  TA1CTL                        
0000011e  TA1IV                         
00000190  TA1R                          
000010db  TLV_ADC10_1_LEN               
000010da  TLV_ADC10_1_TAG               
000010c0  TLV_CHECKSUM                  
000010f7  TLV_DCO_30_LEN                
000010f6  TLV_DCO_30_TAG                
0000005d  UCA0ABCTL                     
00000062  UCA0BR0                       
00000063  UCA0BR1                       
00000060  UCA0CTL0                      
00000061  UCA0CTL1                      
0000005f  UCA0IRRCTL                    
0000005e  UCA0IRTCTL                    
00000064  UCA0MCTL                      
00000066  UCA0RXBUF                     
00000065  UCA0STAT                      
00000067  UCA0TXBUF                     
0000006a  UCB0BR0                       
0000006b  UCB0BR1                       
00000068  UCB0CTL0                      
00000069  UCB0CTL1                      
0000006c  UCB0I2CIE                     
00000118  UCB0I2COA                     
0000011a  UCB0I2CSA                     
0000006e  UCB0RXBUF                     
0000006d  UCB0STAT                      
0000006f  UCB0TXBUF                     
0000d0fa  USCI0RX_ISR                   
00000120  WDTCTL                        
00000400  __STACK_END                   
00000050  __STACK_SIZE                  
0000d694  __TI_CINIT_Base               
0000d69c  __TI_CINIT_Limit              
0000d69c  __TI_CINIT_Warm               
0000d684  __TI_Handler_Table_Base       
0000d68a  __TI_Handler_Table_Limit      
0000d562  __TI_ISR_TRAP                 
0000cea4  __TI_auto_init_nobinit_nopinit
0000c74a  __TI_decompress_lzss          
0000d4aa  __TI_decompress_none          
0000ffe0  __TI_int00                    
0000ffe4  __TI_int02                    
0000ffe6  __TI_int03                    
0000ffea  __TI_int05                    
0000ffec  __TI_int06                    
0000ffee  __TI_int07                    
0000fff0  __TI_int08                    
0000fff2  __TI_int09                    
0000fff4  __TI_int10                    
0000fff6  __TI_int11                    
0000fff8  __TI_int12                    
0000fffa  __TI_int13                    
0000fffc  __TI_int14                    
ffffffff  __TI_pprof_out_hndl           
ffffffff  __TI_prof_data_size           
ffffffff  __TI_prof_data_start          
0000d45a  __TI_zero_init_nomemset       
ffffffff  __c_args__                    
0000c198  __mspabi_addf                 
0000ce14  __mspabi_cmpf                 
0000c620  __mspabi_divf                 
0000d1b2  __mspabi_divi                 
0000d42e  __mspabi_divu                 
0000c97c  __mspabi_fixfi                
0000ce5e  __mspabi_fixfu                
0000d0c4  __mspabi_fltif                
0000d2b0  __mspabi_fltuf                
0000d532  __mspabi_func_epilog_1        
0000d530  __mspabi_func_epilog_2        
0000d52e  __mspabi_func_epilog_3        
0000d52c  __mspabi_func_epilog_4        
0000d52a  __mspabi_func_epilog_5        
0000d528  __mspabi_func_epilog_6        
0000d526  __mspabi_func_epilog_7        
0000c49c  __mspabi_mpyf                 
0000d46e  __mspabi_mpyi                 
0000d46e  __mspabi_mpyi_sw              
0000d558  __mspabi_negf                 
0000d1b2  __mspabi_remi                 
0000d42e  __mspabi_remu                 
0000d1de  __mspabi_slli                 
0000d206  __mspabi_slli_1               
0000d1f4  __mspabi_slli_10              
0000d1f2  __mspabi_slli_11              
0000d1f0  __mspabi_slli_12              
0000d1ee  __mspabi_slli_13              
0000d1ec  __mspabi_slli_14              
0000d1ea  __mspabi_slli_15              
0000d204  __mspabi_slli_2               
0000d202  __mspabi_slli_3               
0000d200  __mspabi_slli_4               
0000d1fe  __mspabi_slli_5               
0000d1fc  __mspabi_slli_6               
0000d1fa  __mspabi_slli_7               
0000d1f8  __mspabi_slli_8               
0000d1f6  __mspabi_slli_9               
0000d186  __mspabi_srai                 
0000d1ae  __mspabi_srai_1               
0000d19c  __mspabi_srai_10              
0000d19a  __mspabi_srai_11              
0000d198  __mspabi_srai_12              
0000d196  __mspabi_srai_13              
0000d194  __mspabi_srai_14              
0000d192  __mspabi_srai_15              
0000d1ac  __mspabi_srai_2               
0000d1aa  __mspabi_srai_3               
0000d1a8  __mspabi_srai_4               
0000d1a6  __mspabi_srai_5               
0000d1a4  __mspabi_srai_6               
0000d1a2  __mspabi_srai_7               
0000d1a0  __mspabi_srai_8               
0000d19e  __mspabi_srai_9               
0000cdc8  __mspabi_srli                 
0000ce0e  __mspabi_srli_1               
0000cdea  __mspabi_srli_10              
0000cde6  __mspabi_srli_11              
0000cde2  __mspabi_srli_12              
0000cdde  __mspabi_srli_13              
0000cdda  __mspabi_srli_14              
0000cdd6  __mspabi_srli_15              
0000ce0a  __mspabi_srli_2               
0000ce06  __mspabi_srli_3               
0000ce02  __mspabi_srli_4               
0000cdfe  __mspabi_srli_5               
0000cdfa  __mspabi_srli_6               
0000cdf6  __mspabi_srli_7               
0000cdf2  __mspabi_srli_8               
0000cdee  __mspabi_srli_9               
0000c192  __mspabi_subf                 
0000d334  _c_int00_noargs               
0000d582  _ctypes_                      
0000fffe  _reset_vector                 
000003b0  _stack                        
0000d57e  _system_post_cinit            
0000d576  _system_pre_init              
0000d56a  abort                         
0000cc88  atoi                          
0000d316  beginReceptionI2C             
0000d3a2  beginTransmissionI2C          
0000c9e4  boardInit                     
0000cc2c  commStatusChecker             
0000ca4a  conversionDataTypeToString    
0000c912  conversionStringToDataType    
0000ccda  dataFrameTAPacking            
0000d20a  dataFrameTAUnpacking          
0000d2f6  drvADC10Init                  
0000d4bc  drvEEPROMInit                 
0000cd2c  drvI2CInit                    
0000c7c6  drvPWMInit                    
0000d234  drvSerialCommInit             
0000cf66  drvUARTInit                   
00000276  eeprom_float_test             
0000d3ba  endTransactionI2C             
0000cf28  executeOnSwitchChange         
0000c560  floatToString                 
0000c3c0  gpioMode                      
0000cee6  gpioRead                      
0000cfde  gpioToggle                    
0000cb0e  gpioWrite                     
0000d516  initDrvSw                     
0000c6bc  intToString                   
0000d3d2  isr_myPWM                     
0000d580  isr_myccr                     
0000d402  main                          
0000d4ce  memcpy                        
0000d350  modifyDC                      
0000d536  pisrADC                       
0000027a  pwm_value                     
0000d2d4  readADCvalue                  
0000d54e  readCommStatus                
0000d018  readDataFromEEPROM            
0000cb6e  readStringFromMemAddress      
0000d418  readSwitchState               
0000d3ea  recieveCharacterI2C           
0000cd7c  recieveDataSerialComm         
0000c2c4  stringToFloat                 
0000d36c  systemInitFirst               
0000d57a  systemInitLast                
0000d4e0  timerDelay                    
0000d482  timerExpired                  
0000d444  timerInit                     
0000d496  timerStart                    
0000d570  timer_isr                     
0000d4f2  transmitCharacterI2C          
0000d504  transmitCharacterUART         
0000d08c  transmitDataSerialComm        
0000d052  writeDataIntoEEPROM           
0000caac  writeStringIntoMemAddress     


GLOBAL SYMBOLS: SORTED BY Symbol Address 

address   name                          
-------   ----                          
00000000  IE1                           
00000001  IE2                           
00000002  IFG1                          
00000003  IFG2                          
00000010  P3REN                         
00000018  P3IN                          
00000019  P3OUT                         
0000001a  P3DIR                         
0000001b  P3SEL                         
00000020  P1IN                          
00000021  P1OUT                         
00000022  P1DIR                         
00000023  P1IFG                         
00000024  P1IES                         
00000025  P1IE                          
00000026  P1SEL                         
00000027  P1REN                         
00000028  P2IN                          
00000029  P2OUT                         
0000002a  P2DIR                         
0000002b  P2IFG                         
0000002c  P2IES                         
0000002d  P2IE                          
0000002e  P2SEL                         
0000002f  P2REN                         
00000041  P1SEL2                        
00000042  P2SEL2                        
00000043  P3SEL2                        
00000048  ADC10DTC0                     
00000049  ADC10DTC1                     
0000004a  ADC10AE0                      
00000050  __STACK_SIZE                  
00000053  BCSCTL3                       
00000056  DCOCTL                        
00000057  BCSCTL1                       
00000058  BCSCTL2                       
00000059  CACTL1                        
0000005a  CACTL2                        
0000005b  CAPD                          
0000005d  UCA0ABCTL                     
0000005e  UCA0IRTCTL                    
0000005f  UCA0IRRCTL                    
00000060  UCA0CTL0                      
00000061  UCA0CTL1                      
00000062  UCA0BR0                       
00000063  UCA0BR1                       
00000064  UCA0MCTL                      
00000065  UCA0STAT                      
00000066  UCA0RXBUF                     
00000067  UCA0TXBUF                     
00000068  UCB0CTL0                      
00000069  UCB0CTL1                      
0000006a  UCB0BR0                       
0000006b  UCB0BR1                       
0000006c  UCB0I2CIE                     
0000006d  UCB0STAT                      
0000006e  UCB0RXBUF                     
0000006f  UCB0TXBUF                     
00000118  UCB0I2COA                     
0000011a  UCB0I2CSA                     
0000011e  TA1IV                         
00000120  WDTCTL                        
00000128  FCTL1                         
0000012a  FCTL2                         
0000012c  FCTL3                         
0000012e  TA0IV                         
00000160  TA0CTL                        
00000162  TA0CCTL0                      
00000164  TA0CCTL1                      
00000166  TA0CCTL2                      
00000170  TA0R                          
00000172  TA0CCR0                       
00000174  TA0CCR1                       
00000176  TA0CCR2                       
00000180  TA1CTL                        
00000182  TA1CCTL0                      
00000184  TA1CCTL1                      
00000186  TA1CCTL2                      
00000190  TA1R                          
00000192  TA1CCR0                       
00000194  TA1CCR1                       
00000196  TA1CCR2                       
000001b0  ADC10CTL0                     
000001b2  ADC10CTL1                     
000001b4  ADC10MEM                      
000001bc  ADC10SA                       
00000276  eeprom_float_test             
0000027a  pwm_value                     
000003b0  _stack                        
00000400  __STACK_END                   
000010c0  TLV_CHECKSUM                  
000010da  TLV_ADC10_1_TAG               
000010db  TLV_ADC10_1_LEN               
000010f6  TLV_DCO_30_TAG                
000010f7  TLV_DCO_30_LEN                
000010f8  CALDCO_16MHZ                  
000010f9  CALBC1_16MHZ                  
000010fa  CALDCO_12MHZ                  
000010fb  CALBC1_12MHZ                  
000010fc  CALDCO_8MHZ                   
000010fd  CALBC1_8MHZ                   
000010fe  CALDCO_1MHZ                   
000010ff  CALBC1_1MHZ                   
0000c000  AppRun                        
0000c192  __mspabi_subf                 
0000c198  __mspabi_addf                 
0000c2c4  stringToFloat                 
0000c3c0  gpioMode                      
0000c49c  __mspabi_mpyf                 
0000c560  floatToString                 
0000c620  __mspabi_divf                 
0000c6bc  intToString                   
0000c74a  __TI_decompress_lzss          
0000c7c6  drvPWMInit                    
0000c912  conversionStringToDataType    
0000c97c  __mspabi_fixfi                
0000c9e4  boardInit                     
0000ca4a  conversionDataTypeToString    
0000caac  writeStringIntoMemAddress     
0000cb0e  gpioWrite                     
0000cb6e  readStringFromMemAddress      
0000cbce  AppInit                       
0000cc2c  commStatusChecker             
0000cc88  atoi                          
0000ccda  dataFrameTAPacking            
0000cd2c  drvI2CInit                    
0000cd7c  recieveDataSerialComm         
0000cdc8  __mspabi_srli                 
0000cdd6  __mspabi_srli_15              
0000cdda  __mspabi_srli_14              
0000cdde  __mspabi_srli_13              
0000cde2  __mspabi_srli_12              
0000cde6  __mspabi_srli_11              
0000cdea  __mspabi_srli_10              
0000cdee  __mspabi_srli_9               
0000cdf2  __mspabi_srli_8               
0000cdf6  __mspabi_srli_7               
0000cdfa  __mspabi_srli_6               
0000cdfe  __mspabi_srli_5               
0000ce02  __mspabi_srli_4               
0000ce06  __mspabi_srli_3               
0000ce0a  __mspabi_srli_2               
0000ce0e  __mspabi_srli_1               
0000ce14  __mspabi_cmpf                 
0000ce5e  __mspabi_fixfu                
0000cea4  __TI_auto_init_nobinit_nopinit
0000cee6  gpioRead                      
0000cf28  executeOnSwitchChange         
0000cf66  drvUARTInit                   
0000cfde  gpioToggle                    
0000d018  readDataFromEEPROM            
0000d052  writeDataIntoEEPROM           
0000d08c  transmitDataSerialComm        
0000d0c4  __mspabi_fltif                
0000d0fa  USCI0RX_ISR                   
0000d186  __mspabi_srai                 
0000d192  __mspabi_srai_15              
0000d194  __mspabi_srai_14              
0000d196  __mspabi_srai_13              
0000d198  __mspabi_srai_12              
0000d19a  __mspabi_srai_11              
0000d19c  __mspabi_srai_10              
0000d19e  __mspabi_srai_9               
0000d1a0  __mspabi_srai_8               
0000d1a2  __mspabi_srai_7               
0000d1a4  __mspabi_srai_6               
0000d1a6  __mspabi_srai_5               
0000d1a8  __mspabi_srai_4               
0000d1aa  __mspabi_srai_3               
0000d1ac  __mspabi_srai_2               
0000d1ae  __mspabi_srai_1               
0000d1b2  __mspabi_divi                 
0000d1b2  __mspabi_remi                 
0000d1de  __mspabi_slli                 
0000d1ea  __mspabi_slli_15              
0000d1ec  __mspabi_slli_14              
0000d1ee  __mspabi_slli_13              
0000d1f0  __mspabi_slli_12              
0000d1f2  __mspabi_slli_11              
0000d1f4  __mspabi_slli_10              
0000d1f6  __mspabi_slli_9               
0000d1f8  __mspabi_slli_8               
0000d1fa  __mspabi_slli_7               
0000d1fc  __mspabi_slli_6               
0000d1fe  __mspabi_slli_5               
0000d200  __mspabi_slli_4               
0000d202  __mspabi_slli_3               
0000d204  __mspabi_slli_2               
0000d206  __mspabi_slli_1               
0000d20a  dataFrameTAUnpacking          
0000d234  drvSerialCommInit             
0000d2b0  __mspabi_fltuf                
0000d2d4  readADCvalue                  
0000d2f6  drvADC10Init                  
0000d316  beginReceptionI2C             
0000d334  _c_int00_noargs               
0000d350  modifyDC                      
0000d36c  systemInitFirst               
0000d3a2  beginTransmissionI2C          
0000d3ba  endTransactionI2C             
0000d3d2  isr_myPWM                     
0000d3ea  recieveCharacterI2C           
0000d402  main                          
0000d418  readSwitchState               
0000d42e  __mspabi_divu                 
0000d42e  __mspabi_remu                 
0000d444  timerInit                     
0000d45a  __TI_zero_init_nomemset       
0000d46e  __mspabi_mpyi                 
0000d46e  __mspabi_mpyi_sw              
0000d482  timerExpired                  
0000d496  timerStart                    
0000d4aa  __TI_decompress_none          
0000d4bc  drvEEPROMInit                 
0000d4ce  memcpy                        
0000d4e0  timerDelay                    
0000d4f2  transmitCharacterI2C          
0000d504  transmitCharacterUART         
0000d516  initDrvSw                     
0000d526  __mspabi_func_epilog_7        
0000d528  __mspabi_func_epilog_6        
0000d52a  __mspabi_func_epilog_5        
0000d52c  __mspabi_func_epilog_4        
0000d52e  __mspabi_func_epilog_3        
0000d530  __mspabi_func_epilog_2        
0000d532  __mspabi_func_epilog_1        
0000d536  pisrADC                       
0000d544  RXInterruptUART               
0000d54e  readCommStatus                
0000d558  __mspabi_negf                 
0000d562  __TI_ISR_TRAP                 
0000d56a  C$$EXIT                       
0000d56a  abort                         
0000d570  timer_isr                     
0000d576  _system_pre_init              
0000d57a  systemInitLast                
0000d57e  _system_post_cinit            
0000d580  isr_myccr                     
0000d582  _ctypes_                      
0000d684  __TI_Handler_Table_Base       
0000d68a  __TI_Handler_Table_Limit      
0000d694  __TI_CINIT_Base               
0000d69c  __TI_CINIT_Limit              
0000d69c  __TI_CINIT_Warm               
0000ffe0  __TI_int00                    
0000ffe4  __TI_int02                    
0000ffe6  __TI_int03                    
0000ffea  __TI_int05                    
0000ffec  __TI_int06                    
0000ffee  __TI_int07                    
0000fff0  __TI_int08                    
0000fff2  __TI_int09                    
0000fff4  __TI_int10                    
0000fff6  __TI_int11                    
0000fff8  __TI_int12                    
0000fffa  __TI_int13                    
0000fffc  __TI_int14                    
0000fffe  _reset_vector                 
ffffffff  __TI_pprof_out_hndl           
ffffffff  __TI_prof_data_size           
ffffffff  __TI_prof_data_start          
ffffffff  __c_args__                    

[262 symbols]
