<?xml version="1.0" encoding="ISO-8859-1" ?>
<link_info>
   <banner>MSP430 Linker PC v21.6.1.LTS</banner>
   <copyright>Copyright (c) 2003-2018 Texas Instruments Incorporated</copyright>
   <link_time>0x67b77cd5</link_time>
   <link_errors>0x0</link_errors>
   <output_file>lukitesting_v16.out</output_file>
   <entry_point>
      <name>_c_int00_noargs</name>
      <address>0xda1e</address>
   </entry_point>
   <input_file_list>
      <input_file id="fl-2">
         <path>.\</path>
         <kind>object</kind>
         <file>drv_adc10.obj</file>
         <name>drv_adc10.obj</name>
      </input_file>
      <input_file id="fl-3">
         <path>.\</path>
         <kind>object</kind>
         <file>drv_ds18b20.obj</file>
         <name>drv_ds18b20.obj</name>
      </input_file>
      <input_file id="fl-4">
         <path>.\</path>
         <kind>object</kind>
         <file>drv_eeprom.obj</file>
         <name>drv_eeprom.obj</name>
      </input_file>
      <input_file id="fl-5">
         <path>.\</path>
         <kind>object</kind>
         <file>drv_i2c.obj</file>
         <name>drv_i2c.obj</name>
      </input_file>
      <input_file id="fl-6">
         <path>.\</path>
         <kind>object</kind>
         <file>drv_pwm.obj</file>
         <name>drv_pwm.obj</name>
      </input_file>
      <input_file id="fl-7">
         <path>.\</path>
         <kind>object</kind>
         <file>drv_serial_comm.obj</file>
         <name>drv_serial_comm.obj</name>
      </input_file>
      <input_file id="fl-8">
         <path>.\</path>
         <kind>object</kind>
         <file>drv_spi.obj</file>
         <name>drv_spi.obj</name>
      </input_file>
      <input_file id="fl-9">
         <path>.\</path>
         <kind>object</kind>
         <file>drv_sw.obj</file>
         <name>drv_sw.obj</name>
      </input_file>
      <input_file id="fl-a">
         <path>.\</path>
         <kind>object</kind>
         <file>drv_uart.obj</file>
         <name>drv_uart.obj</name>
      </input_file>
      <input_file id="fl-b">
         <path>.\</path>
         <kind>object</kind>
         <file>gpio.obj</file>
         <name>gpio.obj</name>
      </input_file>
      <input_file id="fl-c">
         <path>.\</path>
         <kind>object</kind>
         <file>main.obj</file>
         <name>main.obj</name>
      </input_file>
      <input_file id="fl-d">
         <path>.\</path>
         <kind>object</kind>
         <file>protocols.obj</file>
         <name>protocols.obj</name>
      </input_file>
      <input_file id="fl-e">
         <path>.\</path>
         <kind>object</kind>
         <file>system.obj</file>
         <name>system.obj</name>
      </input_file>
      <input_file id="fl-f">
         <path>.\</path>
         <kind>object</kind>
         <file>timer.obj</file>
         <name>timer.obj</name>
      </input_file>
      <input_file id="fl-10">
         <path>.\</path>
         <kind>object</kind>
         <file>utils.obj</file>
         <name>utils.obj</name>
      </input_file>
      <input_file id="fl-15">
         <kind>object</kind>
         <file>&lt;internal&gt;</file>
         <name>&lt;internal&gt;</name>
      </input_file>
      <input_file id="fl-2b">
         <path>C:\ti\ccs2001\ccs\tools\compiler\ti-cgt-msp430_21.6.1.LTS\lib\</path>
         <kind>archive</kind>
         <file>rts430_eabi.lib</file>
         <name>asr16.asm.obj</name>
      </input_file>
      <input_file id="fl-2c">
         <path>C:\ti\ccs2001\ccs\tools\compiler\ti-cgt-msp430_21.6.1.LTS\lib\</path>
         <kind>archive</kind>
         <file>rts430_eabi.lib</file>
         <name>div16s.asm.obj</name>
      </input_file>
      <input_file id="fl-2d">
         <path>C:\ti\ccs2001\ccs\tools\compiler\ti-cgt-msp430_21.6.1.LTS\lib\</path>
         <kind>archive</kind>
         <file>rts430_eabi.lib</file>
         <name>div16u.asm.obj</name>
      </input_file>
      <input_file id="fl-2e">
         <path>C:\ti\ccs2001\ccs\tools\compiler\ti-cgt-msp430_21.6.1.LTS\lib\</path>
         <kind>archive</kind>
         <file>rts430_eabi.lib</file>
         <name>epilog.asm.obj</name>
      </input_file>
      <input_file id="fl-2f">
         <path>C:\ti\ccs2001\ccs\tools\compiler\ti-cgt-msp430_21.6.1.LTS\lib\</path>
         <kind>archive</kind>
         <file>rts430_eabi.lib</file>
         <name>fs_add.asm.obj</name>
      </input_file>
      <input_file id="fl-30">
         <path>C:\ti\ccs2001\ccs\tools\compiler\ti-cgt-msp430_21.6.1.LTS\lib\</path>
         <kind>archive</kind>
         <file>rts430_eabi.lib</file>
         <name>fs_cmp.asm.obj</name>
      </input_file>
      <input_file id="fl-31">
         <path>C:\ti\ccs2001\ccs\tools\compiler\ti-cgt-msp430_21.6.1.LTS\lib\</path>
         <kind>archive</kind>
         <file>rts430_eabi.lib</file>
         <name>fs_div.asm.obj</name>
      </input_file>
      <input_file id="fl-32">
         <path>C:\ti\ccs2001\ccs\tools\compiler\ti-cgt-msp430_21.6.1.LTS\lib\</path>
         <kind>archive</kind>
         <file>rts430_eabi.lib</file>
         <name>fs_itof.asm.obj</name>
      </input_file>
      <input_file id="fl-33">
         <path>C:\ti\ccs2001\ccs\tools\compiler\ti-cgt-msp430_21.6.1.LTS\lib\</path>
         <kind>archive</kind>
         <file>rts430_eabi.lib</file>
         <name>fs_mpy.asm.obj</name>
      </input_file>
      <input_file id="fl-34">
         <path>C:\ti\ccs2001\ccs\tools\compiler\ti-cgt-msp430_21.6.1.LTS\lib\</path>
         <kind>archive</kind>
         <file>rts430_eabi.lib</file>
         <name>fs_neg.asm.obj</name>
      </input_file>
      <input_file id="fl-35">
         <path>C:\ti\ccs2001\ccs\tools\compiler\ti-cgt-msp430_21.6.1.LTS\lib\</path>
         <kind>archive</kind>
         <file>rts430_eabi.lib</file>
         <name>fs_toi.asm.obj</name>
      </input_file>
      <input_file id="fl-36">
         <path>C:\ti\ccs2001\ccs\tools\compiler\ti-cgt-msp430_21.6.1.LTS\lib\</path>
         <kind>archive</kind>
         <file>rts430_eabi.lib</file>
         <name>fs_tou.asm.obj</name>
      </input_file>
      <input_file id="fl-37">
         <path>C:\ti\ccs2001\ccs\tools\compiler\ti-cgt-msp430_21.6.1.LTS\lib\</path>
         <kind>archive</kind>
         <file>rts430_eabi.lib</file>
         <name>int00.asm.obj</name>
      </input_file>
      <input_file id="fl-38">
         <path>C:\ti\ccs2001\ccs\tools\compiler\ti-cgt-msp430_21.6.1.LTS\lib\</path>
         <kind>archive</kind>
         <file>rts430_eabi.lib</file>
         <name>int02.asm.obj</name>
      </input_file>
      <input_file id="fl-39">
         <path>C:\ti\ccs2001\ccs\tools\compiler\ti-cgt-msp430_21.6.1.LTS\lib\</path>
         <kind>archive</kind>
         <file>rts430_eabi.lib</file>
         <name>int03.asm.obj</name>
      </input_file>
      <input_file id="fl-3a">
         <path>C:\ti\ccs2001\ccs\tools\compiler\ti-cgt-msp430_21.6.1.LTS\lib\</path>
         <kind>archive</kind>
         <file>rts430_eabi.lib</file>
         <name>int05.asm.obj</name>
      </input_file>
      <input_file id="fl-3b">
         <path>C:\ti\ccs2001\ccs\tools\compiler\ti-cgt-msp430_21.6.1.LTS\lib\</path>
         <kind>archive</kind>
         <file>rts430_eabi.lib</file>
         <name>int06.asm.obj</name>
      </input_file>
      <input_file id="fl-3c">
         <path>C:\ti\ccs2001\ccs\tools\compiler\ti-cgt-msp430_21.6.1.LTS\lib\</path>
         <kind>archive</kind>
         <file>rts430_eabi.lib</file>
         <name>int11.asm.obj</name>
      </input_file>
      <input_file id="fl-3d">
         <path>C:\ti\ccs2001\ccs\tools\compiler\ti-cgt-msp430_21.6.1.LTS\lib\</path>
         <kind>archive</kind>
         <file>rts430_eabi.lib</file>
         <name>int12.asm.obj</name>
      </input_file>
      <input_file id="fl-3e">
         <path>C:\ti\ccs2001\ccs\tools\compiler\ti-cgt-msp430_21.6.1.LTS\lib\</path>
         <kind>archive</kind>
         <file>rts430_eabi.lib</file>
         <name>int13.asm.obj</name>
      </input_file>
      <input_file id="fl-3f">
         <path>C:\ti\ccs2001\ccs\tools\compiler\ti-cgt-msp430_21.6.1.LTS\lib\</path>
         <kind>archive</kind>
         <file>rts430_eabi.lib</file>
         <name>int14.asm.obj</name>
      </input_file>
      <input_file id="fl-40">
         <path>C:\ti\ccs2001\ccs\tools\compiler\ti-cgt-msp430_21.6.1.LTS\lib\</path>
         <kind>archive</kind>
         <file>rts430_eabi.lib</file>
         <name>isr_trap.asm.obj</name>
      </input_file>
      <input_file id="fl-41">
         <path>C:\ti\ccs2001\ccs\tools\compiler\ti-cgt-msp430_21.6.1.LTS\lib\</path>
         <kind>archive</kind>
         <file>rts430_eabi.lib</file>
         <name>lsl16.asm.obj</name>
      </input_file>
      <input_file id="fl-42">
         <path>C:\ti\ccs2001\ccs\tools\compiler\ti-cgt-msp430_21.6.1.LTS\lib\</path>
         <kind>archive</kind>
         <file>rts430_eabi.lib</file>
         <name>lsr16.asm.obj</name>
      </input_file>
      <input_file id="fl-43">
         <path>C:\ti\ccs2001\ccs\tools\compiler\ti-cgt-msp430_21.6.1.LTS\lib\</path>
         <kind>archive</kind>
         <file>rts430_eabi.lib</file>
         <name>boot.c.obj</name>
      </input_file>
      <input_file id="fl-44">
         <path>C:\ti\ccs2001\ccs\tools\compiler\ti-cgt-msp430_21.6.1.LTS\lib\</path>
         <kind>archive</kind>
         <file>rts430_eabi.lib</file>
         <name>autoinit.c.obj</name>
      </input_file>
      <input_file id="fl-45">
         <path>C:\ti\ccs2001\ccs\tools\compiler\ti-cgt-msp430_21.6.1.LTS\lib\</path>
         <kind>archive</kind>
         <file>rts430_eabi.lib</file>
         <name>copy_zero_init.c.obj</name>
      </input_file>
      <input_file id="fl-46">
         <path>C:\ti\ccs2001\ccs\tools\compiler\ti-cgt-msp430_21.6.1.LTS\lib\</path>
         <kind>archive</kind>
         <file>rts430_eabi.lib</file>
         <name>cpy_tbl.c.obj</name>
      </input_file>
      <input_file id="fl-47">
         <path>C:\ti\ccs2001\ccs\tools\compiler\ti-cgt-msp430_21.6.1.LTS\lib\</path>
         <kind>archive</kind>
         <file>rts430_eabi.lib</file>
         <name>mpu_init.c.obj</name>
      </input_file>
      <input_file id="fl-48">
         <path>C:\ti\ccs2001\ccs\tools\compiler\ti-cgt-msp430_21.6.1.LTS\lib\</path>
         <kind>archive</kind>
         <file>rts430_eabi.lib</file>
         <name>pre_init.c.obj</name>
      </input_file>
      <input_file id="fl-49">
         <path>C:\ti\ccs2001\ccs\tools\compiler\ti-cgt-msp430_21.6.1.LTS\lib\</path>
         <kind>archive</kind>
         <file>rts430_eabi.lib</file>
         <name>startup.c.obj</name>
      </input_file>
      <input_file id="fl-4a">
         <path>C:\ti\ccs2001\ccs\tools\compiler\ti-cgt-msp430_21.6.1.LTS\lib\</path>
         <kind>archive</kind>
         <file>rts430_eabi.lib</file>
         <name>copy_decompress_none.c.obj</name>
      </input_file>
      <input_file id="fl-4b">
         <path>C:\ti\ccs2001\ccs\tools\compiler\ti-cgt-msp430_21.6.1.LTS\lib\</path>
         <kind>archive</kind>
         <file>rts430_eabi.lib</file>
         <name>copy_decompress_lzss.c.obj</name>
      </input_file>
      <input_file id="fl-4c">
         <path>C:\ti\ccs2001\ccs\tools\compiler\ti-cgt-msp430_21.6.1.LTS\lib\</path>
         <kind>archive</kind>
         <file>rts430_eabi.lib</file>
         <name>exit.c.obj</name>
      </input_file>
      <input_file id="fl-4d">
         <path>C:\ti\ccs2001\ccs\tools\compiler\ti-cgt-msp430_21.6.1.LTS\lib\</path>
         <kind>archive</kind>
         <file>rts430_eabi.lib</file>
         <name>_lock.c.obj</name>
      </input_file>
      <input_file id="fl-4e">
         <path>C:\ti\ccs2001\ccs\tools\compiler\ti-cgt-msp430_21.6.1.LTS\lib\</path>
         <kind>archive</kind>
         <file>rts430_eabi.lib</file>
         <name>args_main.c.obj</name>
      </input_file>
      <input_file id="fl-4f">
         <path>C:\ti\ccs2001\ccs\tools\compiler\ti-cgt-msp430_21.6.1.LTS\lib\</path>
         <kind>archive</kind>
         <file>rts430_eabi.lib</file>
         <name>atoi.c.obj</name>
      </input_file>
      <input_file id="fl-50">
         <path>C:\ti\ccs2001\ccs\tools\compiler\ti-cgt-msp430_21.6.1.LTS\lib\</path>
         <kind>archive</kind>
         <file>rts430_eabi.lib</file>
         <name>ctype.c.obj</name>
      </input_file>
      <input_file id="fl-51">
         <path>C:\ti\ccs2001\ccs\tools\compiler\ti-cgt-msp430_21.6.1.LTS\lib\</path>
         <kind>archive</kind>
         <file>rts430_eabi.lib</file>
         <name>memcpy.c.obj</name>
      </input_file>
      <input_file id="fl-52">
         <path>C:\ti\ccs2001\ccs\tools\compiler\ti-cgt-msp430_21.6.1.LTS\lib\</path>
         <kind>archive</kind>
         <file>rts430_eabi.lib</file>
         <name>mult16.asm.obj</name>
      </input_file>
      <input_file id="fl-53">
         <path>C:\ti\ccs2001\ccs\tools\compiler\ti-cgt-msp430_21.6.1.LTS\lib\</path>
         <kind>archive</kind>
         <file>rts430_eabi.lib</file>
         <name>exit_gvars.c.obj</name>
      </input_file>
   </input_file_list>
   <object_component_list>
      <object_component id="oc-356">
         <name>.bss</name>
         <uninitialized>true</uninitialized>
         <run_address>0x264</run_address>
         <size>0x8</size>
         <input_file_ref idref="fl-3"/>
      </object_component>
      <object_component id="oc-34a">
         <name>.bss:tx_data</name>
         <uninitialized>true</uninitialized>
         <run_address>0x245</run_address>
         <size>0x10</size>
         <input_file_ref idref="fl-4"/>
      </object_component>
      <object_component id="oc-34d">
         <name>.bss:rx_data</name>
         <uninitialized>true</uninitialized>
         <run_address>0x235</run_address>
         <size>0x10</size>
         <input_file_ref idref="fl-4"/>
      </object_component>
      <object_component id="oc-41a">
         <name>.bss</name>
         <uninitialized>true</uninitialized>
         <run_address>0x255</run_address>
         <size>0x1</size>
         <input_file_ref idref="fl-5"/>
      </object_component>
      <object_component id="oc-159">
         <name>.bss</name>
         <uninitialized>true</uninitialized>
         <run_address>0x290</run_address>
         <size>0x2</size>
         <input_file_ref idref="fl-6"/>
      </object_component>
      <object_component id="oc-32e">
         <name>.bss:tx_data</name>
         <uninitialized>true</uninitialized>
         <run_address>0x21b</run_address>
         <size>0x1a</size>
         <input_file_ref idref="fl-7"/>
      </object_component>
      <object_component id="oc-331">
         <name>.bss:rx_data</name>
         <uninitialized>true</uninitialized>
         <run_address>0x200</run_address>
         <size>0x1b</size>
         <input_file_ref idref="fl-7"/>
      </object_component>
      <object_component id="oc-334">
         <name>.bss</name>
         <uninitialized>true</uninitialized>
         <run_address>0x292</run_address>
         <size>0x2</size>
         <input_file_ref idref="fl-7"/>
      </object_component>
      <object_component id="oc-352">
         <name>.bss</name>
         <uninitialized>true</uninitialized>
         <run_address>0x294</run_address>
         <size>0x2</size>
         <input_file_ref idref="fl-8"/>
      </object_component>
      <object_component id="oc-324">
         <name>.bss</name>
         <uninitialized>true</uninitialized>
         <run_address>0x26c</run_address>
         <size>0x4</size>
         <input_file_ref idref="fl-9"/>
      </object_component>
      <object_component id="oc-14f">
         <name>.bss:rx_single_data</name>
         <uninitialized>true</uninitialized>
         <run_address>0x296</run_address>
         <size>0x2</size>
         <input_file_ref idref="fl-a"/>
      </object_component>
      <object_component id="oc-152">
         <name>.bss:func_for_interrupt</name>
         <uninitialized>true</uninitialized>
         <run_address>0x274</run_address>
         <size>0x4</size>
         <input_file_ref idref="fl-a"/>
      </object_component>
      <object_component id="oc-155">
         <name>.bss</name>
         <uninitialized>true</uninitialized>
         <run_address>0x270</run_address>
         <size>0x4</size>
         <input_file_ref idref="fl-a"/>
      </object_component>
      <object_component id="oc-25f">
         <name>.bss</name>
         <uninitialized>true</uninitialized>
         <run_address>0x256</run_address>
         <size>0xe</size>
         <input_file_ref idref="fl-c"/>
      </object_component>
      <object_component id="oc-15f">
         <name>.bss</name>
         <uninitialized>true</uninitialized>
         <run_address>0x298</run_address>
         <size>0x2</size>
         <input_file_ref idref="fl-f"/>
      </object_component>
      <object_component id="oc-266">
         <name>.common:pwm_value</name>
         <uninitialized>true</uninitialized>
         <run_address>0x280</run_address>
         <size>0x4</size>
      </object_component>
      <object_component id="oc-26a">
         <name>.common:temperature_reading</name>
         <uninitialized>true</uninitialized>
         <run_address>0x28c</run_address>
         <size>0x4</size>
      </object_component>
      <object_component id="oc-267">
         <name>.common:set_point</name>
         <uninitialized>true</uninitialized>
         <run_address>0x284</run_address>
         <size>0x4</size>
      </object_component>
      <object_component id="oc-268">
         <name>.common:hysteresis</name>
         <uninitialized>true</uninitialized>
         <run_address>0x278</run_address>
         <size>0x4</size>
      </object_component>
      <object_component id="oc-269">
         <name>.common:temperature_transmission_period</name>
         <uninitialized>true</uninitialized>
         <run_address>0x29a</run_address>
         <size>0x2</size>
      </object_component>
      <object_component id="oc-265">
         <name>.common:step_response_flag</name>
         <uninitialized>true</uninitialized>
         <run_address>0x2a0</run_address>
         <size>0x1</size>
      </object_component>
      <object_component id="oc-26c">
         <name>.common:step_response_mode</name>
         <uninitialized>true</uninitialized>
         <run_address>0x2a1</run_address>
         <size>0x1</size>
      </object_component>
      <object_component id="oc-279">
         <name>.common:set_point_previous</name>
         <uninitialized>true</uninitialized>
         <run_address>0x288</run_address>
         <size>0x4</size>
      </object_component>
      <object_component id="oc-27a">
         <name>.common:hysteresis_previous</name>
         <uninitialized>true</uninitialized>
         <run_address>0x27c</run_address>
         <size>0x4</size>
      </object_component>
      <object_component id="oc-27b">
         <name>.common:temperature_transmission_period_previous</name>
         <uninitialized>true</uninitialized>
         <run_address>0x29c</run_address>
         <size>0x2</size>
      </object_component>
      <object_component id="oc-262">
         <name>.common:msp_pc_comm_flag</name>
         <uninitialized>true</uninitialized>
         <run_address>0x29e</run_address>
         <size>0x1</size>
      </object_component>
      <object_component id="oc-26b">
         <name>.common:recovery_counter</name>
         <uninitialized>true</uninitialized>
         <run_address>0x29f</run_address>
         <size>0x1</size>
      </object_component>
      <object_component id="oc-322">
         <name>.data</name>
         <load_address>0x2a2</load_address>
         <run_address>0x2a2</run_address>
         <size>0x1</size>
         <input_file_ref idref="fl-f"/>
      </object_component>
      <object_component id="oc-b1">
         <name>.stack</name>
         <uninitialized>true</uninitialized>
         <run_address>0x3b0</run_address>
         <size>0x2</size>
         <input_file_ref idref="fl-43"/>
      </object_component>
      <object_component id="oc-578">
         <name>.stack</name>
         <uninitialized>true</uninitialized>
         <run_address>0x3b0</run_address>
         <size>0x0</size>
      </object_component>
      <object_component id="oc-2c0">
         <name>.text:IntegratedChipUpdater</name>
         <load_address>0xc000</load_address>
         <run_address>0xc000</run_address>
         <size>0x178</size>
         <input_file_ref idref="fl-c"/>
      </object_component>
      <object_component id="oc-1cd">
         <name>.text:AppRun</name>
         <load_address>0xc178</load_address>
         <run_address>0xc178</run_address>
         <size>0x152</size>
         <input_file_ref idref="fl-c"/>
      </object_component>
      <object_component id="oc-3b3">
         <name>.text</name>
         <load_address>0xc2ca</load_address>
         <run_address>0xc2ca</run_address>
         <size>0x132</size>
         <input_file_ref idref="fl-2f"/>
      </object_component>
      <object_component id="oc-3ab">
         <name>.text:beginTempConversion</name>
         <load_address>0xc3fc</load_address>
         <run_address>0xc3fc</run_address>
         <size>0x12c</size>
         <input_file_ref idref="fl-3"/>
      </object_component>
      <object_component id="oc-46e">
         <name>.text:stringToFloat</name>
         <load_address>0xc528</load_address>
         <run_address>0xc528</run_address>
         <size>0xfc</size>
         <input_file_ref idref="fl-10"/>
      </object_component>
      <object_component id="oc-228">
         <name>.text:gpioMode</name>
         <load_address>0xc624</load_address>
         <run_address>0xc624</run_address>
         <size>0xdc</size>
         <input_file_ref idref="fl-b"/>
      </object_component>
      <object_component id="oc-1c1">
         <name>.text:AppInit</name>
         <load_address>0xc700</load_address>
         <run_address>0xc700</run_address>
         <size>0xd8</size>
         <input_file_ref idref="fl-c"/>
      </object_component>
      <object_component id="oc-3b8">
         <name>.text</name>
         <load_address>0xc7d8</load_address>
         <run_address>0xc7d8</run_address>
         <size>0xc4</size>
         <input_file_ref idref="fl-33"/>
      </object_component>
      <object_component id="oc-47e">
         <name>.text:floatToString</name>
         <load_address>0xc89c</load_address>
         <run_address>0xc89c</run_address>
         <size>0xc0</size>
         <input_file_ref idref="fl-10"/>
      </object_component>
      <object_component id="oc-2b4">
         <name>.text:controlSystem</name>
         <load_address>0xc95c</load_address>
         <run_address>0xc95c</run_address>
         <size>0xb6</size>
         <input_file_ref idref="fl-c"/>
      </object_component>
      <object_component id="oc-4ec">
         <name>.text</name>
         <load_address>0xca12</load_address>
         <run_address>0xca12</run_address>
         <size>0x9c</size>
         <input_file_ref idref="fl-31"/>
      </object_component>
      <object_component id="oc-2a8">
         <name>.text:modifiableVariablesEEPROMSaver</name>
         <load_address>0xcaae</load_address>
         <run_address>0xcaae</run_address>
         <size>0x9a</size>
         <input_file_ref idref="fl-c"/>
      </object_component>
      <object_component id="oc-484">
         <name>.text:intToString</name>
         <load_address>0xcb48</load_address>
         <run_address>0xcb48</run_address>
         <size>0x8e</size>
         <input_file_ref idref="fl-10"/>
      </object_component>
      <object_component id="oc-34">
         <name>.text:decompress:lzss:__TI_decompress_lzss</name>
         <load_address>0xcbd6</load_address>
         <run_address>0xcbd6</run_address>
         <size>0x7c</size>
         <input_file_ref idref="fl-4b"/>
      </object_component>
      <object_component id="oc-42b">
         <name>.text:commStatusChecker</name>
         <load_address>0xcc52</load_address>
         <run_address>0xcc52</run_address>
         <size>0x78</size>
         <input_file_ref idref="fl-5"/>
      </object_component>
      <object_component id="oc-3ca">
         <name>.text:sendByteSPI</name>
         <load_address>0xccca</load_address>
         <run_address>0xccca</run_address>
         <size>0x72</size>
         <input_file_ref idref="fl-8"/>
      </object_component>
      <object_component id="oc-247">
         <name>.text:drvPWMInit</name>
         <load_address>0xcd3c</load_address>
         <run_address>0xcd3c</run_address>
         <size>0x70</size>
         <input_file_ref idref="fl-6"/>
      </object_component>
      <object_component id="oc-337">
         <name>.text:reception</name>
         <load_address>0xcdac</load_address>
         <run_address>0xcdac</run_address>
         <size>0x70</size>
         <input_file_ref idref="fl-7"/>
      </object_component>
      <object_component id="oc-384">
         <name>.text:conversionStringToDataType</name>
         <load_address>0xce1c</load_address>
         <run_address>0xce1c</run_address>
         <size>0x6a</size>
         <input_file_ref idref="fl-10"/>
      </object_component>
      <object_component id="oc-4f9">
         <name>.text</name>
         <load_address>0xce86</load_address>
         <run_address>0xce86</run_address>
         <size>0x68</size>
         <input_file_ref idref="fl-35"/>
      </object_component>
      <object_component id="oc-38c">
         <name>.text:conversionDataTypeToString</name>
         <load_address>0xceee</load_address>
         <run_address>0xceee</run_address>
         <size>0x62</size>
         <input_file_ref idref="fl-10"/>
      </object_component>
      <object_component id="oc-494">
         <name>.text:writeStringIntoMemAddress</name>
         <load_address>0xcf50</load_address>
         <run_address>0xcf50</run_address>
         <size>0x62</size>
         <input_file_ref idref="fl-4"/>
      </object_component>
      <object_component id="oc-222">
         <name>.text:gpioWrite</name>
         <load_address>0xcfb2</load_address>
         <run_address>0xcfb2</run_address>
         <size>0x60</size>
         <input_file_ref idref="fl-b"/>
      </object_component>
      <object_component id="oc-464">
         <name>.text:readStringFromMemAddress</name>
         <load_address>0xd012</load_address>
         <run_address>0xd012</run_address>
         <size>0x60</size>
         <input_file_ref idref="fl-4"/>
      </object_component>
      <object_component id="oc-474">
         <name>.text:atoi</name>
         <load_address>0xd072</load_address>
         <run_address>0xd072</run_address>
         <size>0x52</size>
         <input_file_ref idref="fl-4f"/>
      </object_component>
      <object_component id="oc-1bb">
         <name>.text:boardInit</name>
         <load_address>0xd0c4</load_address>
         <run_address>0xd0c4</run_address>
         <size>0x52</size>
         <input_file_ref idref="fl-e"/>
      </object_component>
      <object_component id="oc-392">
         <name>.text:dataFrameTAPacking</name>
         <load_address>0xd116</load_address>
         <run_address>0xd116</run_address>
         <size>0x52</size>
         <input_file_ref idref="fl-d"/>
      </object_component>
      <object_component id="oc-344">
         <name>.text:drvI2CInit</name>
         <load_address>0xd168</load_address>
         <run_address>0xd168</run_address>
         <size>0x50</size>
         <input_file_ref idref="fl-5"/>
      </object_component>
      <object_component id="oc-328">
         <name>.text:drvUARTInit</name>
         <load_address>0xd1b8</load_address>
         <run_address>0xd1b8</run_address>
         <size>0x4e</size>
         <input_file_ref idref="fl-a"/>
      </object_component>
      <object_component id="oc-29c">
         <name>.text:recieveDataSerialComm</name>
         <load_address>0xd206</load_address>
         <run_address>0xd206</run_address>
         <size>0x4c</size>
         <input_file_ref idref="fl-7"/>
      </object_component>
      <object_component id="oc-ba">
         <name>.text</name>
         <load_address>0xd252</load_address>
         <run_address>0xd252</run_address>
         <size>0x4c</size>
         <input_file_ref idref="fl-42"/>
      </object_component>
      <object_component id="oc-515">
         <name>.text:onewire_read_bit</name>
         <load_address>0xd29e</load_address>
         <run_address>0xd29e</run_address>
         <size>0x4a</size>
         <input_file_ref idref="fl-3"/>
      </object_component>
      <object_component id="oc-39f">
         <name>.text</name>
         <load_address>0xd2e8</load_address>
         <run_address>0xd2e8</run_address>
         <size>0x4a</size>
         <input_file_ref idref="fl-30"/>
      </object_component>
      <object_component id="oc-24d">
         <name>.text:drvSPIInit</name>
         <load_address>0xd332</load_address>
         <run_address>0xd332</run_address>
         <size>0x48</size>
         <input_file_ref idref="fl-8"/>
      </object_component>
      <object_component id="oc-50e">
         <name>.text:onewire_write_bit</name>
         <load_address>0xd37a</load_address>
         <run_address>0xd37a</run_address>
         <size>0x48</size>
         <input_file_ref idref="fl-3"/>
      </object_component>
      <object_component id="oc-4b8">
         <name>.text</name>
         <load_address>0xd3c2</load_address>
         <run_address>0xd3c2</run_address>
         <size>0x46</size>
         <input_file_ref idref="fl-36"/>
      </object_component>
      <object_component id="oc-273">
         <name>.text:modifiableVariablesEEPROMRecovery</name>
         <load_address>0xd408</load_address>
         <run_address>0xd408</run_address>
         <size>0x44</size>
         <input_file_ref idref="fl-c"/>
      </object_component>
      <object_component id="oc-1e0">
         <name>.text:__TI_auto_init_nobinit_nopinit:__TI_auto_init_nobinit_nopinit</name>
         <load_address>0xd44c</load_address>
         <run_address>0xd44c</run_address>
         <size>0x42</size>
         <input_file_ref idref="fl-44"/>
      </object_component>
      <object_component id="oc-4c4">
         <name>.text:gpioRead</name>
         <load_address>0xd48e</load_address>
         <run_address>0xd48e</run_address>
         <size>0x42</size>
         <input_file_ref idref="fl-b"/>
      </object_component>
      <object_component id="oc-e1">
         <name>.text:USCI0RX_ISR</name>
         <load_address>0xd4d0</load_address>
         <run_address>0xd4d0</run_address>
         <size>0x40</size>
         <input_file_ref idref="fl-a"/>
      </object_component>
      <object_component id="oc-49b">
         <name>.text:onewire_reset</name>
         <load_address>0xd510</load_address>
         <run_address>0xd510</run_address>
         <size>0x40</size>
         <input_file_ref idref="fl-3"/>
      </object_component>
      <object_component id="oc-2d2">
         <name>.text:executeOnSwitchChange</name>
         <load_address>0xd550</load_address>
         <run_address>0xd550</run_address>
         <size>0x3e</size>
         <input_file_ref idref="fl-9"/>
      </object_component>
      <object_component id="oc-458">
         <name>.text:getLSBValueAddress</name>
         <load_address>0xd58e</load_address>
         <run_address>0xd58e</run_address>
         <size>0x3c</size>
         <input_file_ref idref="fl-4"/>
      </object_component>
      <object_component id="oc-375">
         <name>.text:readCommStatusUART</name>
         <load_address>0xd5ca</load_address>
         <run_address>0xd5ca</run_address>
         <size>0x3c</size>
         <input_file_ref idref="fl-a"/>
      </object_component>
      <object_component id="oc-296">
         <name>.text:gpioToggle</name>
         <load_address>0xd606</load_address>
         <run_address>0xd606</run_address>
         <size>0x3a</size>
         <input_file_ref idref="fl-b"/>
      </object_component>
      <object_component id="oc-36c">
         <name>.text:readDataFromEEPROM</name>
         <load_address>0xd640</load_address>
         <run_address>0xd640</run_address>
         <size>0x3a</size>
         <input_file_ref idref="fl-4"/>
      </object_component>
      <object_component id="oc-3a4">
         <name>.text:writeDataIntoEEPROM</name>
         <load_address>0xd67a</load_address>
         <run_address>0xd67a</run_address>
         <size>0x3a</size>
         <input_file_ref idref="fl-4"/>
      </object_component>
      <object_component id="oc-365">
         <name>.text:readCharacterFromMemAddress</name>
         <load_address>0xd6b4</load_address>
         <run_address>0xd6b4</run_address>
         <size>0x38</size>
         <input_file_ref idref="fl-4"/>
      </object_component>
      <object_component id="oc-2a2">
         <name>.text:transmitDataSerialComm</name>
         <load_address>0xd6ec</load_address>
         <run_address>0xd6ec</run_address>
         <size>0x38</size>
         <input_file_ref idref="fl-7"/>
      </object_component>
      <object_component id="oc-4ad">
         <name>.text</name>
         <load_address>0xd724</load_address>
         <run_address>0xd724</run_address>
         <size>0x36</size>
         <input_file_ref idref="fl-32"/>
      </object_component>
      <object_component id="oc-27e">
         <name>.text:EEPROMStatusLEDBlinkUpdater</name>
         <load_address>0xd75a</load_address>
         <run_address>0xd75a</run_address>
         <size>0x34</size>
         <input_file_ref idref="fl-c"/>
      </object_component>
      <object_component id="oc-284">
         <name>.text:SERIALStatusLEDBlinkUpdater</name>
         <load_address>0xd78e</load_address>
         <run_address>0xd78e</run_address>
         <size>0x34</size>
         <input_file_ref idref="fl-c"/>
      </object_component>
      <object_component id="oc-26d">
         <name>.text:checkCommStatusEEPROM</name>
         <load_address>0xd7c2</load_address>
         <run_address>0xd7c2</run_address>
         <size>0x32</size>
         <input_file_ref idref="fl-4"/>
      </object_component>
      <object_component id="oc-45e">
         <name>.text:getDataFrameLen</name>
         <load_address>0xd7f4</load_address>
         <run_address>0xd7f4</run_address>
         <size>0x2c</size>
         <input_file_ref idref="fl-4"/>
      </object_component>
      <object_component id="oc-316">
         <name>.text</name>
         <load_address>0xd820</load_address>
         <run_address>0xd820</run_address>
         <size>0x2c</size>
         <input_file_ref idref="fl-2b"/>
      </object_component>
      <object_component id="oc-4ff">
         <name>.text</name>
         <load_address>0xd84c</load_address>
         <run_address>0xd84c</run_address>
         <size>0x2c</size>
         <input_file_ref idref="fl-2c"/>
      </object_component>
      <object_component id="oc-b5">
         <name>.text</name>
         <load_address>0xd878</load_address>
         <run_address>0xd878</run_address>
         <size>0x2c</size>
         <input_file_ref idref="fl-41"/>
      </object_component>
      <object_component id="oc-37e">
         <name>.text:dataFrameTAUnpacking</name>
         <load_address>0xd8a4</load_address>
         <run_address>0xd8a4</run_address>
         <size>0x2a</size>
         <input_file_ref idref="fl-d"/>
      </object_component>
      <object_component id="oc-23b">
         <name>.text:drvSerialCommInit</name>
         <load_address>0xd8ce</load_address>
         <run_address>0xd8ce</run_address>
         <size>0x2a</size>
         <input_file_ref idref="fl-7"/>
      </object_component>
      <object_component id="oc-452">
         <name>.text:getMSBValueAddress</name>
         <load_address>0xd8f8</load_address>
         <run_address>0xd8f8</run_address>
         <size>0x2a</size>
         <input_file_ref idref="fl-4"/>
      </object_component>
      <object_component id="oc-398">
         <name>.text:transmission</name>
         <load_address>0xd922</load_address>
         <run_address>0xd922</run_address>
         <size>0x28</size>
         <input_file_ref idref="fl-7"/>
      </object_component>
      <object_component id="oc-4a7">
         <name>.text:onewire_read_byte</name>
         <load_address>0xd94a</load_address>
         <run_address>0xd94a</run_address>
         <size>0x26</size>
         <input_file_ref idref="fl-3"/>
      </object_component>
      <object_component id="oc-4a1">
         <name>.text:onewire_write_byte</name>
         <load_address>0xd970</load_address>
         <run_address>0xd970</run_address>
         <size>0x26</size>
         <input_file_ref idref="fl-3"/>
      </object_component>
      <object_component id="oc-2c6">
         <name>.text:recoveryOnMSPPCConnectionError</name>
         <load_address>0xd996</load_address>
         <run_address>0xd996</run_address>
         <size>0x26</size>
         <input_file_ref idref="fl-c"/>
      </object_component>
      <object_component id="oc-2ba">
         <name>.text:stepResponseHandler</name>
         <load_address>0xd9bc</load_address>
         <run_address>0xd9bc</run_address>
         <size>0x24</size>
         <input_file_ref idref="fl-c"/>
      </object_component>
      <object_component id="oc-4be">
         <name>.text:conversionCharToBinaryArray</name>
         <load_address>0xd9e0</load_address>
         <run_address>0xd9e0</run_address>
         <size>0x20</size>
         <input_file_ref idref="fl-10"/>
      </object_component>
      <object_component id="oc-43e">
         <name>.text:beginReceptionI2C</name>
         <load_address>0xda00</load_address>
         <run_address>0xda00</run_address>
         <size>0x1e</size>
         <input_file_ref idref="fl-5"/>
      </object_component>
      <object_component id="oc-10b">
         <name>.text:_c_int00_noargs</name>
         <load_address>0xda1e</load_address>
         <run_address>0xda1e</run_address>
         <size>0x1c</size>
         <input_file_ref idref="fl-43"/>
      </object_component>
      <object_component id="oc-253">
         <name>.text:drvDS18B20Init</name>
         <load_address>0xda3a</load_address>
         <run_address>0xda3a</run_address>
         <size>0x1c</size>
         <input_file_ref idref="fl-3"/>
      </object_component>
      <object_component id="oc-3c2">
         <name>.text:modifyDC</name>
         <load_address>0xda56</load_address>
         <run_address>0xda56</run_address>
         <size>0x1c</size>
         <input_file_ref idref="fl-6"/>
      </object_component>
      <object_component id="oc-1b5">
         <name>.text:systemInitFirst</name>
         <load_address>0xda72</load_address>
         <run_address>0xda72</run_address>
         <size>0x1c</size>
         <input_file_ref idref="fl-e"/>
      </object_component>
      <object_component id="oc-432">
         <name>.text:beginTransmissionI2C</name>
         <load_address>0xda8e</load_address>
         <run_address>0xda8e</run_address>
         <size>0x18</size>
         <input_file_ref idref="fl-5"/>
      </object_component>
      <object_component id="oc-444">
         <name>.text:endTransactionI2C</name>
         <load_address>0xdaa6</load_address>
         <run_address>0xdaa6</run_address>
         <size>0x18</size>
         <input_file_ref idref="fl-5"/>
      </object_component>
      <object_component id="oc-e7">
         <name>.text:isr_myPWM</name>
         <load_address>0xdabe</load_address>
         <run_address>0xdabe</run_address>
         <size>0x18</size>
         <input_file_ref idref="fl-6"/>
      </object_component>
      <object_component id="oc-2ae">
         <name>.text:readTemperatureDS18B20</name>
         <load_address>0xdad6</load_address>
         <run_address>0xdad6</run_address>
         <size>0x18</size>
         <input_file_ref idref="fl-3"/>
      </object_component>
      <object_component id="oc-44a">
         <name>.text:recieveCharacterI2C</name>
         <load_address>0xdaee</load_address>
         <run_address>0xdaee</run_address>
         <size>0x18</size>
         <input_file_ref idref="fl-5"/>
      </object_component>
      <object_component id="oc-171">
         <name>.text:main</name>
         <load_address>0xdb06</load_address>
         <run_address>0xdb06</run_address>
         <size>0x16</size>
         <input_file_ref idref="fl-c"/>
      </object_component>
      <object_component id="oc-3d3">
         <name>.text:readSwitchState</name>
         <load_address>0xdb1c</load_address>
         <run_address>0xdb1c</run_address>
         <size>0x16</size>
         <input_file_ref idref="fl-9"/>
      </object_component>
      <object_component id="oc-529">
         <name>.text</name>
         <load_address>0xdb32</load_address>
         <run_address>0xdb32</run_address>
         <size>0x16</size>
         <input_file_ref idref="fl-2d"/>
      </object_component>
      <object_component id="oc-22f">
         <name>.text:timerInit</name>
         <load_address>0xdb48</load_address>
         <run_address>0xdb48</run_address>
         <size>0x16</size>
         <input_file_ref idref="fl-f"/>
      </object_component>
      <object_component id="oc-2cc">
         <name>.text:changeOnSwitch</name>
         <load_address>0xdb5e</load_address>
         <run_address>0xdb5e</run_address>
         <size>0x14</size>
         <input_file_ref idref="fl-c"/>
      </object_component>
      <object_component id="oc-28a">
         <name>.text:checkCommStatusSerial</name>
         <load_address>0xdb72</load_address>
         <run_address>0xdb72</run_address>
         <size>0x14</size>
         <input_file_ref idref="fl-7"/>
      </object_component>
      <object_component id="oc-f9">
         <name>.text:decompress:ZI:__TI_zero_init_nomemset:__TI_zero_init_nomemset</name>
         <load_address>0xdb86</load_address>
         <run_address>0xdb86</run_address>
         <size>0x14</size>
         <input_file_ref idref="fl-45"/>
      </object_component>
      <object_component id="oc-3fd">
         <name>.text</name>
         <load_address>0xdb9a</load_address>
         <run_address>0xdb9a</run_address>
         <size>0x14</size>
         <input_file_ref idref="fl-52"/>
      </object_component>
      <object_component id="oc-290">
         <name>.text:timerExpired</name>
         <load_address>0xdbae</load_address>
         <run_address>0xdbae</run_address>
         <size>0x14</size>
         <input_file_ref idref="fl-f"/>
      </object_component>
      <object_component id="oc-259">
         <name>.text:timerStart</name>
         <load_address>0xdbc2</load_address>
         <run_address>0xdbc2</run_address>
         <size>0x14</size>
         <input_file_ref idref="fl-f"/>
      </object_component>
      <object_component id="oc-3a">
         <name>.text:decompress:none:__TI_decompress_none</name>
         <load_address>0xdbd6</load_address>
         <run_address>0xdbd6</run_address>
         <size>0x12</size>
         <input_file_ref idref="fl-4a"/>
      </object_component>
      <object_component id="oc-507">
         <name>.text:delay_us</name>
         <load_address>0xdbe8</load_address>
         <run_address>0xdbe8</run_address>
         <size>0x12</size>
         <input_file_ref idref="fl-3"/>
      </object_component>
      <object_component id="oc-241">
         <name>.text:drvEEPROMInit</name>
         <load_address>0xdbfa</load_address>
         <run_address>0xdbfa</run_address>
         <size>0x12</size>
         <input_file_ref idref="fl-4"/>
      </object_component>
      <object_component id="oc-cf">
         <name>.text:memcpy</name>
         <load_address>0xdc0c</load_address>
         <run_address>0xdc0c</run_address>
         <size>0x12</size>
         <input_file_ref idref="fl-51"/>
      </object_component>
      <object_component id="oc-2d8">
         <name>.text:timerDelay</name>
         <load_address>0xdc1e</load_address>
         <run_address>0xdc1e</run_address>
         <size>0x12</size>
         <input_file_ref idref="fl-f"/>
      </object_component>
      <object_component id="oc-438">
         <name>.text:transmitCharacterI2C</name>
         <load_address>0xdc30</load_address>
         <run_address>0xdc30</run_address>
         <size>0x12</size>
         <input_file_ref idref="fl-5"/>
      </object_component>
      <object_component id="oc-48c">
         <name>.text:transmitCharacterUART</name>
         <load_address>0xdc42</load_address>
         <run_address>0xdc42</run_address>
         <size>0x12</size>
         <input_file_ref idref="fl-a"/>
      </object_component>
      <object_component id="oc-235">
         <name>.text:drvSWInit</name>
         <load_address>0xdc54</load_address>
         <run_address>0xdc54</run_address>
         <size>0x10</size>
         <input_file_ref idref="fl-9"/>
      </object_component>
      <object_component id="oc-bf">
         <name>.text</name>
         <load_address>0xdc64</load_address>
         <run_address>0xdc64</run_address>
         <size>0x10</size>
         <input_file_ref idref="fl-2e"/>
      </object_component>
      <object_component id="oc-33d">
         <name>.text:RXInterruptUART</name>
         <load_address>0xdc74</load_address>
         <run_address>0xdc74</run_address>
         <size>0xa</size>
         <input_file_ref idref="fl-a"/>
      </object_component>
      <object_component id="oc-35f">
         <name>.text:readCommStatus</name>
         <load_address>0xdc7e</load_address>
         <run_address>0xdc7e</run_address>
         <size>0xa</size>
         <input_file_ref idref="fl-5"/>
      </object_component>
      <object_component id="oc-3bd">
         <name>.text</name>
         <load_address>0xdc88</load_address>
         <run_address>0xdc88</run_address>
         <size>0xa</size>
         <input_file_ref idref="fl-34"/>
      </object_component>
      <object_component id="oc-dc">
         <name>.text:_isr:__TI_ISR_TRAP</name>
         <load_address>0xdc92</load_address>
         <run_address>0xdc92</run_address>
         <size>0x8</size>
         <input_file_ref idref="fl-40"/>
      </object_component>
      <object_component id="oc-1d4">
         <name>.text:abort</name>
         <load_address>0xdc9a</load_address>
         <run_address>0xdc9a</run_address>
         <size>0x6</size>
         <input_file_ref idref="fl-4c"/>
      </object_component>
      <object_component id="oc-f3">
         <name>.text:timer_isr</name>
         <load_address>0xdca0</load_address>
         <run_address>0xdca0</run_address>
         <size>0x6</size>
         <input_file_ref idref="fl-f"/>
      </object_component>
      <object_component id="oc-16b">
         <name>.text:_system_pre_init</name>
         <load_address>0xdca6</load_address>
         <run_address>0xdca6</run_address>
         <size>0x4</size>
         <input_file_ref idref="fl-48"/>
      </object_component>
      <object_component id="oc-1c7">
         <name>.text:systemInitLast</name>
         <load_address>0xdcaa</load_address>
         <run_address>0xdcaa</run_address>
         <size>0x4</size>
         <input_file_ref idref="fl-e"/>
      </object_component>
      <object_component id="oc-2f1">
         <name>.text:_system_post_cinit</name>
         <load_address>0xdcae</load_address>
         <run_address>0xdcae</run_address>
         <size>0x2</size>
         <input_file_ref idref="fl-49"/>
      </object_component>
      <object_component id="oc-ed">
         <name>.text:isr_myccr</name>
         <load_address>0xdcb0</load_address>
         <run_address>0xdcb0</run_address>
         <size>0x2</size>
         <input_file_ref idref="fl-6"/>
      </object_component>
      <object_component id="oc-574">
         <name>__TI_handler_table</name>
         <load_address>0xddb4</load_address>
         <run_address>0xddb4</run_address>
         <size>0x6</size>
      </object_component>
      <object_component id="oc-577">
         <name>.cinit..data.load</name>
         <load_address>0xddba</load_address>
         <run_address>0xddba</run_address>
         <size>0x5</size>
      </object_component>
      <object_component id="oc-576">
         <name>.cinit..bss.load</name>
         <load_address>0xddc0</load_address>
         <run_address>0xddc0</run_address>
         <size>0x4</size>
      </object_component>
      <object_component id="oc-575">
         <name>__TI_cinit_table</name>
         <load_address>0xddc4</load_address>
         <run_address>0xddc4</run_address>
         <size>0x8</size>
      </object_component>
      <object_component id="oc-4f2">
         <name>.const:.string:_ctypes_</name>
         <load_address>0xdcb2</load_address>
         <run_address>0xdcb2</run_address>
         <size>0x101</size>
         <input_file_ref idref="fl-50"/>
      </object_component>
      <object_component id="oc-536">
         <name>.binit</name>
         <load_address>0xc000</load_address>
         <run_address>0xc000</run_address>
         <size>0x0</size>
      </object_component>
      <object_component id="oc-40">
         <name>.int00</name>
         <load_address>0xffe0</load_address>
         <run_address>0xffe0</run_address>
         <size>0x2</size>
         <input_file_ref idref="fl-37"/>
      </object_component>
      <object_component id="oc-41">
         <name>.int02</name>
         <load_address>0xffe4</load_address>
         <run_address>0xffe4</run_address>
         <size>0x2</size>
         <input_file_ref idref="fl-38"/>
      </object_component>
      <object_component id="oc-42">
         <name>.int03</name>
         <load_address>0xffe6</load_address>
         <run_address>0xffe6</run_address>
         <size>0x2</size>
         <input_file_ref idref="fl-39"/>
      </object_component>
      <object_component id="oc-43">
         <name>.int05</name>
         <load_address>0xffea</load_address>
         <run_address>0xffea</run_address>
         <size>0x2</size>
         <input_file_ref idref="fl-3a"/>
      </object_component>
      <object_component id="oc-44">
         <name>.int06</name>
         <load_address>0xffec</load_address>
         <run_address>0xffec</run_address>
         <size>0x2</size>
         <input_file_ref idref="fl-3b"/>
      </object_component>
      <object_component id="oc-45">
         <name>.int07</name>
         <load_address>0xffee</load_address>
         <run_address>0xffee</run_address>
         <size>0x2</size>
         <input_file_ref idref="fl-a"/>
      </object_component>
      <object_component id="oc-46">
         <name>.int08</name>
         <load_address>0xfff0</load_address>
         <run_address>0xfff0</run_address>
         <size>0x2</size>
         <input_file_ref idref="fl-6"/>
      </object_component>
      <object_component id="oc-47">
         <name>.int09</name>
         <load_address>0xfff2</load_address>
         <run_address>0xfff2</run_address>
         <size>0x2</size>
         <input_file_ref idref="fl-6"/>
      </object_component>
      <object_component id="oc-48">
         <name>.int10</name>
         <load_address>0xfff4</load_address>
         <run_address>0xfff4</run_address>
         <size>0x2</size>
         <input_file_ref idref="fl-f"/>
      </object_component>
      <object_component id="oc-49">
         <name>.int11</name>
         <load_address>0xfff6</load_address>
         <run_address>0xfff6</run_address>
         <size>0x2</size>
         <input_file_ref idref="fl-3c"/>
      </object_component>
      <object_component id="oc-4a">
         <name>.int12</name>
         <load_address>0xfff8</load_address>
         <run_address>0xfff8</run_address>
         <size>0x2</size>
         <input_file_ref idref="fl-3d"/>
      </object_component>
      <object_component id="oc-4b">
         <name>.int13</name>
         <load_address>0xfffa</load_address>
         <run_address>0xfffa</run_address>
         <size>0x2</size>
         <input_file_ref idref="fl-3e"/>
      </object_component>
      <object_component id="oc-4c">
         <name>.int14</name>
         <load_address>0xfffc</load_address>
         <run_address>0xfffc</run_address>
         <size>0x2</size>
         <input_file_ref idref="fl-3f"/>
      </object_component>
      <object_component id="oc-b4">
         <name>.reset</name>
         <load_address>0xfffe</load_address>
         <run_address>0xfffe</run_address>
         <size>0x2</size>
         <input_file_ref idref="fl-43"/>
      </object_component>
      <object_component id="oc-21e">
         <name>.debug_info</name>
         <load_address>0x0</load_address>
         <run_address>0x0</run_address>
         <size>0x25c</size>
         <input_file_ref idref="fl-2"/>
      </object_component>
      <object_component id="oc-1aa">
         <name>.debug_info</name>
         <load_address>0x25c</load_address>
         <run_address>0x25c</run_address>
         <size>0x26b</size>
         <input_file_ref idref="fl-2"/>
      </object_component>
      <object_component id="oc-ca">
         <name>.debug_info</name>
         <load_address>0x4c7</load_address>
         <run_address>0x4c7</run_address>
         <size>0x84</size>
         <input_file_ref idref="fl-2"/>
      </object_component>
      <object_component id="oc-219">
         <name>.debug_info</name>
         <load_address>0x54b</load_address>
         <run_address>0x54b</run_address>
         <size>0x282</size>
         <input_file_ref idref="fl-2"/>
      </object_component>
      <object_component id="oc-214">
         <name>.debug_info</name>
         <load_address>0x7cd</load_address>
         <run_address>0x7cd</run_address>
         <size>0xbb</size>
         <input_file_ref idref="fl-2"/>
      </object_component>
      <object_component id="oc-31c">
         <name>.debug_info</name>
         <load_address>0x888</load_address>
         <run_address>0x888</run_address>
         <size>0x2c</size>
         <input_file_ref idref="fl-2"/>
      </object_component>
      <object_component id="oc-1a1">
         <name>.debug_info</name>
         <load_address>0x8b4</load_address>
         <run_address>0x8b4</run_address>
         <size>0x2c</size>
         <input_file_ref idref="fl-2"/>
      </object_component>
      <object_component id="oc-3b2">
         <name>.debug_info</name>
         <load_address>0x8e0</load_address>
         <run_address>0x8e0</run_address>
         <size>0x25c</size>
         <input_file_ref idref="fl-3"/>
      </object_component>
      <object_component id="oc-357">
         <name>.debug_info</name>
         <load_address>0xb3c</load_address>
         <run_address>0xb3c</run_address>
         <size>0x166</size>
         <input_file_ref idref="fl-3"/>
      </object_component>
      <object_component id="oc-508">
         <name>.debug_info</name>
         <load_address>0xca2</load_address>
         <run_address>0xca2</run_address>
         <size>0x148</size>
         <input_file_ref idref="fl-3"/>
      </object_component>
      <object_component id="oc-49c">
         <name>.debug_info</name>
         <load_address>0xdea</load_address>
         <run_address>0xdea</run_address>
         <size>0x1a6</size>
         <input_file_ref idref="fl-3"/>
      </object_component>
      <object_component id="oc-50f">
         <name>.debug_info</name>
         <load_address>0xf90</load_address>
         <run_address>0xf90</run_address>
         <size>0x1c8</size>
         <input_file_ref idref="fl-3"/>
      </object_component>
      <object_component id="oc-4a2">
         <name>.debug_info</name>
         <load_address>0x1158</load_address>
         <run_address>0x1158</run_address>
         <size>0x187</size>
         <input_file_ref idref="fl-3"/>
      </object_component>
      <object_component id="oc-518">
         <name>.debug_info</name>
         <load_address>0x12df</load_address>
         <run_address>0x12df</run_address>
         <size>0x19d</size>
         <input_file_ref idref="fl-3"/>
      </object_component>
      <object_component id="oc-4a9">
         <name>.debug_info</name>
         <load_address>0x147c</load_address>
         <run_address>0x147c</run_address>
         <size>0x18b</size>
         <input_file_ref idref="fl-3"/>
      </object_component>
      <object_component id="oc-3ad">
         <name>.debug_info</name>
         <load_address>0x1607</load_address>
         <run_address>0x1607</run_address>
         <size>0x36d</size>
         <input_file_ref idref="fl-3"/>
      </object_component>
      <object_component id="oc-2af">
         <name>.debug_info</name>
         <load_address>0x1974</load_address>
         <run_address>0x1974</run_address>
         <size>0x197</size>
         <input_file_ref idref="fl-3"/>
      </object_component>
      <object_component id="oc-256">
         <name>.debug_info</name>
         <load_address>0x1b0b</load_address>
         <run_address>0x1b0b</run_address>
         <size>0x14a</size>
         <input_file_ref idref="fl-3"/>
      </object_component>
      <object_component id="oc-451">
         <name>.debug_info</name>
         <load_address>0x1c55</load_address>
         <run_address>0x1c55</run_address>
         <size>0x37f</size>
         <input_file_ref idref="fl-4"/>
      </object_component>
      <object_component id="oc-34b">
         <name>.debug_info</name>
         <load_address>0x1fd4</load_address>
         <run_address>0x1fd4</run_address>
         <size>0xf3</size>
         <input_file_ref idref="fl-4"/>
      </object_component>
      <object_component id="oc-34e">
         <name>.debug_info</name>
         <load_address>0x20c7</load_address>
         <run_address>0x20c7</run_address>
         <size>0xf3</size>
         <input_file_ref idref="fl-4"/>
      </object_component>
      <object_component id="oc-495">
         <name>.debug_info</name>
         <load_address>0x21ba</load_address>
         <run_address>0x21ba</run_address>
         <size>0x302</size>
         <input_file_ref idref="fl-4"/>
      </object_component>
      <object_component id="oc-455">
         <name>.debug_info</name>
         <load_address>0x24bc</load_address>
         <run_address>0x24bc</run_address>
         <size>0x197</size>
         <input_file_ref idref="fl-4"/>
      </object_component>
      <object_component id="oc-45a">
         <name>.debug_info</name>
         <load_address>0x2653</load_address>
         <run_address>0x2653</run_address>
         <size>0x209</size>
         <input_file_ref idref="fl-4"/>
      </object_component>
      <object_component id="oc-460">
         <name>.debug_info</name>
         <load_address>0x285c</load_address>
         <run_address>0x285c</run_address>
         <size>0x191</size>
         <input_file_ref idref="fl-4"/>
      </object_component>
      <object_component id="oc-3a6">
         <name>.debug_info</name>
         <load_address>0x29ed</load_address>
         <run_address>0x29ed</run_address>
         <size>0x2ba</size>
         <input_file_ref idref="fl-4"/>
      </object_component>
      <object_component id="oc-466">
         <name>.debug_info</name>
         <load_address>0x2ca7</load_address>
         <run_address>0x2ca7</run_address>
         <size>0x2e7</size>
         <input_file_ref idref="fl-4"/>
      </object_component>
      <object_component id="oc-36f">
         <name>.debug_info</name>
         <load_address>0x2f8e</load_address>
         <run_address>0x2f8e</run_address>
         <size>0x2c7</size>
         <input_file_ref idref="fl-4"/>
      </object_component>
      <object_component id="oc-368">
         <name>.debug_info</name>
         <load_address>0x3255</load_address>
         <run_address>0x3255</run_address>
         <size>0x2b1</size>
         <input_file_ref idref="fl-4"/>
      </object_component>
      <object_component id="oc-244">
         <name>.debug_info</name>
         <load_address>0x3506</load_address>
         <run_address>0x3506</run_address>
         <size>0x147</size>
         <input_file_ref idref="fl-4"/>
      </object_component>
      <object_component id="oc-270">
         <name>.debug_info</name>
         <load_address>0x364d</load_address>
         <run_address>0x364d</run_address>
         <size>0x1c1</size>
         <input_file_ref idref="fl-4"/>
      </object_component>
      <object_component id="oc-420">
         <name>.debug_info</name>
         <load_address>0x380e</load_address>
         <run_address>0x380e</run_address>
         <size>0x75</size>
         <input_file_ref idref="fl-4"/>
      </object_component>
      <object_component id="oc-41b">
         <name>.debug_info</name>
         <load_address>0x3883</load_address>
         <run_address>0x3883</run_address>
         <size>0xf8</size>
         <input_file_ref idref="fl-5"/>
      </object_component>
      <object_component id="oc-43c">
         <name>.debug_info</name>
         <load_address>0x397b</load_address>
         <run_address>0x397b</run_address>
         <size>0x171</size>
         <input_file_ref idref="fl-5"/>
      </object_component>
      <object_component id="oc-44e">
         <name>.debug_info</name>
         <load_address>0x3aec</load_address>
         <run_address>0x3aec</run_address>
         <size>0x158</size>
         <input_file_ref idref="fl-5"/>
      </object_component>
      <object_component id="oc-42e">
         <name>.debug_info</name>
         <load_address>0x3c44</load_address>
         <run_address>0x3c44</run_address>
         <size>0x1a4</size>
         <input_file_ref idref="fl-5"/>
      </object_component>
      <object_component id="oc-362">
         <name>.debug_info</name>
         <load_address>0x3de8</load_address>
         <run_address>0x3de8</run_address>
         <size>0x14b</size>
         <input_file_ref idref="fl-5"/>
      </object_component>
      <object_component id="oc-447">
         <name>.debug_info</name>
         <load_address>0x3f33</load_address>
         <run_address>0x3f33</run_address>
         <size>0x135</size>
         <input_file_ref idref="fl-5"/>
      </object_component>
      <object_component id="oc-348">
         <name>.debug_info</name>
         <load_address>0x4068</load_address>
         <run_address>0x4068</run_address>
         <size>0x16d</size>
         <input_file_ref idref="fl-5"/>
      </object_component>
      <object_component id="oc-436">
         <name>.debug_info</name>
         <load_address>0x41d5</load_address>
         <run_address>0x41d5</run_address>
         <size>0x153</size>
         <input_file_ref idref="fl-5"/>
      </object_component>
      <object_component id="oc-442">
         <name>.debug_info</name>
         <load_address>0x4328</load_address>
         <run_address>0x4328</run_address>
         <size>0x135</size>
         <input_file_ref idref="fl-5"/>
      </object_component>
      <object_component id="oc-15d">
         <name>.debug_info</name>
         <load_address>0x445d</load_address>
         <run_address>0x445d</run_address>
         <size>0x2aa</size>
         <input_file_ref idref="fl-6"/>
      </object_component>
      <object_component id="oc-15a">
         <name>.debug_info</name>
         <load_address>0x4707</load_address>
         <run_address>0x4707</run_address>
         <size>0xf4</size>
         <input_file_ref idref="fl-6"/>
      </object_component>
      <object_component id="oc-3c3">
         <name>.debug_info</name>
         <load_address>0x47fb</load_address>
         <run_address>0x47fb</run_address>
         <size>0x17e</size>
         <input_file_ref idref="fl-6"/>
      </object_component>
      <object_component id="oc-ee">
         <name>.debug_info</name>
         <load_address>0x4979</load_address>
         <run_address>0x4979</run_address>
         <size>0x126</size>
         <input_file_ref idref="fl-6"/>
      </object_component>
      <object_component id="oc-e8">
         <name>.debug_info</name>
         <load_address>0x4a9f</load_address>
         <run_address>0x4a9f</run_address>
         <size>0x13a</size>
         <input_file_ref idref="fl-6"/>
      </object_component>
      <object_component id="oc-249">
         <name>.debug_info</name>
         <load_address>0x4bd9</load_address>
         <run_address>0x4bd9</run_address>
         <size>0x147</size>
         <input_file_ref idref="fl-6"/>
      </object_component>
      <object_component id="oc-38b">
         <name>.debug_info</name>
         <load_address>0x4d20</load_address>
         <run_address>0x4d20</run_address>
         <size>0x3a8</size>
         <input_file_ref idref="fl-7"/>
      </object_component>
      <object_component id="oc-32f">
         <name>.debug_info</name>
         <load_address>0x50c8</load_address>
         <run_address>0x50c8</run_address>
         <size>0xf8</size>
         <input_file_ref idref="fl-7"/>
      </object_component>
      <object_component id="oc-332">
         <name>.debug_info</name>
         <load_address>0x51c0</load_address>
         <run_address>0x51c0</run_address>
         <size>0xf8</size>
         <input_file_ref idref="fl-7"/>
      </object_component>
      <object_component id="oc-335">
         <name>.debug_info</name>
         <load_address>0x52b8</load_address>
         <run_address>0x52b8</run_address>
         <size>0x146</size>
         <input_file_ref idref="fl-7"/>
      </object_component>
      <object_component id="oc-39a">
         <name>.debug_info</name>
         <load_address>0x53fe</load_address>
         <run_address>0x53fe</run_address>
         <size>0x16d</size>
         <input_file_ref idref="fl-7"/>
      </object_component>
      <object_component id="oc-2a3">
         <name>.debug_info</name>
         <load_address>0x556b</load_address>
         <run_address>0x556b</run_address>
         <size>0x238</size>
         <input_file_ref idref="fl-7"/>
      </object_component>
      <object_component id="oc-29d">
         <name>.debug_info</name>
         <load_address>0x57a3</load_address>
         <run_address>0x57a3</run_address>
         <size>0x22d</size>
         <input_file_ref idref="fl-7"/>
      </object_component>
      <object_component id="oc-339">
         <name>.debug_info</name>
         <load_address>0x59d0</load_address>
         <run_address>0x59d0</run_address>
         <size>0x16b</size>
         <input_file_ref idref="fl-7"/>
      </object_component>
      <object_component id="oc-23c">
         <name>.debug_info</name>
         <load_address>0x5b3b</load_address>
         <run_address>0x5b3b</run_address>
         <size>0x175</size>
         <input_file_ref idref="fl-7"/>
      </object_component>
      <object_component id="oc-28b">
         <name>.debug_info</name>
         <load_address>0x5cb0</load_address>
         <run_address>0x5cb0</run_address>
         <size>0x172</size>
         <input_file_ref idref="fl-7"/>
      </object_component>
      <object_component id="oc-40f">
         <name>.debug_info</name>
         <load_address>0x5e22</load_address>
         <run_address>0x5e22</run_address>
         <size>0xb1</size>
         <input_file_ref idref="fl-7"/>
      </object_component>
      <object_component id="oc-4cb">
         <name>.debug_info</name>
         <load_address>0x5ed3</load_address>
         <run_address>0x5ed3</run_address>
         <size>0x2d9</size>
         <input_file_ref idref="fl-8"/>
      </object_component>
      <object_component id="oc-353">
         <name>.debug_info</name>
         <load_address>0x61ac</load_address>
         <run_address>0x61ac</run_address>
         <size>0xfc</size>
         <input_file_ref idref="fl-8"/>
      </object_component>
      <object_component id="oc-3cc">
         <name>.debug_info</name>
         <load_address>0x62a8</load_address>
         <run_address>0x62a8</run_address>
         <size>0x21b</size>
         <input_file_ref idref="fl-8"/>
      </object_component>
      <object_component id="oc-24e">
         <name>.debug_info</name>
         <load_address>0x64c3</load_address>
         <run_address>0x64c3</run_address>
         <size>0x195</size>
         <input_file_ref idref="fl-8"/>
      </object_component>
      <object_component id="oc-3da">
         <name>.debug_info</name>
         <load_address>0x6658</load_address>
         <run_address>0x6658</run_address>
         <size>0x201</size>
         <input_file_ref idref="fl-9"/>
      </object_component>
      <object_component id="oc-325">
         <name>.debug_info</name>
         <load_address>0x6859</load_address>
         <run_address>0x6859</run_address>
         <size>0x12f</size>
         <input_file_ref idref="fl-9"/>
      </object_component>
      <object_component id="oc-3d4">
         <name>.debug_info</name>
         <load_address>0x6988</load_address>
         <run_address>0x6988</run_address>
         <size>0x178</size>
         <input_file_ref idref="fl-9"/>
      </object_component>
      <object_component id="oc-2d3">
         <name>.debug_info</name>
         <load_address>0x6b00</load_address>
         <run_address>0x6b00</run_address>
         <size>0x1a8</size>
         <input_file_ref idref="fl-9"/>
      </object_component>
      <object_component id="oc-236">
         <name>.debug_info</name>
         <load_address>0x6ca8</load_address>
         <run_address>0x6ca8</run_address>
         <size>0x122</size>
         <input_file_ref idref="fl-9"/>
      </object_component>
      <object_component id="oc-213">
         <name>.debug_info</name>
         <load_address>0x6dca</load_address>
         <run_address>0x6dca</run_address>
         <size>0x2fe</size>
         <input_file_ref idref="fl-a"/>
      </object_component>
      <object_component id="oc-150">
         <name>.debug_info</name>
         <load_address>0x70c8</load_address>
         <run_address>0x70c8</run_address>
         <size>0xff</size>
         <input_file_ref idref="fl-a"/>
      </object_component>
      <object_component id="oc-153">
         <name>.debug_info</name>
         <load_address>0x71c7</load_address>
         <run_address>0x71c7</run_address>
         <size>0x107</size>
         <input_file_ref idref="fl-a"/>
      </object_component>
      <object_component id="oc-156">
         <name>.debug_info</name>
         <load_address>0x72ce</load_address>
         <run_address>0x72ce</run_address>
         <size>0x117</size>
         <input_file_ref idref="fl-a"/>
      </object_component>
      <object_component id="oc-48d">
         <name>.debug_info</name>
         <load_address>0x73e5</load_address>
         <run_address>0x73e5</run_address>
         <size>0x17a</size>
         <input_file_ref idref="fl-a"/>
      </object_component>
      <object_component id="oc-376">
         <name>.debug_info</name>
         <load_address>0x755f</load_address>
         <run_address>0x755f</run_address>
         <size>0x162</size>
         <input_file_ref idref="fl-a"/>
      </object_component>
      <object_component id="oc-329">
         <name>.debug_info</name>
         <load_address>0x76c1</load_address>
         <run_address>0x76c1</run_address>
         <size>0x13d</size>
         <input_file_ref idref="fl-a"/>
      </object_component>
      <object_component id="oc-e2">
         <name>.debug_info</name>
         <load_address>0x77fe</load_address>
         <run_address>0x77fe</run_address>
         <size>0x14b</size>
         <input_file_ref idref="fl-a"/>
      </object_component>
      <object_component id="oc-33f">
         <name>.debug_info</name>
         <load_address>0x7949</load_address>
         <run_address>0x7949</run_address>
         <size>0x152</size>
         <input_file_ref idref="fl-a"/>
      </object_component>
      <object_component id="oc-198">
         <name>.debug_info</name>
         <load_address>0x7a9b</load_address>
         <run_address>0x7a9b</run_address>
         <size>0x9d</size>
         <input_file_ref idref="fl-a"/>
      </object_component>
      <object_component id="oc-226">
         <name>.debug_info</name>
         <load_address>0x7b38</load_address>
         <run_address>0x7b38</run_address>
         <size>0x1e6</size>
         <input_file_ref idref="fl-b"/>
      </object_component>
      <object_component id="oc-299">
         <name>.debug_info</name>
         <load_address>0x7d1e</load_address>
         <run_address>0x7d1e</run_address>
         <size>0x19a</size>
         <input_file_ref idref="fl-b"/>
      </object_component>
      <object_component id="oc-4c8">
         <name>.debug_info</name>
         <load_address>0x7eb8</load_address>
         <run_address>0x7eb8</run_address>
         <size>0x1ad</size>
         <input_file_ref idref="fl-b"/>
      </object_component>
      <object_component id="oc-22c">
         <name>.debug_info</name>
         <load_address>0x8065</load_address>
         <run_address>0x8065</run_address>
         <size>0x280</size>
         <input_file_ref idref="fl-b"/>
      </object_component>
      <object_component id="oc-263">
         <name>.debug_info</name>
         <load_address>0x82e5</load_address>
         <run_address>0x82e5</run_address>
         <size>0x869</size>
         <input_file_ref idref="fl-c"/>
      </object_component>
      <object_component id="oc-260">
         <name>.debug_info</name>
         <load_address>0x8b4e</load_address>
         <run_address>0x8b4e</run_address>
         <size>0x26d</size>
         <input_file_ref idref="fl-c"/>
      </object_component>
      <object_component id="oc-277">
         <name>.debug_info</name>
         <load_address>0x8dbb</load_address>
         <run_address>0x8dbb</run_address>
         <size>0x1cc</size>
         <input_file_ref idref="fl-c"/>
      </object_component>
      <object_component id="oc-1c5">
         <name>.debug_info</name>
         <load_address>0x8f87</load_address>
         <run_address>0x8f87</run_address>
         <size>0x244</size>
         <input_file_ref idref="fl-c"/>
      </object_component>
      <object_component id="oc-282">
         <name>.debug_info</name>
         <load_address>0x91cb</load_address>
         <run_address>0x91cb</run_address>
         <size>0x187</size>
         <input_file_ref idref="fl-c"/>
      </object_component>
      <object_component id="oc-288">
         <name>.debug_info</name>
         <load_address>0x9352</load_address>
         <run_address>0x9352</run_address>
         <size>0x187</size>
         <input_file_ref idref="fl-c"/>
      </object_component>
      <object_component id="oc-2ac">
         <name>.debug_info</name>
         <load_address>0x94d9</load_address>
         <run_address>0x94d9</run_address>
         <size>0x1f1</size>
         <input_file_ref idref="fl-c"/>
      </object_component>
      <object_component id="oc-2b8">
         <name>.debug_info</name>
         <load_address>0x96ca</load_address>
         <run_address>0x96ca</run_address>
         <size>0x1e9</size>
         <input_file_ref idref="fl-c"/>
      </object_component>
      <object_component id="oc-2be">
         <name>.debug_info</name>
         <load_address>0x98b3</load_address>
         <run_address>0x98b3</run_address>
         <size>0x132</size>
         <input_file_ref idref="fl-c"/>
      </object_component>
      <object_component id="oc-2c4">
         <name>.debug_info</name>
         <load_address>0x99e5</load_address>
         <run_address>0x99e5</run_address>
         <size>0x260</size>
         <input_file_ref idref="fl-c"/>
      </object_component>
      <object_component id="oc-2ca">
         <name>.debug_info</name>
         <load_address>0x9c45</load_address>
         <run_address>0x9c45</run_address>
         <size>0x18c</size>
         <input_file_ref idref="fl-c"/>
      </object_component>
      <object_component id="oc-1d1">
         <name>.debug_info</name>
         <load_address>0x9dd1</load_address>
         <run_address>0x9dd1</run_address>
         <size>0x435</size>
         <input_file_ref idref="fl-c"/>
      </object_component>
      <object_component id="oc-175">
         <name>.debug_info</name>
         <load_address>0xa206</load_address>
         <run_address>0xa206</run_address>
         <size>0x162</size>
         <input_file_ref idref="fl-c"/>
      </object_component>
      <object_component id="oc-2d0">
         <name>.debug_info</name>
         <load_address>0xa368</load_address>
         <run_address>0xa368</run_address>
         <size>0x16c</size>
         <input_file_ref idref="fl-c"/>
      </object_component>
      <object_component id="oc-46d">
         <name>.debug_info</name>
         <load_address>0xa4d4</load_address>
         <run_address>0xa4d4</run_address>
         <size>0x14c</size>
         <input_file_ref idref="fl-d"/>
      </object_component>
      <object_component id="oc-381">
         <name>.debug_info</name>
         <load_address>0xa620</load_address>
         <run_address>0xa620</run_address>
         <size>0x1c4</size>
         <input_file_ref idref="fl-d"/>
      </object_component>
      <object_component id="oc-395">
         <name>.debug_info</name>
         <load_address>0xa7e4</load_address>
         <run_address>0xa7e4</run_address>
         <size>0x204</size>
         <input_file_ref idref="fl-d"/>
      </object_component>
      <object_component id="oc-1c8">
         <name>.debug_info</name>
         <load_address>0xa9e8</load_address>
         <run_address>0xa9e8</run_address>
         <size>0x12c</size>
         <input_file_ref idref="fl-e"/>
      </object_component>
      <object_component id="oc-1b6">
         <name>.debug_info</name>
         <load_address>0xab14</load_address>
         <run_address>0xab14</run_address>
         <size>0x12e</size>
         <input_file_ref idref="fl-e"/>
      </object_component>
      <object_component id="oc-1bc">
         <name>.debug_info</name>
         <load_address>0xac42</load_address>
         <run_address>0xac42</run_address>
         <size>0x19d</size>
         <input_file_ref idref="fl-e"/>
      </object_component>
      <object_component id="oc-1b1">
         <name>.debug_info</name>
         <load_address>0xaddf</load_address>
         <run_address>0xaddf</run_address>
         <size>0x226</size>
         <input_file_ref idref="fl-f"/>
      </object_component>
      <object_component id="oc-160">
         <name>.debug_info</name>
         <load_address>0xb005</load_address>
         <run_address>0xb005</run_address>
         <size>0x104</size>
         <input_file_ref idref="fl-f"/>
      </object_component>
      <object_component id="oc-f4">
         <name>.debug_info</name>
         <load_address>0xb109</load_address>
         <run_address>0xb109</run_address>
         <size>0x120</size>
         <input_file_ref idref="fl-f"/>
      </object_component>
      <object_component id="oc-25a">
         <name>.debug_info</name>
         <load_address>0xb229</load_address>
         <run_address>0xb229</run_address>
         <size>0x164</size>
         <input_file_ref idref="fl-f"/>
      </object_component>
      <object_component id="oc-231">
         <name>.debug_info</name>
         <load_address>0xb38d</load_address>
         <run_address>0xb38d</run_address>
         <size>0x13a</size>
         <input_file_ref idref="fl-f"/>
      </object_component>
      <object_component id="oc-291">
         <name>.debug_info</name>
         <load_address>0xb4c7</load_address>
         <run_address>0xb4c7</run_address>
         <size>0x170</size>
         <input_file_ref idref="fl-f"/>
      </object_component>
      <object_component id="oc-2d9">
         <name>.debug_info</name>
         <load_address>0xb637</load_address>
         <run_address>0xb637</run_address>
         <size>0x167</size>
         <input_file_ref idref="fl-f"/>
      </object_component>
      <object_component id="oc-47b">
         <name>.debug_info</name>
         <load_address>0xb79e</load_address>
         <run_address>0xb79e</run_address>
         <size>0x1b7</size>
         <input_file_ref idref="fl-10"/>
      </object_component>
      <object_component id="oc-46f">
[...]
         <name>gpioRead</name>
         <value>0xd48e</value>
         <object_component_ref idref="oc-4c4"/>
      </symbol>
      <symbol id="sm-33e">
         <name>gpioWrite</name>
         <value>0xcfb2</value>
         <object_component_ref idref="oc-222"/>
      </symbol>
      <symbol id="sm-33f">
         <name>gpioMode</name>
         <value>0xc624</value>
         <object_component_ref idref="oc-228"/>
      </symbol>
      <symbol id="sm-3d5">
         <name>pwm_value</name>
         <value>0x280</value>
      </symbol>
      <symbol id="sm-3d6">
         <name>temperature_reading</name>
         <value>0x28c</value>
      </symbol>
      <symbol id="sm-3d7">
         <name>set_point</name>
         <value>0x284</value>
      </symbol>
      <symbol id="sm-3d8">
         <name>hysteresis</name>
         <value>0x278</value>
      </symbol>
      <symbol id="sm-3d9">
         <name>temperature_transmission_period</name>
         <value>0x29a</value>
      </symbol>
      <symbol id="sm-3da">
         <name>step_response_flag</name>
         <value>0x2a0</value>
      </symbol>
      <symbol id="sm-3db">
         <name>step_response_mode</name>
         <value>0x2a1</value>
      </symbol>
      <symbol id="sm-3dc">
         <name>set_point_previous</name>
         <value>0x288</value>
      </symbol>
      <symbol id="sm-3dd">
         <name>hysteresis_previous</name>
         <value>0x27c</value>
      </symbol>
      <symbol id="sm-3de">
         <name>temperature_transmission_period_previous</name>
         <value>0x29c</value>
      </symbol>
      <symbol id="sm-3df">
         <name>msp_pc_comm_flag</name>
         <value>0x29e</value>
      </symbol>
      <symbol id="sm-3e0">
         <name>recovery_counter</name>
         <value>0x29f</value>
      </symbol>
      <symbol id="sm-3e1">
         <name>main</name>
         <value>0xdb06</value>
         <object_component_ref idref="oc-171"/>
      </symbol>
      <symbol id="sm-3e2">
         <name>AppInit</name>
         <value>0xc700</value>
         <object_component_ref idref="oc-1c1"/>
      </symbol>
      <symbol id="sm-3e3">
         <name>AppRun</name>
         <value>0xc178</value>
         <object_component_ref idref="oc-1cd"/>
      </symbol>
      <symbol id="sm-3fa">
         <name>dataFrameTAPacking</name>
         <value>0xd116</value>
         <object_component_ref idref="oc-392"/>
      </symbol>
      <symbol id="sm-3fb">
         <name>dataFrameTAUnpacking</name>
         <value>0xd8a4</value>
         <object_component_ref idref="oc-37e"/>
      </symbol>
      <symbol id="sm-412">
         <name>systemInitFirst</name>
         <value>0xda72</value>
         <object_component_ref idref="oc-1b5"/>
      </symbol>
      <symbol id="sm-413">
         <name>systemInitLast</name>
         <value>0xdcaa</value>
         <object_component_ref idref="oc-1c7"/>
      </symbol>
      <symbol id="sm-414">
         <name>boardInit</name>
         <value>0xd0c4</value>
         <object_component_ref idref="oc-1bb"/>
      </symbol>
      <symbol id="sm-449">
         <name>timerInit</name>
         <value>0xdb48</value>
         <object_component_ref idref="oc-22f"/>
      </symbol>
      <symbol id="sm-44a">
         <name>__TI_int10</name>
         <value>0xfff4</value>
         <object_component_ref idref="oc-48"/>
      </symbol>
      <symbol id="sm-44b">
         <name>timerDelay</name>
         <value>0xdc1e</value>
         <object_component_ref idref="oc-2d8"/>
      </symbol>
      <symbol id="sm-44c">
         <name>timerExpired</name>
         <value>0xdbae</value>
         <object_component_ref idref="oc-290"/>
      </symbol>
      <symbol id="sm-44d">
         <name>timer_isr</name>
         <value>0xdca0</value>
         <object_component_ref idref="oc-f3"/>
      </symbol>
      <symbol id="sm-44e">
         <name>timerStart</name>
         <value>0xdbc2</value>
         <object_component_ref idref="oc-259"/>
      </symbol>
      <symbol id="sm-49f">
         <name>conversionDataTypeToString</name>
         <value>0xceee</value>
         <object_component_ref idref="oc-38c"/>
      </symbol>
      <symbol id="sm-4a0">
         <name>intToString</name>
         <value>0xcb48</value>
         <object_component_ref idref="oc-484"/>
      </symbol>
      <symbol id="sm-4a1">
         <name>floatToString</name>
         <value>0xc89c</value>
         <object_component_ref idref="oc-47e"/>
      </symbol>
      <symbol id="sm-4a2">
         <name>stringToFloat</name>
         <value>0xc528</value>
         <object_component_ref idref="oc-46e"/>
      </symbol>
      <symbol id="sm-4a3">
         <name>conversionCharToBinaryArray</name>
         <value>0xd9e0</value>
         <object_component_ref idref="oc-4be"/>
      </symbol>
      <symbol id="sm-4a4">
         <name>conversionStringToDataType</name>
         <value>0xce1c</value>
         <object_component_ref idref="oc-384"/>
      </symbol>
      <symbol id="sm-4ac">
         <name>__mspabi_srai</name>
         <value>0xd820</value>
         <object_component_ref idref="oc-316"/>
      </symbol>
      <symbol id="sm-4ad">
         <name>__mspabi_srai_8</name>
         <value>0xd83a</value>
         <object_component_ref idref="oc-316"/>
      </symbol>
      <symbol id="sm-4ae">
         <name>__mspabi_srai_9</name>
         <value>0xd838</value>
         <object_component_ref idref="oc-316"/>
      </symbol>
      <symbol id="sm-4af">
         <name>__mspabi_srai_6</name>
         <value>0xd83e</value>
         <object_component_ref idref="oc-316"/>
      </symbol>
      <symbol id="sm-4b0">
         <name>__mspabi_srai_7</name>
         <value>0xd83c</value>
         <object_component_ref idref="oc-316"/>
      </symbol>
      <symbol id="sm-4b1">
         <name>__mspabi_srai_4</name>
         <value>0xd842</value>
         <object_component_ref idref="oc-316"/>
      </symbol>
      <symbol id="sm-4b2">
         <name>__mspabi_srai_5</name>
         <value>0xd840</value>
         <object_component_ref idref="oc-316"/>
      </symbol>
      <symbol id="sm-4b3">
         <name>__mspabi_srai_2</name>
         <value>0xd846</value>
         <object_component_ref idref="oc-316"/>
      </symbol>
      <symbol id="sm-4b4">
         <name>__mspabi_srai_3</name>
         <value>0xd844</value>
         <object_component_ref idref="oc-316"/>
      </symbol>
      <symbol id="sm-4b5">
         <name>__mspabi_srai_1</name>
         <value>0xd848</value>
         <object_component_ref idref="oc-316"/>
      </symbol>
      <symbol id="sm-4b6">
         <name>__mspabi_srai_15</name>
         <value>0xd82c</value>
         <object_component_ref idref="oc-316"/>
      </symbol>
      <symbol id="sm-4b7">
         <name>__mspabi_srai_14</name>
         <value>0xd82e</value>
         <object_component_ref idref="oc-316"/>
      </symbol>
      <symbol id="sm-4b8">
         <name>__mspabi_srai_13</name>
         <value>0xd830</value>
         <object_component_ref idref="oc-316"/>
      </symbol>
      <symbol id="sm-4b9">
         <name>__mspabi_srai_12</name>
         <value>0xd832</value>
         <object_component_ref idref="oc-316"/>
      </symbol>
      <symbol id="sm-4ba">
         <name>__mspabi_srai_11</name>
         <value>0xd834</value>
         <object_component_ref idref="oc-316"/>
      </symbol>
      <symbol id="sm-4bb">
         <name>__mspabi_srai_10</name>
         <value>0xd836</value>
         <object_component_ref idref="oc-316"/>
      </symbol>
      <symbol id="sm-4c7">
         <name>__mspabi_remi</name>
         <value>0xd84c</value>
         <object_component_ref idref="oc-4ff"/>
      </symbol>
      <symbol id="sm-4c8">
         <name>__mspabi_divi</name>
         <value>0xd84c</value>
         <object_component_ref idref="oc-4ff"/>
      </symbol>
      <symbol id="sm-4d2">
         <name>__mspabi_remu</name>
         <value>0xdb32</value>
         <object_component_ref idref="oc-529"/>
      </symbol>
      <symbol id="sm-4d3">
         <name>__mspabi_divu</name>
         <value>0xdb32</value>
         <object_component_ref idref="oc-529"/>
      </symbol>
      <symbol id="sm-4dc">
         <name>__mspabi_func_epilog_2</name>
         <value>0xdc6e</value>
         <object_component_ref idref="oc-bf"/>
      </symbol>
      <symbol id="sm-4dd">
         <name>__mspabi_func_epilog_3</name>
         <value>0xdc6c</value>
         <object_component_ref idref="oc-bf"/>
      </symbol>
      <symbol id="sm-4de">
         <name>__mspabi_func_epilog_1</name>
         <value>0xdc70</value>
         <object_component_ref idref="oc-bf"/>
      </symbol>
      <symbol id="sm-4df">
         <name>__mspabi_func_epilog_6</name>
         <value>0xdc66</value>
         <object_component_ref idref="oc-bf"/>
      </symbol>
      <symbol id="sm-4e0">
         <name>__mspabi_func_epilog_7</name>
         <value>0xdc64</value>
         <object_component_ref idref="oc-bf"/>
      </symbol>
      <symbol id="sm-4e1">
         <name>__mspabi_func_epilog_4</name>
         <value>0xdc6a</value>
         <object_component_ref idref="oc-bf"/>
      </symbol>
      <symbol id="sm-4e2">
         <name>__mspabi_func_epilog_5</name>
         <value>0xdc68</value>
         <object_component_ref idref="oc-bf"/>
      </symbol>
      <symbol id="sm-4fd">
         <name>__mspabi_subf</name>
         <value>0xc2ca</value>
         <object_component_ref idref="oc-3b3"/>
      </symbol>
      <symbol id="sm-4fe">
         <name>__mspabi_addf</name>
         <value>0xc2d0</value>
         <object_component_ref idref="oc-3b3"/>
      </symbol>
      <symbol id="sm-50e">
         <name>__mspabi_cmpf</name>
         <value>0xd2e8</value>
         <object_component_ref idref="oc-39f"/>
      </symbol>
      <symbol id="sm-520">
         <name>__mspabi_divf</name>
         <value>0xca12</value>
         <object_component_ref idref="oc-4ec"/>
      </symbol>
      <symbol id="sm-52d">
         <name>__mspabi_fltif</name>
         <value>0xd724</value>
         <object_component_ref idref="oc-4ad"/>
      </symbol>
      <symbol id="sm-544">
         <name>__mspabi_mpyf</name>
         <value>0xc7d8</value>
         <object_component_ref idref="oc-3b8"/>
      </symbol>
      <symbol id="sm-54d">
         <name>__mspabi_negf</name>
         <value>0xdc88</value>
         <object_component_ref idref="oc-3bd"/>
      </symbol>
      <symbol id="sm-55f">
         <name>__mspabi_fixfi</name>
         <value>0xce86</value>
         <object_component_ref idref="oc-4f9"/>
      </symbol>
      <symbol id="sm-56e">
         <name>__mspabi_fixfu</name>
         <value>0xd3c2</value>
         <object_component_ref idref="oc-4b8"/>
      </symbol>
      <symbol id="sm-571">
         <name>__TI_int00</name>
         <value>0xffe0</value>
         <object_component_ref idref="oc-40"/>
      </symbol>
      <symbol id="sm-574">
         <name>__TI_int02</name>
         <value>0xffe4</value>
         <object_component_ref idref="oc-41"/>
      </symbol>
      <symbol id="sm-577">
         <name>__TI_int03</name>
         <value>0xffe6</value>
         <object_component_ref idref="oc-42"/>
      </symbol>
      <symbol id="sm-57a">
         <name>__TI_int05</name>
         <value>0xffea</value>
         <object_component_ref idref="oc-43"/>
      </symbol>
      <symbol id="sm-57d">
         <name>__TI_int06</name>
         <value>0xffec</value>
         <object_component_ref idref="oc-44"/>
      </symbol>
      <symbol id="sm-580">
         <name>__TI_int11</name>
         <value>0xfff6</value>
         <object_component_ref idref="oc-49"/>
      </symbol>
      <symbol id="sm-583">
         <name>__TI_int12</name>
         <value>0xfff8</value>
         <object_component_ref idref="oc-4a"/>
      </symbol>
      <symbol id="sm-586">
         <name>__TI_int13</name>
         <value>0xfffa</value>
         <object_component_ref idref="oc-4b"/>
      </symbol>
      <symbol id="sm-589">
         <name>__TI_int14</name>
         <value>0xfffc</value>
         <object_component_ref idref="oc-4c"/>
      </symbol>
      <symbol id="sm-591">
         <name>__TI_ISR_TRAP</name>
         <value>0xdc92</value>
         <object_component_ref idref="oc-dc"/>
      </symbol>
      <symbol id="sm-599">
         <name>__mspabi_slli</name>
         <value>0xd878</value>
         <object_component_ref idref="oc-b5"/>
      </symbol>
      <symbol id="sm-59a">
         <name>__mspabi_slli_9</name>
         <value>0xd890</value>
         <object_component_ref idref="oc-b5"/>
      </symbol>
      <symbol id="sm-59b">
         <name>__mspabi_slli_8</name>
         <value>0xd892</value>
         <object_component_ref idref="oc-b5"/>
      </symbol>
      <symbol id="sm-59c">
         <name>__mspabi_slli_7</name>
         <value>0xd894</value>
         <object_component_ref idref="oc-b5"/>
      </symbol>
      <symbol id="sm-59d">
         <name>__mspabi_slli_6</name>
         <value>0xd896</value>
         <object_component_ref idref="oc-b5"/>
      </symbol>
      <symbol id="sm-59e">
         <name>__mspabi_slli_5</name>
         <value>0xd898</value>
         <object_component_ref idref="oc-b5"/>
      </symbol>
      <symbol id="sm-59f">
         <name>__mspabi_slli_4</name>
         <value>0xd89a</value>
         <object_component_ref idref="oc-b5"/>
      </symbol>
      <symbol id="sm-5a0">
         <name>__mspabi_slli_3</name>
         <value>0xd89c</value>
         <object_component_ref idref="oc-b5"/>
      </symbol>
      <symbol id="sm-5a1">
         <name>__mspabi_slli_2</name>
         <value>0xd89e</value>
         <object_component_ref idref="oc-b5"/>
      </symbol>
      <symbol id="sm-5a2">
         <name>__mspabi_slli_1</name>
         <value>0xd8a0</value>
         <object_component_ref idref="oc-b5"/>
      </symbol>
      <symbol id="sm-5a3">
         <name>__mspabi_slli_15</name>
         <value>0xd884</value>
         <object_component_ref idref="oc-b5"/>
      </symbol>
      <symbol id="sm-5a4">
         <name>__mspabi_slli_14</name>
         <value>0xd886</value>
         <object_component_ref idref="oc-b5"/>
      </symbol>
      <symbol id="sm-5a5">
         <name>__mspabi_slli_13</name>
         <value>0xd888</value>
         <object_component_ref idref="oc-b5"/>
      </symbol>
      <symbol id="sm-5a6">
         <name>__mspabi_slli_12</name>
         <value>0xd88a</value>
         <object_component_ref idref="oc-b5"/>
      </symbol>
      <symbol id="sm-5a7">
         <name>__mspabi_slli_11</name>
         <value>0xd88c</value>
         <object_component_ref idref="oc-b5"/>
      </symbol>
      <symbol id="sm-5a8">
         <name>__mspabi_slli_10</name>
         <value>0xd88e</value>
         <object_component_ref idref="oc-b5"/>
      </symbol>
      <symbol id="sm-5b0">
         <name>__mspabi_srli_8</name>
         <value>0xd27c</value>
         <object_component_ref idref="oc-ba"/>
      </symbol>
      <symbol id="sm-5b1">
         <name>__mspabi_srli_9</name>
         <value>0xd278</value>
         <object_component_ref idref="oc-ba"/>
      </symbol>
      <symbol id="sm-5b2">
         <name>__mspabi_srli_6</name>
         <value>0xd284</value>
         <object_component_ref idref="oc-ba"/>
      </symbol>
      <symbol id="sm-5b3">
         <name>__mspabi_srli_7</name>
         <value>0xd280</value>
         <object_component_ref idref="oc-ba"/>
      </symbol>
      <symbol id="sm-5b4">
         <name>__mspabi_srli_4</name>
         <value>0xd28c</value>
         <object_component_ref idref="oc-ba"/>
      </symbol>
      <symbol id="sm-5b5">
         <name>__mspabi_srli_5</name>
         <value>0xd288</value>
         <object_component_ref idref="oc-ba"/>
      </symbol>
      <symbol id="sm-5b6">
         <name>__mspabi_srli_2</name>
         <value>0xd294</value>
         <object_component_ref idref="oc-ba"/>
      </symbol>
      <symbol id="sm-5b7">
         <name>__mspabi_srli_3</name>
         <value>0xd290</value>
         <object_component_ref idref="oc-ba"/>
      </symbol>
      <symbol id="sm-5b8">
         <name>__mspabi_srli_1</name>
         <value>0xd298</value>
         <object_component_ref idref="oc-ba"/>
      </symbol>
      <symbol id="sm-5b9">
         <name>__mspabi_srli</name>
         <value>0xd252</value>
         <object_component_ref idref="oc-ba"/>
      </symbol>
      <symbol id="sm-5ba">
         <name>__mspabi_srli_15</name>
         <value>0xd260</value>
         <object_component_ref idref="oc-ba"/>
      </symbol>
      <symbol id="sm-5bb">
         <name>__mspabi_srli_14</name>
         <value>0xd264</value>
         <object_component_ref idref="oc-ba"/>
      </symbol>
      <symbol id="sm-5bc">
         <name>__mspabi_srli_13</name>
         <value>0xd268</value>
         <object_component_ref idref="oc-ba"/>
      </symbol>
      <symbol id="sm-5bd">
         <name>__mspabi_srli_12</name>
         <value>0xd26c</value>
         <object_component_ref idref="oc-ba"/>
      </symbol>
      <symbol id="sm-5be">
         <name>__mspabi_srli_11</name>
         <value>0xd270</value>
         <object_component_ref idref="oc-ba"/>
      </symbol>
      <symbol id="sm-5bf">
         <name>__mspabi_srli_10</name>
         <value>0xd274</value>
         <object_component_ref idref="oc-ba"/>
      </symbol>
      <symbol id="sm-5cf">
         <name>_stack</name>
         <value>0x3b0</value>
         <object_component_ref idref="oc-b1"/>
      </symbol>
      <symbol id="sm-5d0">
         <name>_c_int00_noargs</name>
         <value>0xda1e</value>
         <object_component_ref idref="oc-10b"/>
      </symbol>
      <symbol id="sm-5d1">
         <name>_reset_vector</name>
         <value>0xfffe</value>
         <object_component_ref idref="oc-b4"/>
      </symbol>
      <symbol id="sm-5f3">
         <name>__TI_auto_init_nobinit_nopinit</name>
         <value>0xd44c</value>
         <object_component_ref idref="oc-1e0"/>
      </symbol>
      <symbol id="sm-60b">
         <name>__TI_zero_init_nomemset</name>
         <value>0xdb86</value>
         <object_component_ref idref="oc-f9"/>
      </symbol>
      <symbol id="sm-616">
         <name>_system_pre_init</name>
         <value>0xdca6</value>
         <object_component_ref idref="oc-16b"/>
      </symbol>
      <symbol id="sm-61f">
         <name>_system_post_cinit</name>
         <value>0xdcae</value>
         <object_component_ref idref="oc-2f1"/>
      </symbol>
      <symbol id="sm-635">
         <name>__TI_decompress_none</name>
         <value>0xdbd6</value>
         <object_component_ref idref="oc-3a"/>
      </symbol>
      <symbol id="sm-658">
         <name>__TI_decompress_lzss</name>
         <value>0xcbd6</value>
         <object_component_ref idref="oc-34"/>
      </symbol>
      <symbol id="sm-662">
         <name>C$$EXIT</name>
         <value>0xdc9a</value>
         <object_component_ref idref="oc-1d4"/>
      </symbol>
      <symbol id="sm-663">
         <name>abort</name>
         <value>0xdc9a</value>
         <object_component_ref idref="oc-1d4"/>
      </symbol>
      <symbol id="sm-678">
         <name>atoi</name>
         <value>0xd072</value>
         <object_component_ref idref="oc-474"/>
      </symbol>
      <symbol id="sm-682">
         <name>_ctypes_</name>
         <value>0xdcb2</value>
         <object_component_ref idref="oc-4f2"/>
      </symbol>
      <symbol id="sm-690">
         <name>memcpy</name>
         <value>0xdc0c</value>
         <object_component_ref idref="oc-cf"/>
      </symbol>
      <symbol id="sm-69a">
         <name>__mspabi_mpyi_sw</name>
         <value>0xdb9a</value>
         <object_component_ref idref="oc-3fd"/>
      </symbol>
      <symbol id="sm-69b">
         <name>__mspabi_mpyi</name>
         <value>0xdb9a</value>
         <object_component_ref idref="oc-3fd"/>
      </symbol>
   </symbol_table>
   <title>Link successful</title>
</link_info>
