******************************************************************************
                  MSP430 Linker PC v21.6.1                     
******************************************************************************
>> Linked Thu Feb 20 16:04:53 2025

OUTPUT FILE NAME:   <lukitesting_v16.out>
ENTRY POINT SYMBOL: "_c_int00_noargs"  address: 0000da1e


MEMORY CONFIGURATION

         name            origin    length      used     unused   attr    fill
----------------------  --------  ---------  --------  --------  ----  --------
  SFR                   00000000   00000010  00000000  00000010  RWIX
  PERIPHERALS_8BIT      00000010   000000f0  00000000  000000f0  RWIX
  PERIPHERALS_16BIT     00000100   00000100  00000000  00000100  RWIX
  RAM                   00000200   00000200  000000f3  0000010d  RWIX
  INFOD                 00001000   00000040  00000000  00000040  RWIX
  INFOC                 00001040   00000040  00000000  00000040  RWIX
  INFOB                 00001080   00000040  00000000  00000040  RWIX
  INFOA                 000010c0   00000040  00000000  00000040  RWIX
  FLASH                 0000c000   00003fde  00001dcb  00002213  RWIX
  BSLSIGNATURE          0000ffde   00000002  00000002  00000000  RWIX  ffff 
  INT00                 0000ffe0   00000002  00000002  00000000  RWIX
  INT01                 0000ffe2   00000002  00000000  00000002  RWIX
  INT02                 0000ffe4   00000002  00000002  00000000  RWIX
  INT03                 0000ffe6   00000002  00000002  00000000  RWIX
  INT04                 0000ffe8   00000002  00000000  00000002  RWIX
  INT05                 0000ffea   00000002  00000002  00000000  RWIX
  INT06                 0000ffec   00000002  00000002  00000000  RWIX
  INT07                 0000ffee   00000002  00000002  00000000  RWIX
  INT08                 0000fff0   00000002  00000002  00000000  RWIX
  INT09                 0000fff2   00000002  00000002  00000000  RWIX
  INT10                 0000fff4   00000002  00000002  00000000  RWIX
  INT11                 0000fff6   00000002  00000002  00000000  RWIX
  INT12                 0000fff8   00000002  00000002  00000000  RWIX
  INT13                 0000fffa   00000002  00000002  00000000  RWIX
  INT14                 0000fffc   00000002  00000002  00000000  RWIX
  RESET                 0000fffe   00000002  00000002  00000000  RWIX


SECTION ALLOCATION MAP

 output                                  attributes/
section   page    origin      length       input sections
--------  ----  ----------  ----------   ----------------
.bss       0    00000200    000000a2     UNINITIALIZED
                  00000200    0000001b     drv_serial_comm.obj (.bss:rx_data)
                  0000021b    0000001a     drv_serial_comm.obj (.bss:tx_data)
                  00000235    00000010     drv_eeprom.obj (.bss:rx_data)
                  00000245    00000010     drv_eeprom.obj (.bss:tx_data)
                  00000255    00000001     drv_i2c.obj (.bss)
                  00000256    0000000e     main.obj (.bss)
                  00000264    00000008     drv_ds18b20.obj (.bss)
                  0000026c    00000004     drv_sw.obj (.bss)
                  00000270    00000004     drv_uart.obj (.bss)
                  00000274    00000004     drv_uart.obj (.bss:func_for_interrupt)
                  00000278    00000004     (.common:hysteresis)
                  0000027c    00000004     (.common:hysteresis_previous)
                  00000280    00000004     (.common:pwm_value)
                  00000284    00000004     (.common:set_point)
                  00000288    00000004     (.common:set_point_previous)
                  0000028c    00000004     (.common:temperature_reading)
                  00000290    00000002     drv_pwm.obj (.bss)
                  00000292    00000002     drv_serial_comm.obj (.bss)
                  00000294    00000002     drv_spi.obj (.bss)
                  00000296    00000002     drv_uart.obj (.bss:rx_single_data)
                  00000298    00000002     timer.obj (.bss)
                  0000029a    00000002     (.common:temperature_transmission_period)
                  0000029c    00000002     (.common:temperature_transmission_period_previous)
                  0000029e    00000001     (.common:msp_pc_comm_flag)
                  0000029f    00000001     (.common:recovery_counter)
                  000002a0    00000001     (.common:step_response_flag)
                  000002a1    00000001     (.common:step_response_mode)

.data      0    000002a2    00000001     UNINITIALIZED
                  000002a2    00000001     timer.obj (.data)

.stack     0    000003b0    00000050     UNINITIALIZED
                  000003b0    00000002     rts430_eabi.lib : boot.c.obj (.stack)
                  000003b2    0000004e     --HOLE--

.text      0    0000c000    00001cb2     
                  0000c000    00000178     main.obj (.text:IntegratedChipUpdater)
                  0000c178    00000152     main.obj (.text:AppRun)
                  0000c2ca    00000132     rts430_eabi.lib : fs_add.asm.obj (.text)
                  0000c3fc    0000012c     drv_ds18b20.obj (.text:beginTempConversion)
                  0000c528    000000fc     utils.obj (.text:stringToFloat)
                  0000c624    000000dc     gpio.obj (.text:gpioMode)
                  0000c700    000000d8     main.obj (.text:AppInit)
                  0000c7d8    000000c4     rts430_eabi.lib : fs_mpy.asm.obj (.text)
                  0000c89c    000000c0     utils.obj (.text:floatToString)
                  0000c95c    000000b6     main.obj (.text:controlSystem)
                  0000ca12    0000009c     rts430_eabi.lib : fs_div.asm.obj (.text)
                  0000caae    0000009a     main.obj (.text:modifiableVariablesEEPROMSaver)
                  0000cb48    0000008e     utils.obj (.text:intToString)
                  0000cbd6    0000007c     rts430_eabi.lib : copy_decompress_lzss.c.obj (.text:decompress:lzss:__TI_decompress_lzss)
                  0000cc52    00000078     drv_i2c.obj (.text:commStatusChecker)
                  0000ccca    00000072     drv_spi.obj (.text:sendByteSPI)
                  0000cd3c    00000070     drv_pwm.obj (.text:drvPWMInit)
                  0000cdac    00000070     drv_serial_comm.obj (.text:reception)
                  0000ce1c    0000006a     utils.obj (.text:conversionStringToDataType)
                  0000ce86    00000068     rts430_eabi.lib : fs_toi.asm.obj (.text)
                  0000ceee    00000062     utils.obj (.text:conversionDataTypeToString)
                  0000cf50    00000062     drv_eeprom.obj (.text:writeStringIntoMemAddress)
                  0000cfb2    00000060     gpio.obj (.text:gpioWrite)
                  0000d012    00000060     drv_eeprom.obj (.text:readStringFromMemAddress)
                  0000d072    00000052     rts430_eabi.lib : atoi.c.obj (.text:atoi)
                  0000d0c4    00000052     system.obj (.text:boardInit)
                  0000d116    00000052     protocols.obj (.text:dataFrameTAPacking)
                  0000d168    00000050     drv_i2c.obj (.text:drvI2CInit)
                  0000d1b8    0000004e     drv_uart.obj (.text:drvUARTInit)
                  0000d206    0000004c     drv_serial_comm.obj (.text:recieveDataSerialComm)
                  0000d252    0000004c     rts430_eabi.lib : lsr16.asm.obj (.text)
                  0000d29e    0000004a     drv_ds18b20.obj (.text:onewire_read_bit)
                  0000d2e8    0000004a     rts430_eabi.lib : fs_cmp.asm.obj (.text)
                  0000d332    00000048     drv_spi.obj (.text:drvSPIInit)
                  0000d37a    00000048     drv_ds18b20.obj (.text:onewire_write_bit)
                  0000d3c2    00000046     rts430_eabi.lib : fs_tou.asm.obj (.text)
                  0000d408    00000044     main.obj (.text:modifiableVariablesEEPROMRecovery)
                  0000d44c    00000042     rts430_eabi.lib : autoinit.c.obj (.text:__TI_auto_init_nobinit_nopinit:__TI_auto_init_nobinit_nopinit)
                  0000d48e    00000042     gpio.obj (.text:gpioRead)
                  0000d4d0    00000040     drv_uart.obj (.text:USCI0RX_ISR)
                  0000d510    00000040     drv_ds18b20.obj (.text:onewire_reset)
                  0000d550    0000003e     drv_sw.obj (.text:executeOnSwitchChange)
                  0000d58e    0000003c     drv_eeprom.obj (.text:getLSBValueAddress)
                  0000d5ca    0000003c     drv_uart.obj (.text:readCommStatusUART)
                  0000d606    0000003a     gpio.obj (.text:gpioToggle)
                  0000d640    0000003a     drv_eeprom.obj (.text:readDataFromEEPROM)
                  0000d67a    0000003a     drv_eeprom.obj (.text:writeDataIntoEEPROM)
                  0000d6b4    00000038     drv_eeprom.obj (.text:readCharacterFromMemAddress)
                  0000d6ec    00000038     drv_serial_comm.obj (.text:transmitDataSerialComm)
                  0000d724    00000036     rts430_eabi.lib : fs_itof.asm.obj (.text)
                  0000d75a    00000034     main.obj (.text:EEPROMStatusLEDBlinkUpdater)
                  0000d78e    00000034     main.obj (.text:SERIALStatusLEDBlinkUpdater)
                  0000d7c2    00000032     drv_eeprom.obj (.text:checkCommStatusEEPROM)
                  0000d7f4    0000002c     drv_eeprom.obj (.text:getDataFrameLen)
                  0000d820    0000002c     rts430_eabi.lib : asr16.asm.obj (.text)
                  0000d84c    0000002c                     : div16s.asm.obj (.text)
                  0000d878    0000002c                     : lsl16.asm.obj (.text)
                  0000d8a4    0000002a     protocols.obj (.text:dataFrameTAUnpacking)
                  0000d8ce    0000002a     drv_serial_comm.obj (.text:drvSerialCommInit)
                  0000d8f8    0000002a     drv_eeprom.obj (.text:getMSBValueAddress)
                  0000d922    00000028     drv_serial_comm.obj (.text:transmission)
                  0000d94a    00000026     drv_ds18b20.obj (.text:onewire_read_byte)
                  0000d970    00000026     drv_ds18b20.obj (.text:onewire_write_byte)
                  0000d996    00000026     main.obj (.text:recoveryOnMSPPCConnectionError)
                  0000d9bc    00000024     main.obj (.text:stepResponseHandler)
                  0000d9e0    00000020     utils.obj (.text:conversionCharToBinaryArray)
                  0000da00    0000001e     drv_i2c.obj (.text:beginReceptionI2C)
                  0000da1e    0000001c     rts430_eabi.lib : boot.c.obj (.text:_c_int00_noargs)
                  0000da3a    0000001c     drv_ds18b20.obj (.text:drvDS18B20Init)
                  0000da56    0000001c     drv_pwm.obj (.text:modifyDC)
                  0000da72    0000001c     system.obj (.text:systemInitFirst)
                  0000da8e    00000018     drv_i2c.obj (.text:beginTransmissionI2C)
                  0000daa6    00000018     drv_i2c.obj (.text:endTransactionI2C)
                  0000dabe    00000018     drv_pwm.obj (.text:isr_myPWM)
                  0000dad6    00000018     drv_ds18b20.obj (.text:readTemperatureDS18B20)
                  0000daee    00000018     drv_i2c.obj (.text:recieveCharacterI2C)
                  0000db06    00000016     main.obj (.text:main)
                  0000db1c    00000016     drv_sw.obj (.text:readSwitchState)
                  0000db32    00000016     rts430_eabi.lib : div16u.asm.obj (.text)
                  0000db48    00000016     timer.obj (.text:timerInit)
                  0000db5e    00000014     main.obj (.text:changeOnSwitch)
                  0000db72    00000014     drv_serial_comm.obj (.text:checkCommStatusSerial)
                  0000db86    00000014     rts430_eabi.lib : copy_zero_init.c.obj (.text:decompress:ZI:__TI_zero_init_nomemset:__TI_zero_init_nomemset)
                  0000db9a    00000014                     : mult16.asm.obj (.text)
                  0000dbae    00000014     timer.obj (.text:timerExpired)
                  0000dbc2    00000014     timer.obj (.text:timerStart)
                  0000dbd6    00000012     rts430_eabi.lib : copy_decompress_none.c.obj (.text:decompress:none:__TI_decompress_none)
                  0000dbe8    00000012     drv_ds18b20.obj (.text:delay_us)
                  0000dbfa    00000012     drv_eeprom.obj (.text:drvEEPROMInit)
                  0000dc0c    00000012     rts430_eabi.lib : memcpy.c.obj (.text:memcpy)
                  0000dc1e    00000012     timer.obj (.text:timerDelay)
                  0000dc30    00000012     drv_i2c.obj (.text:transmitCharacterI2C)
                  0000dc42    00000012     drv_uart.obj (.text:transmitCharacterUART)
                  0000dc54    00000010     drv_sw.obj (.text:drvSWInit)
                  0000dc64    00000010     rts430_eabi.lib : epilog.asm.obj (.text)
                  0000dc74    0000000a     drv_uart.obj (.text:RXInterruptUART)
                  0000dc7e    0000000a     drv_i2c.obj (.text:readCommStatus)
                  0000dc88    0000000a     rts430_eabi.lib : fs_neg.asm.obj (.text)
                  0000dc92    00000008                     : isr_trap.asm.obj (.text:_isr:__TI_ISR_TRAP)
                  0000dc9a    00000006                     : exit.c.obj (.text:abort)
                  0000dca0    00000006     timer.obj (.text:timer_isr)
                  0000dca6    00000004     rts430_eabi.lib : pre_init.c.obj (.text:_system_pre_init)
                  0000dcaa    00000004     system.obj (.text:systemInitLast)
                  0000dcae    00000002     rts430_eabi.lib : startup.c.obj (.text:_system_post_cinit)
                  0000dcb0    00000002     drv_pwm.obj (.text:isr_myccr)

.const     0    0000dcb2    00000101     
                  0000dcb2    00000101     rts430_eabi.lib : ctype.c.obj (.const:.string:_ctypes_)

.cinit     0    0000ddb4    00000018     
                  0000ddb4    00000006     (__TI_handler_table)
                  0000ddba    00000005     (.cinit..data.load) [load image]
                  0000ddbf    00000001     --HOLE-- [fill = 0]
                  0000ddc0    00000004     (.cinit..bss.load) [load image, compression = zero_init]
                  0000ddc4    00000008     (__TI_cinit_table)

.binit     0    0000c000    00000000     

.init_array 
*          0    0000c000    00000000     UNINITIALIZED

TRAPINT    0    0000ffe0    00000002     
                  0000ffe0    00000002     rts430_eabi.lib : int00.asm.obj (.int00)

PORT1      0    0000ffe4    00000002     
                  0000ffe4    00000002     rts430_eabi.lib : int02.asm.obj (.int02)

PORT2      0    0000ffe6    00000002     
                  0000ffe6    00000002     rts430_eabi.lib : int03.asm.obj (.int03)

ADC10      0    0000ffea    00000002     
                  0000ffea    00000002     rts430_eabi.lib : int05.asm.obj (.int05)

USCIAB0TX 
*          0    0000ffec    00000002     
                  0000ffec    00000002     rts430_eabi.lib : int06.asm.obj (.int06)

USCIAB0RX 
*          0    0000ffee    00000002     
                  0000ffee    00000002     drv_uart.obj (.int07)

TIMER0_A1 
*          0    0000fff0    00000002     
                  0000fff0    00000002     drv_pwm.obj (.int08)

TIMER0_A0 
*          0    0000fff2    00000002     
                  0000fff2    00000002     drv_pwm.obj (.int09)

WDT        0    0000fff4    00000002     
                  0000fff4    00000002     timer.obj (.int10)

COMPARATORA 
*          0    0000fff6    00000002     
                  0000fff6    00000002     rts430_eabi.lib : int11.asm.obj (.int11)

TIMER1_A1 
*          0    0000fff8    00000002     
                  0000fff8    00000002     rts430_eabi.lib : int12.asm.obj (.int12)

TIMER1_A0 
*          0    0000fffa    00000002     
                  0000fffa    00000002     rts430_eabi.lib : int13.asm.obj (.int13)

NMI        0    0000fffc    00000002     
                  0000fffc    00000002     rts430_eabi.lib : int14.asm.obj (.int14)

.reset     0    0000fffe    00000002     
                  0000fffe    00000002     rts430_eabi.lib : boot.c.obj (.reset)

$fill000   0    0000ffde    00000002     
                  0000ffde    00000002     --HOLE-- [fill = ffff]

MODULE SUMMARY

       Module                       code   ro data   rw data
       ------                       ----   -------   -------
    .\
       main.obj                     1554   0         46     
       utils.obj                    822    0         0      
       drv_ds18b20.obj              656    0         8      
       drv_eeprom.obj               580    0         32     
       gpio.obj                     440    0         0      
       drv_serial_comm.obj          346    0         55     
       drv_i2c.obj                  330    0         1      
       drv_uart.obj                 230    2         10     
       drv_spi.obj                  186    0         2      
       drv_pwm.obj                  166    4         2      
       protocols.obj                124    0         0      
       system.obj                   114    0         0      
       drv_sw.obj                   100    0         4      
       timer.obj                    86     2         3      
    +--+----------------------------+------+---------+---------+
       Total:                       5734   8         163    
                                                            
    C:\ti\ccs2001\ccs\tools\compiler\ti-cgt-msp430_21.6.1.LTS\lib\rts430_eabi.lib
       fs_add.asm.obj               306    0         0      
       ctype.c.obj                  0      257       0      
       fs_mpy.asm.obj               196    0         0      
       fs_div.asm.obj               156    0         0      
       copy_decompress_lzss.c.obj   124    0         0      
       fs_toi.asm.obj               104    0         0      
       atoi.c.obj                   82     0         0      
       lsr16.asm.obj                76     0         0      
       fs_cmp.asm.obj               74     0         0      
       fs_tou.asm.obj               70     0         0      
       autoinit.c.obj               66     0         0      
       fs_itof.asm.obj              54     0         0      
       asr16.asm.obj                44     0         0      
       div16s.asm.obj               44     0         0      
       lsl16.asm.obj                44     0         0      
       boot.c.obj                   28     2         0      
       div16u.asm.obj               22     0         0      
       copy_zero_init.c.obj         20     0         0      
       mult16.asm.obj               20     0         0      
       copy_decompress_none.c.obj   18     0         0      
       memcpy.c.obj                 18     0         0      
       epilog.asm.obj               16     0         0      
       fs_neg.asm.obj               10     0         0      
       isr_trap.asm.obj             8      0         0      
       exit.c.obj                   6      0         0      
       pre_init.c.obj               4      0         0      
       int00.asm.obj                0      2         0      
       int02.asm.obj                0      2         0      
       int03.asm.obj                0      2         0      
       int05.asm.obj                0      2         0      
       int06.asm.obj                0      2         0      
       int11.asm.obj                0      2         0      
       int12.asm.obj                0      2         0      
       int13.asm.obj                0      2         0      
       int14.asm.obj                0      2         0      
       startup.c.obj                2      0         0      
    +--+----------------------------+------+---------+---------+
       Total:                       1612   277       0      
                                                            
       Stack:                       0      0         80     
       Linker Generated:            0      23        0      
    +--+----------------------------+------+---------+---------+
       Grand Total:                 7346   308       243    


LINKER GENERATED COPY TABLES

__TI_cinit_table @ 0000ddc4 records: 2, size/record: 4, table size: 8
	.data: load addr=0000ddba, load size=00000005 bytes, run addr=000002a2, run size=00000001 bytes, compression=copy
	.bss: load addr=0000ddc0, load size=00000004 bytes, run addr=00000200, run size=000000a2 bytes, compression=zero_init


LINKER GENERATED HANDLER TABLE

__TI_handler_table @ 0000ddb4 records: 3, size/record: 2, table size: 6
	index: 0, handler: __TI_zero_init
	index: 1, handler: __TI_decompress_lzss
	index: 2, handler: __TI_decompress_none


GLOBAL SYMBOLS: SORTED ALPHABETICALLY BY Name 

address   name                                    
-------   ----                                    
0000004a  ADC10AE0                                
000001b0  ADC10CTL0                               
000001b2  ADC10CTL1                               
00000048  ADC10DTC0                               
00000049  ADC10DTC1                               
000001b4  ADC10MEM                                
000001bc  ADC10SA                                 
0000c700  AppInit                                 
0000c178  AppRun                                  
00000057  BCSCTL1                                 
00000058  BCSCTL2                                 
00000053  BCSCTL3                                 
0000dc9a  C$$EXIT                                 
00000059  CACTL1                                  
0000005a  CACTL2                                  
000010fb  CALBC1_12MHZ                            
000010f9  CALBC1_16MHZ                            
000010ff  CALBC1_1MHZ                             
000010fd  CALBC1_8MHZ                             
000010fa  CALDCO_12MHZ                            
000010f8  CALDCO_16MHZ                            
000010fe  CALDCO_1MHZ                             
000010fc  CALDCO_8MHZ                             
0000005b  CAPD                                    
00000056  DCOCTL                                  
00000128  FCTL1                                   
0000012a  FCTL2                                   
0000012c  FCTL3                                   
00000000  IE1                                     
00000001  IE2                                     
00000002  IFG1                                    
00000003  IFG2                                    
00000022  P1DIR                                   
00000025  P1IE                                    
00000024  P1IES                                   
00000023  P1IFG                                   
00000020  P1IN                                    
00000021  P1OUT                                   
00000027  P1REN                                   
00000026  P1SEL                                   
00000041  P1SEL2                                  
0000002a  P2DIR                                   
0000002d  P2IE                                    
0000002c  P2IES                                   
0000002b  P2IFG                                   
00000028  P2IN                                    
00000029  P2OUT                                   
0000002f  P2REN                                   
0000002e  P2SEL                                   
00000042  P2SEL2                                  
0000001a  P3DIR                                   
00000018  P3IN                                    
00000019  P3OUT                                   
00000010  P3REN                                   
0000001b  P3SEL                                   
00000043  P3SEL2                                  
0000dc74  RXInterruptUART                         
00000172  TA0CCR0                                 
00000174  TA0CCR1                                 
00000176  TA0CCR2                                 
00000162  TA0CCTL0                                
00000164  TA0CCTL1                                
00000166  TA0CCTL2                                
00000160  TA0CTL                                  
0000012e  TA0IV                                   
00000170  TA0R                                    
00000192  TA1CCR0                                 
00000194  TA1CCR1                                 
00000196  TA1CCR2                                 
00000182  TA1CCTL0                                
00000184  TA1CCTL1                                
00000186  TA1CCTL2                                
00000180  TA1CTL                                  
0000011e  TA1IV                                   
00000190  TA1R                                    
000010db  TLV_ADC10_1_LEN                         
000010da  TLV_ADC10_1_TAG                         
000010c0  TLV_CHECKSUM                            
000010f7  TLV_DCO_30_LEN                          
000010f6  TLV_DCO_30_TAG                          
0000005d  UCA0ABCTL                               
00000062  UCA0BR0                                 
00000063  UCA0BR1                                 
00000060  UCA0CTL0                                
00000061  UCA0CTL1                                
0000005f  UCA0IRRCTL                              
0000005e  UCA0IRTCTL                              
00000064  UCA0MCTL                                
00000066  UCA0RXBUF                               
00000065  UCA0STAT                                
00000067  UCA0TXBUF                               
0000006a  UCB0BR0                                 
0000006b  UCB0BR1                                 
00000068  UCB0CTL0                                
00000069  UCB0CTL1                                
0000006c  UCB0I2CIE                               
00000118  UCB0I2COA                               
0000011a  UCB0I2CSA                               
0000006e  UCB0RXBUF                               
0000006d  UCB0STAT                                
0000006f  UCB0TXBUF                               
0000d4d0  USCI0RX_ISR                             
00000120  WDTCTL                                  
00000400  __STACK_END                             
00000050  __STACK_SIZE                            
0000ddc4  __TI_CINIT_Base                         
0000ddcc  __TI_CINIT_Limit                        
0000ddcc  __TI_CINIT_Warm                         
0000ddb4  __TI_Handler_Table_Base                 
0000ddba  __TI_Handler_Table_Limit                
0000dc92  __TI_ISR_TRAP                           
0000d44c  __TI_auto_init_nobinit_nopinit          
0000cbd6  __TI_decompress_lzss                    
0000dbd6  __TI_decompress_none                    
0000ffe0  __TI_int00                              
0000ffe4  __TI_int02                              
0000ffe6  __TI_int03                              
0000ffea  __TI_int05                              
0000ffec  __TI_int06                              
0000ffee  __TI_int07                              
0000fff0  __TI_int08                              
0000fff2  __TI_int09                              
0000fff4  __TI_int10                              
0000fff6  __TI_int11                              
0000fff8  __TI_int12                              
0000fffa  __TI_int13                              
0000fffc  __TI_int14                              
ffffffff  __TI_pprof_out_hndl                     
ffffffff  __TI_prof_data_size                     
ffffffff  __TI_prof_data_start                    
0000db86  __TI_zero_init_nomemset                 
ffffffff  __c_args__                              
0000c2d0  __mspabi_addf                           
0000d2e8  __mspabi_cmpf                           
0000ca12  __mspabi_divf                           
0000d84c  __mspabi_divi                           
0000db32  __mspabi_divu                           
0000ce86  __mspabi_fixfi                          
0000d3c2  __mspabi_fixfu                          
0000d724  __mspabi_fltif                          
0000dc70  __mspabi_func_epilog_1                  
0000dc6e  __mspabi_func_epilog_2                  
0000dc6c  __mspabi_func_epilog_3                  
0000dc6a  __mspabi_func_epilog_4                  
0000dc68  __mspabi_func_epilog_5                  
0000dc66  __mspabi_func_epilog_6                  
0000dc64  __mspabi_func_epilog_7                  
0000c7d8  __mspabi_mpyf                           
0000db9a  __mspabi_mpyi                           
0000db9a  __mspabi_mpyi_sw                        
0000dc88  __mspabi_negf                           
0000d84c  __mspabi_remi                           
0000db32  __mspabi_remu                           
0000d878  __mspabi_slli                           
0000d8a0  __mspabi_slli_1                         
0000d88e  __mspabi_slli_10                        
0000d88c  __mspabi_slli_11                        
0000d88a  __mspabi_slli_12                        
0000d888  __mspabi_slli_13                        
0000d886  __mspabi_slli_14                        
0000d884  __mspabi_slli_15                        
0000d89e  __mspabi_slli_2                         
0000d89c  __mspabi_slli_3                         
0000d89a  __mspabi_slli_4                         
0000d898  __mspabi_slli_5                         
0000d896  __mspabi_slli_6                         
0000d894  __mspabi_slli_7                         
0000d892  __mspabi_slli_8                         
0000d890  __mspabi_slli_9                         
0000d820  __mspabi_srai                           
0000d848  __mspabi_srai_1                         
0000d836  __mspabi_srai_10                        
0000d834  __mspabi_srai_11                        
0000d832  __mspabi_srai_12                        
0000d830  __mspabi_srai_13                        
0000d82e  __mspabi_srai_14                        
0000d82c  __mspabi_srai_15                        
0000d846  __mspabi_srai_2                         
0000d844  __mspabi_srai_3                         
0000d842  __mspabi_srai_4                         
0000d840  __mspabi_srai_5                         
0000d83e  __mspabi_srai_6                         
0000d83c  __mspabi_srai_7                         
0000d83a  __mspabi_srai_8                         
0000d838  __mspabi_srai_9                         
0000d252  __mspabi_srli                           
0000d298  __mspabi_srli_1                         
0000d274  __mspabi_srli_10                        
0000d270  __mspabi_srli_11                        
0000d26c  __mspabi_srli_12                        
0000d268  __mspabi_srli_13                        
0000d264  __mspabi_srli_14                        
0000d260  __mspabi_srli_15                        
0000d294  __mspabi_srli_2                         
0000d290  __mspabi_srli_3                         
0000d28c  __mspabi_srli_4                         
0000d288  __mspabi_srli_5                         
0000d284  __mspabi_srli_6                         
0000d280  __mspabi_srli_7                         
0000d27c  __mspabi_srli_8                         
0000d278  __mspabi_srli_9                         
0000c2ca  __mspabi_subf                           
0000da1e  _c_int00_noargs                         
0000dcb2  _ctypes_                                
0000fffe  _reset_vector                           
000003b0  _stack                                  
0000dcae  _system_post_cinit                      
0000dca6  _system_pre_init                        
0000dc9a  abort                                   
0000d072  atoi                                    
0000da00  beginReceptionI2C                       
0000da8e  beginTransmissionI2C                    
0000d0c4  boardInit                               
0000d7c2  checkCommStatusEEPROM                   
0000db72  checkCommStatusSerial                   
0000cc52  commStatusChecker                       
0000d9e0  conversionCharToBinaryArray             
0000ceee  conversionDataTypeToString              
0000ce1c  conversionStringToDataType              
0000d116  dataFrameTAPacking                      
0000d8a4  dataFrameTAUnpacking                    
0000da3a  drvDS18B20Init                          
0000dbfa  drvEEPROMInit                           
0000d168  drvI2CInit                              
0000cd3c  drvPWMInit                              
0000d332  drvSPIInit                              
0000dc54  drvSWInit                               
0000d8ce  drvSerialCommInit                       
0000d1b8  drvUARTInit                             
0000daa6  endTransactionI2C                       
0000d550  executeOnSwitchChange                   
0000c89c  floatToString                           
0000c624  gpioMode                                
0000d48e  gpioRead                                
0000d606  gpioToggle                              
0000cfb2  gpioWrite                               
00000278  hysteresis                              
0000027c  hysteresis_previous                     
0000cb48  intToString                             
0000dabe  isr_myPWM                               
0000dcb0  isr_myccr                               
0000db06  main                                    
0000dc0c  memcpy                                  
0000da56  modifyDC                                
0000029e  msp_pc_comm_flag                        
00000280  pwm_value                               
0000d6b4  readCharacterFromMemAddress             
0000dc7e  readCommStatus                          
0000d5ca  readCommStatusUART                      
0000d640  readDataFromEEPROM                      
0000d012  readStringFromMemAddress                
0000db1c  readSwitchState                         
0000dad6  readTemperatureDS18B20                  
0000daee  recieveCharacterI2C                     
0000d206  recieveDataSerialComm                   
0000029f  recovery_counter                        
0000ccca  sendByteSPI                             
00000284  set_point                               
00000288  set_point_previous                      
000002a0  step_response_flag                      
000002a1  step_response_mode                      
0000c528  stringToFloat                           
0000da72  systemInitFirst                         
0000dcaa  systemInitLast                          
0000028c  temperature_reading                     
0000029a  temperature_transmission_period         
0000029c  temperature_transmission_period_previous
0000dc1e  timerDelay                              
0000dbae  timerExpired                            
0000db48  timerInit                               
0000dbc2  timerStart                              
0000dca0  timer_isr                               
0000dc30  transmitCharacterI2C                    
0000dc42  transmitCharacterUART                   
0000d6ec  transmitDataSerialComm                  
0000d67a  writeDataIntoEEPROM                     
0000cf50  writeStringIntoMemAddress               


GLOBAL SYMBOLS: SORTED BY Symbol Address 

address   name                                    
-------   ----                                    
00000000  IE1                                     
00000001  IE2                                     
00000002  IFG1                                    
00000003  IFG2                                    
00000010  P3REN                                   
00000018  P3IN                                    
00000019  P3OUT                                   
0000001a  P3DIR                                   
0000001b  P3SEL                                   
00000020  P1IN                                    
00000021  P1OUT                                   
00000022  P1DIR                                   
00000023  P1IFG                                   
00000024  P1IES                                   
00000025  P1IE                                    
00000026  P1SEL                                   
00000027  P1REN                                   
00000028  P2IN                                    
00000029  P2OUT                                   
0000002a  P2DIR                                   
0000002b  P2IFG                                   
0000002c  P2IES                                   
0000002d  P2IE                                    
0000002e  P2SEL                                   
0000002f  P2REN                                   
00000041  P1SEL2                                  
00000042  P2SEL2                                  
00000043  P3SEL2                                  
00000048  ADC10DTC0                               
00000049  ADC10DTC1                               
0000004a  ADC10AE0                                
00000050  __STACK_SIZE                            
00000053  BCSCTL3                                 
00000056  DCOCTL                                  
00000057  BCSCTL1                                 
00000058  BCSCTL2                                 
00000059  CACTL1                                  
0000005a  CACTL2                                  
0000005b  CAPD                                    
0000005d  UCA0ABCTL                               
0000005e  UCA0IRTCTL                              
0000005f  UCA0IRRCTL                              
00000060  UCA0CTL0                                
00000061  UCA0CTL1                                
00000062  UCA0BR0                                 
00000063  UCA0BR1                                 
00000064  UCA0MCTL                                
00000065  UCA0STAT                                
00000066  UCA0RXBUF                               
00000067  UCA0TXBUF                               
00000068  UCB0CTL0                                
00000069  UCB0CTL1                                
0000006a  UCB0BR0                                 
0000006b  UCB0BR1                                 
0000006c  UCB0I2CIE                               
0000006d  UCB0STAT                                
0000006e  UCB0RXBUF                               
0000006f  UCB0TXBUF                               
00000118  UCB0I2COA                               
0000011a  UCB0I2CSA                               
0000011e  TA1IV                                   
00000120  WDTCTL                                  
00000128  FCTL1                                   
0000012a  FCTL2                                   
0000012c  FCTL3                                   
0000012e  TA0IV                                   
00000160  TA0CTL                                  
00000162  TA0CCTL0                                
00000164  TA0CCTL1                                
00000166  TA0CCTL2                                
00000170  TA0R                                    
00000172  TA0CCR0                                 
00000174  TA0CCR1                                 
00000176  TA0CCR2                                 
00000180  TA1CTL                                  
00000182  TA1CCTL0                                
00000184  TA1CCTL1                                
00000186  TA1CCTL2                                
00000190  TA1R                                    
00000192  TA1CCR0                                 
00000194  TA1CCR1                                 
00000196  TA1CCR2                                 
000001b0  ADC10CTL0                               
000001b2  ADC10CTL1                               
000001b4  ADC10MEM                                
000001bc  ADC10SA                                 
00000278  hysteresis                              
0000027c  hysteresis_previous                     
00000280  pwm_value                               
00000284  set_point                               
00000288  set_point_previous                      
0000028c  temperature_reading                     
0000029a  temperature_transmission_period         
0000029c  temperature_transmission_period_previous
0000029e  msp_pc_comm_flag                        
0000029f  recovery_counter                        
000002a0  step_response_flag                      
000002a1  step_response_mode                      
000003b0  _stack                                  
00000400  __STACK_END                             
000010c0  TLV_CHECKSUM                            
000010da  TLV_ADC10_1_TAG                         
000010db  TLV_ADC10_1_LEN                         
000010f6  TLV_DCO_30_TAG                          
000010f7  TLV_DCO_30_LEN                          
000010f8  CALDCO_16MHZ                            
000010f9  CALBC1_16MHZ                            
000010fa  CALDCO_12MHZ                            
000010fb  CALBC1_12MHZ                            
000010fc  CALDCO_8MHZ                             
000010fd  CALBC1_8MHZ                             
000010fe  CALDCO_1MHZ                             
000010ff  CALBC1_1MHZ                             
0000c178  AppRun                                  
0000c2ca  __mspabi_subf                           
0000c2d0  __mspabi_addf                           
0000c528  stringToFloat                           
0000c624  gpioMode                                
0000c700  AppInit                                 
0000c7d8  __mspabi_mpyf                           
0000c89c  floatToString                           
0000ca12  __mspabi_divf                           
0000cb48  intToString                             
0000cbd6  __TI_decompress_lzss                    
0000cc52  commStatusChecker                       
0000ccca  sendByteSPI                             
0000cd3c  drvPWMInit                              
0000ce1c  conversionStringToDataType              
0000ce86  __mspabi_fixfi                          
0000ceee  conversionDataTypeToString              
0000cf50  writeStringIntoMemAddress               
0000cfb2  gpioWrite                               
0000d012  readStringFromMemAddress                
0000d072  atoi                                    
0000d0c4  boardInit                               
0000d116  dataFrameTAPacking                      
0000d168  drvI2CInit                              
0000d1b8  drvUARTInit                             
0000d206  recieveDataSerialComm                   
0000d252  __mspabi_srli                           
0000d260  __mspabi_srli_15                        
0000d264  __mspabi_srli_14                        
0000d268  __mspabi_srli_13                        
0000d26c  __mspabi_srli_12                        
0000d270  __mspabi_srli_11                        
0000d274  __mspabi_srli_10                        
0000d278  __mspabi_srli_9                         
0000d27c  __mspabi_srli_8                         
0000d280  __mspabi_srli_7                         
0000d284  __mspabi_srli_6                         
0000d288  __mspabi_srli_5                         
0000d28c  __mspabi_srli_4                         
0000d290  __mspabi_srli_3                         
0000d294  __mspabi_srli_2                         
0000d298  __mspabi_srli_1                         
0000d2e8  __mspabi_cmpf                           
0000d332  drvSPIInit                              
0000d3c2  __mspabi_fixfu                          
0000d44c  __TI_auto_init_nobinit_nopinit          
0000d48e  gpioRead                                
0000d4d0  USCI0RX_ISR                             
0000d550  executeOnSwitchChange                   
0000d5ca  readCommStatusUART                      
0000d606  gpioToggle                              
0000d640  readDataFromEEPROM                      
0000d67a  writeDataIntoEEPROM                     
0000d6b4  readCharacterFromMemAddress             
0000d6ec  transmitDataSerialComm                  
0000d724  __mspabi_fltif                          
0000d7c2  checkCommStatusEEPROM                   
0000d820  __mspabi_srai                           
0000d82c  __mspabi_srai_15                        
0000d82e  __mspabi_srai_14                        
0000d830  __mspabi_srai_13                        
0000d832  __mspabi_srai_12                        
0000d834  __mspabi_srai_11                        
0000d836  __mspabi_srai_10                        
0000d838  __mspabi_srai_9                         
0000d83a  __mspabi_srai_8                         
0000d83c  __mspabi_srai_7                         
0000d83e  __mspabi_srai_6                         
0000d840  __mspabi_srai_5                         
0000d842  __mspabi_srai_4                         
0000d844  __mspabi_srai_3                         
0000d846  __mspabi_srai_2                         
0000d848  __mspabi_srai_1                         
0000d84c  __mspabi_divi                           
0000d84c  __mspabi_remi                           
0000d878  __mspabi_slli                           
0000d884  __mspabi_slli_15                        
0000d886  __mspabi_slli_14                        
0000d888  __mspabi_slli_13                        
0000d88a  __mspabi_slli_12                        
0000d88c  __mspabi_slli_11                        
0000d88e  __mspabi_slli_10                        
0000d890  __mspabi_slli_9                         
0000d892  __mspabi_slli_8                         
0000d894  __mspabi_slli_7                         
0000d896  __mspabi_slli_6                         
0000d898  __mspabi_slli_5                         
0000d89a  __mspabi_slli_4                         
0000d89c  __mspabi_slli_3                         
0000d89e  __mspabi_slli_2                         
0000d8a0  __mspabi_slli_1                         
0000d8a4  dataFrameTAUnpacking                    
0000d8ce  drvSerialCommInit                       
0000d9e0  conversionCharToBinaryArray             
0000da00  beginReceptionI2C                       
0000da1e  _c_int00_noargs                         
0000da3a  drvDS18B20Init                          
0000da56  modifyDC                                
0000da72  systemInitFirst                         
0000da8e  beginTransmissionI2C                    
0000daa6  endTransactionI2C                       
0000dabe  isr_myPWM                               
0000dad6  readTemperatureDS18B20                  
0000daee  recieveCharacterI2C                     
0000db06  main                                    
0000db1c  readSwitchState                         
0000db32  __mspabi_divu                           
0000db32  __mspabi_remu                           
0000db48  timerInit                               
0000db72  checkCommStatusSerial                   
0000db86  __TI_zero_init_nomemset                 
0000db9a  __mspabi_mpyi                           
0000db9a  __mspabi_mpyi_sw                        
0000dbae  timerExpired                            
0000dbc2  timerStart                              
0000dbd6  __TI_decompress_none                    
0000dbfa  drvEEPROMInit                           
0000dc0c  memcpy                                  
0000dc1e  timerDelay                              
0000dc30  transmitCharacterI2C                    
0000dc42  transmitCharacterUART                   
0000dc54  drvSWInit                               
0000dc64  __mspabi_func_epilog_7                  
0000dc66  __mspabi_func_epilog_6                  
0000dc68  __mspabi_func_epilog_5                  
0000dc6a  __mspabi_func_epilog_4                  
0000dc6c  __mspabi_func_epilog_3                  
0000dc6e  __mspabi_func_epilog_2                  
0000dc70  __mspabi_func_epilog_1                  
0000dc74  RXInterruptUART                         
0000dc7e  readCommStatus                          
0000dc88  __mspabi_negf                           
0000dc92  __TI_ISR_TRAP                           
0000dc9a  C$$EXIT                                 
0000dc9a  abort                                   
0000dca0  timer_isr                               
0000dca6  _system_pre_init                        
0000dcaa  systemInitLast                          
0000dcae  _system_post_cinit                      
0000dcb0  isr_myccr                               
0000dcb2  _ctypes_                                
0000ddb4  __TI_Handler_Table_Base                 
0000ddba  __TI_Handler_Table_Limit                
0000ddc4  __TI_CINIT_Base                         
0000ddcc  __TI_CINIT_Limit                        
0000ddcc  __TI_CINIT_Warm                         
0000ffe0  __TI_int00                              
0000ffe4  __TI_int02                              
0000ffe6  __TI_int03                              
0000ffea  __TI_int05                              
0000ffec  __TI_int06                              
0000ffee  __TI_int07                              
0000fff0  __TI_int08                              
0000fff2  __TI_int09                              
0000fff4  __TI_int10                              
0000fff6  __TI_int11                              
0000fff8  __TI_int12                              
0000fffa  __TI_int13                              
0000fffc  __TI_int14                              
0000fffe  _reset_vector                           
ffffffff  __TI_pprof_out_hndl                     
ffffffff  __TI_prof_data_size                     
ffffffff  __TI_prof_data_start                    
ffffffff  __c_args__                              

[277 symbols]
